Component: ARM Compiler 5.06 update 7 (build 960) Tool: armlink [4d3601]

==============================================================================

Section Cross References

    main_svc.o(i.main) refers to system_lpc17xx.o(i.SystemInit) for SystemInit
    main_svc.o(i.main) refers to uart_polling.o(i.uart_init) for uart_init
    main_svc.o(i.main) refers to printf.o(i.init_printf) for init_printf
    main_svc.o(i.main) refers to ae.o(i.ae_init) for ae_init
    main_svc.o(i.main) refers to uart_polling.o(i.putc) for putc
    main_svc.o(i.main) refers to main_svc.o(i.pre_rtx_init) for pre_rtx_init
    main_svc.o(i.main) refers to k_rtx_init.o(i.k_rtx_init) for k_rtx_init
    printf.o(i.a2i) refers to printf.o(i.a2d) for a2d
    printf.o(i.i2a) refers to printf.o(i.ui2a) for ui2a
    printf.o(i.init_printf) refers to printf.o(.data) for .data
    printf.o(i.tfp_format) refers to printf.o(i.a2i) for a2i
    printf.o(i.tfp_format) refers to printf.o(i.ui2a) for ui2a
    printf.o(i.tfp_format) refers to printf.o(i.putchw) for putchw
    printf.o(i.tfp_format) refers to printf.o(i.i2a) for i2a
    printf.o(i.tfp_printf) refers to printf.o(i.tfp_format) for tfp_format
    printf.o(i.tfp_printf) refers to printf.o(.data) for .data
    printf.o(i.tfp_sprintf) refers to printf.o(i.tfp_format) for tfp_format
    printf.o(i.tfp_sprintf) refers to printf.o(i.putcp) for putcp
    uart_polling.o(i.putc) refers to uart_polling.o(i.uart_put_string) for uart_put_string
    uart_polling.o(i.putc) refers to uart_polling.o(i.uart_put_char) for uart_put_char
    uart_polling.o(i.uart_put_string) refers to uart_polling.o(i.uart_put_char) for uart_put_char
    k_memory.o(i.alloc_stack) refers to k_memory.o(.data) for .data
    k_memory.o(i.get_block_index) refers to printf.o(i.tfp_printf) for tfp_printf
    k_memory.o(i.get_block_index) refers to k_memory.o(.data) for .data
    k_memory.o(i.get_block_index) refers to k_memory.o(.conststring) for .conststring
    k_memory.o(i.k_release_memory_block) refers to printf.o(i.tfp_printf) for tfp_printf
    k_memory.o(i.k_release_memory_block) refers to k_memory.o(i.get_block_index) for get_block_index
    k_memory.o(i.k_release_memory_block) refers to k_rtx.o(i.set_unprivileged) for set_unprivileged
    k_memory.o(i.k_release_memory_block) refers to queue.o(i.empty) for empty
    k_memory.o(i.k_release_memory_block) refers to queue.o(i.enqueue) for enqueue
    k_memory.o(i.k_release_memory_block) refers to k_process.o(i.k_get_process_priority) for k_get_process_priority
    k_memory.o(i.k_release_memory_block) refers to k_process.o(i.k_release_processor) for k_release_processor
    k_memory.o(i.k_release_memory_block) refers to queue.o(i.dequeue) for dequeue
    k_memory.o(i.k_release_memory_block) refers to k_memory.o(.data) for .data
    k_memory.o(i.k_release_memory_block) refers to k_process.o(.data) for gp_current_process
    k_memory.o(i.k_release_memory_block) refers to k_memory.o(.conststring) for .conststring
    k_memory.o(i.k_request_memory_block) refers to k_memory.o(i.k_request_memory_block_nb) for k_request_memory_block_nb
    k_memory.o(i.k_request_memory_block) refers to k_rtx.o(i.set_unprivileged) for set_unprivileged
    k_memory.o(i.k_request_memory_block) refers to k_process.o(i.k_get_process_priority) for k_get_process_priority
    k_memory.o(i.k_request_memory_block) refers to printf.o(i.tfp_printf) for tfp_printf
    k_memory.o(i.k_request_memory_block) refers to queue.o(i.move_elt_if) for move_elt_if
    k_memory.o(i.k_request_memory_block) refers to k_process.o(i.k_release_processor) for k_release_processor
    k_memory.o(i.k_request_memory_block) refers to k_process.o(.data) for gp_current_process
    k_memory.o(i.k_request_memory_block) refers to k_memory.o(.conststring) for .conststring
    k_memory.o(i.k_request_memory_block) refers to k_process.o(i.pcb_node_is_pid) for pcb_node_is_pid
    k_memory.o(i.k_request_memory_block_nb) refers to queue.o(i.dequeue) for dequeue
    k_memory.o(i.k_request_memory_block_nb) refers to printf.o(i.tfp_printf) for tfp_printf
    k_memory.o(i.k_request_memory_block_nb) refers to k_memory.o(i.get_block_index) for get_block_index
    k_memory.o(i.k_request_memory_block_nb) refers to k_rtx.o(i.set_unprivileged) for set_unprivileged
    k_memory.o(i.k_request_memory_block_nb) refers to k_memory.o(.data) for .data
    k_memory.o(i.k_request_memory_block_nb) refers to k_memory.o(.conststring) for .conststring
    k_memory.o(i.k_request_memory_block_nb) refers to k_process.o(.data) for gp_current_process
    k_memory.o(i.memory_init) refers to printf.o(i.tfp_printf) for tfp_printf
    k_memory.o(i.memory_init) refers to queue.o(i.enqueue) for enqueue
    k_memory.o(i.memory_init) refers to k_memory.o(i.get_block_index) for get_block_index
    k_memory.o(i.memory_init) refers to k_process.o(.data) for gp_pcbs
[...]
    k_msg.o(i.k_send_message) refers to k_msg.o(.conststring) for .conststring
    k_process.o(i.k_get_process_by_pid) refers to printf.o(i.tfp_printf) for tfp_printf
    k_process.o(i.k_get_process_by_pid) refers to k_process.o(.data) for .data
    k_process.o(i.k_get_process_by_pid) refers to k_process.o(.conststring) for .conststring
    k_process.o(i.k_get_process_priority) refers to k_process.o(i.k_get_process_by_pid) for k_get_process_by_pid
    k_process.o(i.k_get_process_priority) refers to printf.o(i.tfp_printf) for tfp_printf
    k_process.o(i.k_get_process_priority) refers to k_process.o(.conststring) for .conststring
    k_process.o(i.k_release_processor) refers to k_process.o(i.k_get_process_priority) for k_get_process_priority
    k_process.o(i.k_release_processor) refers to printf.o(i.tfp_printf) for tfp_printf
    k_process.o(i.k_release_processor) refers to queue.o(i.move_elt_if) for move_elt_if
    k_process.o(i.k_release_processor) refers to k_process.o(i.scheduler) for scheduler
    k_process.o(i.k_release_processor) refers to k_rtx.o(i.set_unprivileged) for set_unprivileged
    k_process.o(i.k_release_processor) refers to k_process.o(i.process_switch) for process_switch
    k_process.o(i.k_release_processor) refers to k_process.o(.data) for .data
    k_process.o(i.k_release_processor) refers to k_process.o(.conststring) for .conststring
    k_process.o(i.k_release_processor) refers to k_process.o(i.pcb_node_is_pid) for pcb_node_is_pid
    k_process.o(i.k_set_process_priority) refers to printf.o(i.tfp_printf) for tfp_printf
    k_process.o(i.k_set_process_priority) refers to k_rtx.o(i.set_unprivileged) for set_unprivileged
    k_process.o(i.k_set_process_priority) refers to k_process.o(i.k_get_process_priority) for k_get_process_priority
    k_process.o(i.k_set_process_priority) refers to queue.o(i.move_elt_if) for move_elt_if
    k_process.o(i.k_set_process_priority) refers to k_process.o(i.k_get_process_by_pid) for k_get_process_by_pid
    k_process.o(i.k_set_process_priority) refers to k_process.o(i.k_release_processor) for k_release_processor
    k_process.o(i.k_set_process_priority) refers to k_process.o(.conststring) for .conststring
    k_process.o(i.k_set_process_priority) refers to k_process.o(.data) for .data
    k_process.o(i.k_set_process_priority) refers to k_process.o(i.pcb_node_is_pid) for pcb_node_is_pid
    k_process.o(i.null_process) refers to printf.o(i.tfp_printf) for tfp_printf
    k_process.o(i.pcb_node_is_pid) refers to printf.o(i.tfp_printf) for tfp_printf
    k_process.o(i.pcb_node_is_pid) refers to k_process.o(.conststring) for .conststring
    k_process.o(i.process_init) refers to printf.o(i.tfp_printf) for tfp_printf
    k_process.o(i.process_init) refers to queue.o(i.enqueue) for enqueue
    k_process.o(i.process_init) refers to k_memory.o(i.alloc_stack) for alloc_stack
    k_process.o(i.process_init) refers to k_process.o(.bss) for .bss
    k_process.o(i.process_init) refers to k_process.o(.data) for .data
    k_process.o(i.process_init) refers to k_process.o(i.null_process) for null_process
    k_process.o(i.process_switch) refers to hal.o(.emb_text) for __rte
    k_process.o(i.process_switch) refers to printf.o(i.tfp_printf) for tfp_printf
    k_process.o(i.process_switch) refers to k_process.o(.data) for .data
    k_process.o(i.process_switch) refers to k_process.o(.conststring) for .conststring
    k_process.o(i.scheduler) refers to queue.o(i.empty) for empty
    k_process.o(i.scheduler) refers to queue.o(i.dequeue) for dequeue
    k_process.o(i.scheduler) refers to printf.o(i.tfp_printf) for tfp_printf
    k_process.o(i.scheduler) refers to queue.o(i.enqueue) for enqueue
    k_process.o(i.scheduler) refers to k_process.o(.data) for .data
    k_process.o(i.scheduler) refers to k_process.o(.conststring) for .conststring
    k_rtx_init.o(i.k_rtx_init) refers to k_memory.o(i.memory_init) for memory_init
    k_rtx_init.o(i.k_rtx_init) refers to k_process.o(i.process_init) for process_init
    k_rtx_init.o(i.k_rtx_init) refers to k_process.o(i.k_release_processor) for k_release_processor
    queue.o(i.delete_elt_if) refers to queue.o(i.empty) for empty
    queue.o(i.delete_elt_if) refers to printf.o(i.tfp_printf) for tfp_printf
    queue.o(i.delete_elt_if) refers to queue.o(i.single_element_or_empty) for single_element_or_empty
    queue.o(i.dequeue) refers to queue.o(i.empty) for empty
    queue.o(i.dequeue) refers to printf.o(i.tfp_printf) for tfp_printf
    queue.o(i.dequeue) refers to queue.o(i.single_element_or_empty) for single_element_or_empty
    queue.o(i.enqueue) refers to queue.o(i.empty) for empty
    queue.o(i.enqueue) refers to printf.o(i.tfp_printf) for tfp_printf
    queue.o(i.get_elt_if) refers to printf.o(i.tfp_printf) for tfp_printf
    queue.o(i.move_elt_if) refers to queue.o(i.delete_elt_if) for delete_elt_if
    queue.o(i.move_elt_if) refers to printf.o(i.tfp_printf) for tfp_printf
    queue.o(i.move_elt_if) refers to queue.o(i.enqueue) for enqueue
    ae.o(i.ae_init) refers to ae.o(i.ae_set_proc_info) for ae_set_proc_info
    ae.o(i.ae_set_proc_info) refers to ae_proc112.o(i.set_test_procs) for set_test_procs
    ae_util.o(i.HardFault_Handler) refers to printf.o(i.tfp_printf) for tfp_printf
    ae_util.o(i.HardFault_Handler) refers to ae_util.o(i.test_abort) for test_abort
    ae_util.o(i.HardFault_Handler) refers to ae_proc112.o(.constdata) for PREFIX
    ae_util.o(i.HardFault_Handler) refers to ae_proc112.o(.bss) for g_ae_xtest
    ae_util.o(i.print_log) refers to printf.o(i.tfp_printf) for tfp_printf
    ae_util.o(i.print_log) refers to ae_proc112.o(.constdata) for PREFIX_LOG
    ae_util.o(i.print_results) refers to ae_util.o(i.count_set_bits) for count_set_bits
    ae_util.o(i.print_results) refers to printf.o(i.tfp_printf) for tfp_printf
    ae_util.o(i.print_results) refers to ae_proc112.o(.bss) for g_ae_xtest
    ae_util.o(i.print_results) refers to ae_proc112.o(.constdata) for PREFIX_LOG
    ae_util.o(i.print_summary) refers to ae_util.o(i.print_results) for print_results
    ae_util.o(i.print_summary) refers to printf.o(i.tfp_printf) for tfp_printf
    ae_util.o(i.print_summary) refers to ae.o(i.ae_exit) for ae_exit
    ae_util.o(i.print_summary) refers to ae_proc112.o(.bss) for g_ae_cases
    ae_util.o(i.print_summary) refers to ae_proc112.o(.constdata) for PREFIX
    ae_util.o(i.process_sub_result) refers to ae_util.o(i.print_log) for print_log
    ae_util.o(i.process_sub_result) refers to ae_proc112.o(.bss) for g_ae_cases
    ae_util.o(i.test_abort) refers to printf.o(i.tfp_printf) for tfp_printf
    ae_util.o(i.test_abort) refers to ae_util.o(i.print_summary) for print_summary
    ae_util.o(i.test_abort) refers to ae_proc112.o(.bss) for g_ae_xtest
    ae_util.o(i.test_abort) refers to ae_proc112.o(.constdata) for PREFIX
    ae_util.o(i.test_exit) refers to printf.o(i.tfp_printf) for tfp_printf
    ae_util.o(i.test_exit) refers to ae_util.o(i.print_summary) for print_summary
    ae_util.o(i.test_exit) refers to ae_proc112.o(.constdata) for PREFIX
    ae_proc112.o(i.check_exec_seq) refers to printf.o(i.tfp_printf) for tfp_printf
    ae_proc112.o(i.check_exec_seq) refers to ae_util.o(i.strcpy) for strcpy
    ae_proc112.o(i.check_exec_seq) refers to ae_util.o(i.process_sub_result) for process_sub_result
    ae_proc112.o(i.check_exec_seq) refers to ae_util.o(i.test_exit) for test_exit
    ae_proc112.o(i.check_exec_seq) refers to ae_proc112.o(.bss) for g_tsk_cases
    ae_proc112.o(i.check_exec_seq) refers to ae_proc112.o(.constdata) for PREFIX_LOG
    ae_proc112.o(i.gen_req0) refers to ae_proc112.o(i.update_ae_xtest) for update_ae_xtest
    ae_proc112.o(i.gen_req0) refers to ae_proc112.o(.bss) for g_tsk_cases
    ae_proc112.o(i.gen_req1) refers to ae_proc112.o(i.update_ae_xtest) for update_ae_xtest
    ae_proc112.o(i.gen_req1) refers to ae_proc112.o(.bss) for g_tsk_cases
    ae_proc112.o(i.init_ae_tsk_test) refers to printf.o(i.tfp_printf) for tfp_printf
    ae_proc112.o(i.init_ae_tsk_test) refers to ae_proc112.o(.bss) for g_ae_xtest
    ae_proc112.o(i.init_ae_tsk_test) refers to ae_proc112.o(.constdata) for PREFIX
    ae_proc112.o(i.proc1) refers to ae_proc112.o(i.update_exec_seq) for update_exec_seq
    ae_proc112.o(i.proc1) refers to uart_polling.o(i.uart_put_string) for uart_put_string
    ae_proc112.o(i.proc1) refers to uart_polling.o(i.uart_put_char) for uart_put_char
    ae_proc112.o(i.proc1) refers to k_memory.o(i.k_request_memory_block) for k_request_memory_block
    ae_proc112.o(i.proc2) refers to ae_proc112.o(i.test0_start) for test0_start
    ae_proc112.o(i.proc2) refers to ae_proc112.o(i.update_exec_seq) for update_exec_seq
    ae_proc112.o(i.proc2) refers to uart_polling.o(i.uart_put_string) for uart_put_string
    ae_proc112.o(i.proc2) refers to printf.o(i.tfp_printf) for tfp_printf
    ae_proc112.o(i.proc2) refers to ae_util.o(i.process_sub_result) for process_sub_result
    ae_proc112.o(i.proc2) refers to uart_polling.o(i.uart_put_char) for uart_put_char
    ae_proc112.o(i.proc2) refers to printf.o(i.tfp_sprintf) for tfp_sprintf
    ae_proc112.o(i.proc2) refers to ae_proc112.o(.bss) for g_ae_xtest
    ae_proc112.o(i.proc2) refers to k_memory.o(i.k_request_memory_block) for k_request_memory_block
    ae_proc112.o(i.proc2) refers to k_process.o(i.k_set_process_priority) for k_set_process_priority
    ae_proc112.o(i.proc2) refers to ae_proc112.o(.constdata) for PREFIX_LOG2
    ae_proc112.o(i.proc2) refers to k_memory.o(i.k_release_memory_block) for k_release_memory_block
    ae_proc112.o(i.proc2) refers to k_process.o(i.k_release_processor) for k_release_processor
    ae_proc112.o(i.proc3) refers to uart_polling.o(i.uart_put_string) for uart_put_string
    ae_proc112.o(i.proc3) refers to ae_proc112.o(i.update_exec_seq) for update_exec_seq
    ae_proc112.o(i.proc3) refers to ae_proc112.o(i.test1_start) for test1_start
    ae_proc112.o(i.proc3) refers to k_process.o(i.k_release_processor) for k_release_processor
    ae_proc112.o(i.proc4) refers to uart_polling.o(i.uart_put_string) for uart_put_string
    ae_proc112.o(i.proc4) refers to ae_proc112.o(i.update_exec_seq) for update_exec_seq
    ae_proc112.o(i.proc4) refers to ae_proc112.o(i.test1_start) for test1_start
    ae_proc112.o(i.proc4) refers to k_process.o(i.k_release_processor) for k_release_processor
    ae_proc112.o(i.proc5) refers to uart_polling.o(i.uart_put_string) for uart_put_string
    ae_proc112.o(i.proc5) refers to ae_proc112.o(i.check_exec_seq) for check_exec_seq
    ae_proc112.o(i.proc5) refers to k_process.o(i.k_release_processor) for k_release_processor
    ae_proc112.o(i.proc6) refers to uart_polling.o(i.uart_put_string) for uart_put_string
    ae_proc112.o(i.proc6) refers to ae_proc112.o(i.check_exec_seq) for check_exec_seq
    ae_proc112.o(i.proc6) refers to k_process.o(i.k_release_processor) for k_release_processor
    ae_proc112.o(i.set_test_procs) refers to ae_proc112.o(i.init_ae_tsk_test) for init_ae_tsk_test
    ae_proc112.o(i.set_test_procs) refers to ae_proc112.o(i.proc1) for proc1
    ae_proc112.o(i.set_test_procs) refers to ae_proc112.o(i.proc2) for proc2
    ae_proc112.o(i.set_test_procs) refers to ae_proc112.o(i.proc3) for proc3
    ae_proc112.o(i.set_test_procs) refers to ae_proc112.o(i.proc4) for proc4
    ae_proc112.o(i.set_test_procs) refers to ae_proc112.o(i.proc5) for proc5
    ae_proc112.o(i.set_test_procs) refers to ae_proc112.o(i.proc6) for proc6
    ae_proc112.o(i.test0_start) refers to ae_proc112.o(i.gen_req0) for gen_req0
    ae_proc112.o(i.test1_start) refers to ae_proc112.o(i.gen_req1) for gen_req1
    ae_proc112.o(i.test1_start) refers to ae_proc112.o(i.check_exec_seq) for check_exec_seq
    ae_proc112.o(i.update_ae_xtest) refers to ae_proc112.o(.bss) for g_ae_xtest
    ae_proc112.o(i.update_exec_seq) refers to ae_proc112.o(.bss) for g_tsk_cases
    startup_lpc17xx.o(STACK) refers (Special) to heapauxi.o(.text) for __use_two_region_memory
    startup_lpc17xx.o(HEAP) refers (Special) to heapauxi.o(.text) for __use_two_region_memory
    startup_lpc17xx.o(RESET) refers (Special) to heapauxi.o(.text) for __use_two_region_memory
    startup_lpc17xx.o(RESET) refers to startup_lpc17xx.o(STACK) for __initial_sp
    startup_lpc17xx.o(RESET) refers to startup_lpc17xx.o(.text) for Reset_Handler
    startup_lpc17xx.o(RESET) refers to ae_util.o(i.HardFault_Handler) for HardFault_Handler
    startup_lpc17xx.o(RESET) refers to hal.o(.emb_text) for SVC_Handler
    startup_lpc17xx.o(.ARM.__at_0x02FC) refers (Special) to heapauxi.o(.text) for __use_two_region_memory
    startup_lpc17xx.o(.text) refers (Special) to heapauxi.o(.text) for __use_two_region_memory
    startup_lpc17xx.o(.text) refers to system_lpc17xx.o(i.SystemInit) for SystemInit
    startup_lpc17xx.o(.text) refers to __main.o(!!!main) for __main
    startup_lpc17xx.o(.text) refers to startup_lpc17xx.o(HEAP) for Heap_Mem
    startup_lpc17xx.o(.text) refers to startup_lpc17xx.o(STACK) for Stack_Mem
    system_lpc17xx.o(i.SystemCoreClockUpdate) refers to lludivv7m.o(.text) for __aeabi_uldivmod
    system_lpc17xx.o(i.SystemCoreClockUpdate) refers to system_lpc17xx.o(.data) for .data
    __main.o(!!!main) refers to __rtentry.o(.ARM.Collect$$rtentry$$00000000) for __rt_entry
    __rtentry.o(.ARM.Collect$$rtentry$$00000000) refers (Special) to __rtentry2.o(.ARM.Collect$$rtentry$$0000000A) for __rt_entry_li
    __rtentry.o(.ARM.Collect$$rtentry$$00000000) refers (Special) to __rtentry2.o(.ARM.Collect$$rtentry$$0000000D) for __rt_entry_main
    __rtentry.o(.ARM.Collect$$rtentry$$00000000) refers (Special) to __rtentry2.o(.ARM.Collect$$rtentry$$0000000C) for __rt_entry_postli_1
    __rtentry.o(.ARM.Collect$$rtentry$$00000000) refers (Special) to __rtentry2.o(.ARM.Collect$$rtentry$$00000009) for __rt_entry_postsh_1
    __rtentry.o(.ARM.Collect$$rtentry$$00000000) refers (Special) to __rtentry2.o(.ARM.Collect$$rtentry$$00000002) for __rt_entry_presh_1
    __rtentry.o(.ARM.Collect$$rtentry$$00000000) refers (Special) to __rtentry4.o(.ARM.Collect$$rtentry$$00000004) for __rt_entry_sh
    aeabi_ldiv0_sigfpe.o(.text) refers to rt_div0.o(.text) for __rt_div0
    __rtentry2.o(.ARM.Collect$$rtentry$$00000008) refers to boardinit2.o(.text) for _platform_post_stackheap_init
    __rtentry2.o(.ARM.Collect$$rtentry$$0000000A) refers to libinit.o(.ARM.Collect$$libinit$$00000000) for __rt_lib_init
    __rtentry2.o(.ARM.Collect$$rtentry$$0000000B) refers to boardinit3.o(.text) for _platform_post_lib_init
    __rtentry2.o(.ARM.Collect$$rtentry$$0000000D) refers to main_svc.o(i.main) for main
    __rtentry2.o(.ARM.Collect$$rtentry$$0000000D) refers to exit.o(.text) for exit
    __rtentry2.o(.ARM.exidx) refers to __rtentry2.o(.ARM.Collect$$rtentry$$00000001) for .ARM.Collect$$rtentry$$00000001
    __rtentry2.o(.ARM.exidx) refers to __rtentry2.o(.ARM.Collect$$rtentry$$00000008) for .ARM.Collect$$rtentry$$00000008
    __rtentry2.o(.ARM.exidx) refers to __rtentry2.o(.ARM.Collect$$rtentry$$0000000A) for .ARM.Collect$$rtentry$$0000000A
    __rtentry2.o(.ARM.exidx) refers to __rtentry2.o(.ARM.Collect$$rtentry$$0000000B) for .ARM.Collect$$rtentry$$0000000B
    __rtentry2.o(.ARM.exidx) refers to __rtentry2.o(.ARM.Collect$$rtentry$$0000000D) for .ARM.Collect$$rtentry$$0000000D
    __rtentry4.o(.ARM.Collect$$rtentry$$00000004) refers to sys_stackheap_outer.o(.text) for __user_setup_stackheap
    __rtentry4.o(.ARM.exidx) refers to __rtentry4.o(.ARM.Collect$$rtentry$$00000004) for .ARM.Collect$$rtentry$$00000004
    rt_div0.o(.text) refers to defsig_fpe_outer.o(.text) for __rt_SIGFPE
    sys_stackheap_outer.o(.text) refers to libspace.o(.text) for __user_perproc_libspace
    sys_stackheap_outer.o(.text) refers to startup_lpc17xx.o(.text) for __user_initial_stackheap
    exit.o(.text) refers to rtexit.o(.ARM.Collect$$rtexit$$00000000) for __rt_exit
    defsig_fpe_outer.o(.text) refers to defsig_fpe_inner.o(.text) for __rt_SIGFPE_inner
    defsig_fpe_outer.o(.text) refers to defsig_exit.o(.text) for __sig_exit
    defsig_fpe_formal.o(.text) refers to rt_raise.o(.text) for __rt_raise
    libinit.o(.ARM.Collect$$libinit$$00000000) refers (Special) to libinit2.o(.ARM.Collect$$libinit$$0000002E) for __rt_lib_init_alloca_1
    libinit.o(.ARM.Collect$$libinit$$00000000) refers (Special) to libinit2.o(.ARM.Collect$$libinit$$0000002C) for __rt_lib_init_argv_1
    libinit.o(.ARM.Collect$$libinit$$00000000) refers (Special) to libinit2.o(.ARM.Collect$$libinit$$0000001B) for __rt_lib_init_atexit_1
    libinit.o(.ARM.Collect$$libinit$$00000000) refers (Special) to libinit2.o(.ARM.Collect$$libinit$$00000021) for __rt_lib_init_clock_1
    libinit.o(.ARM.Collect$$libinit$$00000000) refers (Special) to libinit2.o(.ARM.Collect$$libinit$$00000032) for __rt_lib_init_cpp_1
    libinit.o(.ARM.Collect$$libinit$$00000000) refers (Special) to libinit2.o(.ARM.Collect$$libinit$$00000030) for __rt_lib_init_exceptions_1
    libinit.o(.ARM.Collect$$libinit$$00000000) refers (Special) to libinit2.o(.ARM.Collect$$libinit$$00000002) for __rt_lib_init_fp_1
    libinit.o(.ARM.Collect$$libinit$$00000000) refers (Special) to libinit2.o(.ARM.Collect$$libinit$$0000001F) for __rt_lib_init_fp_trap_1
    libinit.o(.ARM.Collect$$libinit$$00000000) refers (Special) to libinit2.o(.ARM.Collect$$libinit$$00000023) for __rt_lib_init_getenv_1
    libinit.o(.ARM.Collect$$libinit$$00000000) refers (Special) to libinit2.o(.ARM.Collect$$libinit$$0000000A) for __rt_lib_init_heap_1
    libinit.o(.ARM.Collect$$libinit$$00000000) refers (Special) to libinit2.o(.ARM.Collect$$libinit$$00000011) for __rt_lib_init_lc_collate_1
    libinit.o(.ARM.Collect$$libinit$$00000000) refers (Special) to libinit2.o(.ARM.Collect$$libinit$$00000013) for __rt_lib_init_lc_ctype_1
    libinit.o(.ARM.Collect$$libinit$$00000000) refers (Special) to libinit2.o(.ARM.Collect$$libinit$$00000015) for __rt_lib_init_lc_monetary_1
    libinit.o(.ARM.Collect$$libinit$$00000000) refers (Special) to libinit2.o(.ARM.Collect$$libinit$$00000017) for __rt_lib_init_lc_numeric_1
    libinit.o(.ARM.Collect$$libinit$$00000000) refers (Special) to libinit2.o(.ARM.Collect$$libinit$$00000019) for __rt_lib_init_lc_time_1
    libinit.o(.ARM.Collect$$libinit$$00000000) refers (Special) to libinit2.o(.ARM.Collect$$libinit$$00000004) for __rt_lib_init_preinit_1
    libinit.o(.ARM.Collect$$libinit$$00000000) refers (Special) to libinit2.o(.ARM.Collect$$libinit$$0000000E) for __rt_lib_init_rand_1
    libinit.o(.ARM.Collect$$libinit$$00000000) refers (Special) to libinit2.o(.ARM.Collect$$libinit$$00000033) for __rt_lib_init_return
    libinit.o(.ARM.Collect$$libinit$$00000000) refers (Special) to libinit2.o(.ARM.Collect$$libinit$$0000001D) for __rt_lib_init_signal_1
    libinit.o(.ARM.Collect$$libinit$$00000000) refers (Special) to libinit2.o(.ARM.Collect$$libinit$$00000025) for __rt_lib_init_stdio_1
    libinit.o(.ARM.Collect$$libinit$$00000000) refers (Special) to libinit2.o(.ARM.Collect$$libinit$$0000000C) for __rt_lib_init_user_alloc_1
    libspace.o(.text) refers to libspace.o(.bss) for __libspace_start
    rtexit.o(.ARM.Collect$$rtexit$$00000000) refers (Special) to rtexit2.o(.ARM.Collect$$rtexit$$00000004) for __rt_exit_exit
    rtexit.o(.ARM.Collect$$rtexit$$00000000) refers (Special) to rtexit2.o(.ARM.Collect$$rtexit$$00000003) for __rt_exit_ls
    rtexit.o(.ARM.Collect$$rtexit$$00000000) refers (Special) to rtexit2.o(.ARM.Collect$$rtexit$$00000002) for __rt_exit_prels_1
    rtexit.o(.ARM.exidx) refers (Special) to rtexit2.o(.ARM.Collect$$rtexit$$00000004) for __rt_exit_exit
    rtexit.o(.ARM.exidx) refers (Special) to rtexit2.o(.ARM.Collect$$rtexit$$00000003) for __rt_exit_ls
    rtexit.o(.ARM.exidx) refers (Special) to rtexit2.o(.ARM.Collect$$rtexit$$00000002) for __rt_exit_prels_1
    rtexit.o(.ARM.exidx) refers to rtexit.o(.ARM.Collect$$rtexit$$00000000) for .ARM.Collect$$rtexit$$00000000
    rt_raise.o(.text) refers to __raise.o(.text) for __raise
    rt_raise.o(.text) refers to sys_exit.o(.text) for _sys_exit
    defsig_exit.o(.text) refers to sys_exit.o(.text) for _sys_exit
    defsig_fpe_inner.o(.text) refers to defsig_general.o(.text) for __default_signal_display
    libinit2.o(.ARM.Collect$$libinit$$00000010) refers to libinit2.o(.ARM.Collect$$libinit$$0000000F) for .ARM.Collect$$libinit$$0000000F
    libinit2.o(.ARM.Collect$$libinit$$00000012) refers to libinit2.o(.ARM.Collect$$libinit$$0000000F) for .ARM.Collect$$libinit$$0000000F
    libinit2.o(.ARM.Collect$$libinit$$00000014) refers to libinit2.o(.ARM.Collect$$libinit$$0000000F) for .ARM.Collect$$libinit$$0000000F
    libinit2.o(.ARM.Collect$$libinit$$00000016) refers to libinit2.o(.ARM.Collect$$libinit$$0000000F) for .ARM.Collect$$libinit$$0000000F
    libinit2.o(.ARM.Collect$$libinit$$00000018) refers to libinit2.o(.ARM.Collect$$libinit$$0000000F) for .ARM.Collect$$libinit$$0000000F
    libinit2.o(.ARM.Collect$$libinit$$00000026) refers to argv_veneer.o(.emb_text) for __ARM_argv_veneer
    libinit2.o(.ARM.Collect$$libinit$$00000027) refers to argv_veneer.o(.emb_text) for __ARM_argv_veneer
    sys_exit.o(.text) refers (Special) to use_no_semi.o(.text) for __I$use$semihosting
    sys_exit.o(.text) refers (Special) to indicate_semi.o(.text) for __semihosting_library_function
    rtexit2.o(.ARM.Collect$$rtexit$$00000003) refers to libshutdown.o(.ARM.Collect$$libshutdown$$00000000) for __rt_lib_shutdown
    rtexit2.o(.ARM.Collect$$rtexit$$00000004) refers to sys_exit.o(.text) for _sys_exit
    rtexit2.o(.ARM.exidx) refers to rtexit2.o(.ARM.Collect$$rtexit$$00000001) for .ARM.Collect$$rtexit$$00000001
    rtexit2.o(.ARM.exidx) refers to rtexit2.o(.ARM.Collect$$rtexit$$00000003) for .ARM.Collect$$rtexit$$00000003
    rtexit2.o(.ARM.exidx) refers to rtexit2.o(.ARM.Collect$$rtexit$$00000004) for .ARM.Collect$$rtexit$$00000004
    __raise.o(.text) refers to defsig.o(CL$$defsig) for __default_signal_handler
    defsig_general.o(.text) refers to sys_wrch.o(.text) for _ttywrch
    argv_veneer.o(.emb_text) refers to no_argv.o(.text) for __ARM_get_argv
    sys_wrch.o(.text) refers (Special) to use_no_semi.o(.text) for __I$use$semihosting
    sys_wrch.o(.text) refers (Special) to indicate_semi.o(.text) for __semihosting_library_function
    defsig.o(CL$$defsig) refers to defsig_fpe_inner.o(.text) for __rt_SIGFPE_inner
    defsig.o(CL$$defsig) refers to defsig_rtmem_inner.o(.text) for __rt_SIGRTMEM_inner
    _get_argv_nomalloc.o(.text) refers (Special) to hrguard.o(.text) for __heap_region$guard
    _get_argv_nomalloc.o(.text) refers to defsig_rtmem_outer.o(.text) for __rt_SIGRTMEM
    _get_argv_nomalloc.o(.text) refers to sys_command.o(.text) for _sys_command_string
    libshutdown.o(.ARM.Collect$$libshutdown$$00000000) refers (Special) to libshutdown2.o(.ARM.Collect$$libshutdown$$00000004) for __rt_lib_shutdown_cpp_1
    libshutdown.o(.ARM.Collect$$libshutdown$$00000000) refers (Special) to libshutdown2.o(.ARM.Collect$$libshutdown$$00000002) for __rt_lib_shutdown_fini_1
    libshutdown.o(.ARM.Collect$$libshutdown$$00000000) refers (Special) to libshutdown2.o(.ARM.Collect$$libshutdown$$00000009) for __rt_lib_shutdown_fp_trap_1
    libshutdown.o(.ARM.Collect$$libshutdown$$00000000) refers (Special) to libshutdown2.o(.ARM.Collect$$libshutdown$$00000011) for __rt_lib_shutdown_heap_1
    libshutdown.o(.ARM.Collect$$libshutdown$$00000000) refers (Special) to libshutdown2.o(.ARM.Collect$$libshutdown$$00000012) for __rt_lib_shutdown_return
    libshutdown.o(.ARM.Collect$$libshutdown$$00000000) refers (Special) to libshutdown2.o(.ARM.Collect$$libshutdown$$0000000C) for __rt_lib_shutdown_signal_1
    libshutdown.o(.ARM.Collect$$libshutdown$$00000000) refers (Special) to libshutdown2.o(.ARM.Collect$$libshutdown$$00000006) for __rt_lib_shutdown_stdio_1
    libshutdown.o(.ARM.Collect$$libshutdown$$00000000) refers (Special) to libshutdown2.o(.ARM.Collect$$libshutdown$$0000000E) for __rt_lib_shutdown_user_alloc_1
    sys_command.o(.text) refers (Special) to use_no_semi.o(.text) for __I$use$semihosting
    sys_command.o(.text) refers (Special) to indicate_semi.o(.text) for __semihosting_library_function
    defsig_abrt_inner.o(.text) refers to defsig_general.o(.text) for __default_signal_display
    defsig_rtred_inner.o(.text) refers to defsig_general.o(.text) for __default_signal_display
    defsig_rtmem_inner.o(.text) refers to defsig_general.o(.text) for __default_signal_display
    defsig_rtmem_outer.o(.text) refers to defsig_rtmem_inner.o(.text) for __rt_SIGRTMEM_inner
    defsig_rtmem_outer.o(.text) refers to defsig_exit.o(.text) for __sig_exit
    defsig_rtmem_formal.o(.text) refers to rt_raise.o(.text) for __rt_raise
    defsig_stak_inner.o(.text) refers to defsig_general.o(.text) for __default_signal_display
    defsig_pvfn_inner.o(.text) refers to defsig_general.o(.text) for __default_signal_display
    defsig_cppl_inner.o(.text) refers to defsig_general.o(.text) for __default_signal_display
    defsig_segv_inner.o(.text) refers to defsig_general.o(.text) for __default_signal_display
    defsig_other.o(.text) refers to defsig_general.o(.text) for __default_signal_display


==============================================================================

Removing Unused input sections from the image.

    Removing main_svc.o(.rev16_text), (4 bytes).
    Removing main_svc.o(.revsh_text), (4 bytes).
    Removing main_svc.o(.rrx_text), (6 bytes).
    Removing uart_polling.o(.rev16_text), (4 bytes).
    Removing uart_polling.o(.revsh_text), (4 bytes).
    Removing uart_polling.o(.rrx_text), (6 bytes).
    Removing uart_polling.o(i.uart_get_char), (40 bytes).
    Removing k_memory.o(.rev16_text), (4 bytes).
    Removing k_memory.o(.revsh_text), (4 bytes).
    Removing k_memory.o(.rrx_text), (6 bytes).
    Removing k_memory.o(i.reassign_memory_ownership), (148 bytes).
    Removing k_msg.o(.rev16_text), (4 bytes).
    Removing k_msg.o(.revsh_text), (4 bytes).
    Removing k_msg.o(.rrx_text), (6 bytes).
    Removing k_msg.o(i.k_delayed_send), (4 bytes).
    Removing k_msg.o(i.k_receive_message), (252 bytes).
    Removing k_msg.o(i.k_send_message), (256 bytes).
    Removing k_msg.o(.conststring), (454 bytes).
    Removing k_process.o(.rev16_text), (4 bytes).
    Removing k_process.o(.revsh_text), (4 bytes).
    Removing k_process.o(.rrx_text), (6 bytes).
    Removing k_rtx_init.o(.rev16_text), (4 bytes).
    Removing k_rtx_init.o(.revsh_text), (4 bytes).
    Removing k_rtx_init.o(.rrx_text), (6 bytes).
    Removing queue.o(i.get_elt_if), (100 bytes).
    Removing k_rtx.o(.rev16_text), (4 bytes).
    Removing k_rtx.o(.revsh_text), (4 bytes).
    Removing k_rtx.o(.rrx_text), (6 bytes).
    Removing k_rtx.o(i.set_privileged), (18 bytes).
    Removing system_lpc17xx.o(.rev16_text), (4 bytes).
    Removing system_lpc17xx.o(.revsh_text), (4 bytes).
    Removing system_lpc17xx.o(.rrx_text), (6 bytes).
    Removing system_lpc17xx.o(i.SystemCoreClockUpdate), (288 bytes).
    Removing system_lpc17xx.o(.data), (4 bytes).

34 unused section(s) (total 1676 bytes) removed from the image.

==============================================================================

Image Symbol Table

    Local Symbols

    Symbol Name                              Value     Ov Type        Size  Object(Section)

    RESET                                    0x00000000   Section      204  startup_lpc17xx.o(RESET)
    ../clib/angel/boardlib.s                 0x00000000   Number         0  boardshut.o ABSOLUTE
    ../clib/angel/boardlib.s                 0x00000000   Number         0  boardinit3.o ABSOLUTE
    ../clib/angel/boardlib.s                 0x00000000   Number         0  boardinit1.o ABSOLUTE
    ../clib/angel/boardlib.s                 0x00000000   Number         0  boardinit2.o ABSOLUTE
    ../clib/angel/handlers.s                 0x00000000   Number         0  __scatter_copy.o ABSOLUTE
    ../clib/angel/handlers.s                 0x00000000   Number         0  __scatter_zi.o ABSOLUTE
    ../clib/angel/kernel.s                   0x00000000   Number         0  rtexit.o ABSOLUTE
    ../clib/angel/kernel.s                   0x00000000   Number         0  rtexit2.o ABSOLUTE
    ../clib/angel/kernel.s                   0x00000000   Number         0  __rtentry.o ABSOLUTE
    ../clib/angel/kernel.s                   0x00000000   Number         0  __rtentry2.o ABSOLUTE
    ../clib/angel/kernel.s                   0x00000000   Number         0  __rtentry4.o ABSOLUTE
    ../clib/angel/rt.s                       0x00000000   Number         0  rt_raise.o ABSOLUTE
    ../clib/angel/rt.s                       0x00000000   Number         0  aeabi_ldiv0.o ABSOLUTE
    ../clib/angel/rt.s                       0x00000000   Number         0  aeabi_ldiv0_sigfpe.o ABSOLUTE
    ../clib/angel/rt.s                       0x00000000   Number         0  rt_div0.o ABSOLUTE
    ../clib/angel/scatter.s                  0x00000000   Number         0  __scatter.o ABSOLUTE
    ../clib/angel/startup.s                  0x00000000   Number         0  __main.o ABSOLUTE
    ../clib/angel/sys.s                      0x00000000   Number         0  libspace.o ABSOLUTE
    ../clib/angel/sys.s                      0x00000000   Number         0  indicate_semi.o ABSOLUTE
    ../clib/angel/sys.s                      0x00000000   Number         0  use_no_semi.o ABSOLUTE
    ../clib/angel/sys.s                      0x00000000   Number         0  sys_stackheap_outer.o ABSOLUTE
    ../clib/angel/sysapp.c                   0x00000000   Number         0  sys_exit.o ABSOLUTE
    ../clib/angel/sysapp.c                   0x00000000   Number         0  sys_command.o ABSOLUTE
    ../clib/angel/sysapp.c                   0x00000000   Number         0  sys_wrch.o ABSOLUTE
    ../clib/armsys.c                         0x00000000   Number         0  argv_veneer.o ABSOLUTE
    ../clib/armsys.c                         0x00000000   Number         0  argv_veneer.o ABSOLUTE
    ../clib/armsys.c                         0x00000000   Number         0  _get_argv_nomalloc.o ABSOLUTE
    ../clib/armsys.c                         0x00000000   Number         0  no_argv.o ABSOLUTE
    ../clib/heapalloc.c                      0x00000000   Number         0  hrguard.o ABSOLUTE
    ../clib/heapaux.c                        0x00000000   Number         0  heapauxi.o ABSOLUTE
    ../clib/libinit.s                        0x00000000   Number         0  libshutdown2.o ABSOLUTE
    ../clib/libinit.s                        0x00000000   Number         0  libinit.o ABSOLUTE
    ../clib/libinit.s                        0x00000000   Number         0  libshutdown.o ABSOLUTE
    ../clib/libinit.s                        0x00000000   Number         0  libinit2.o ABSOLUTE
    ../clib/longlong.s                       0x00000000   Number         0  lludivv7m.o ABSOLUTE
    ../clib/signal.c                         0x00000000   Number         0  defsig_cppl_inner.o ABSOLUTE
    ../clib/signal.c                         0x00000000   Number         0  defsig_pvfn_inner.o ABSOLUTE
    ../clib/signal.c                         0x00000000   Number         0  defsig_stak_inner.o ABSOLUTE
    ../clib/signal.c                         0x00000000   Number         0  defsig_rtmem_formal.o ABSOLUTE
    ../clib/signal.c                         0x00000000   Number         0  defsig_rtmem_outer.o ABSOLUTE
    ../clib/signal.c                         0x00000000   Number         0  defsig_rtmem_inner.o ABSOLUTE
    ../clib/signal.c                         0x00000000   Number         0  defsig_abrt_inner.o ABSOLUTE
    ../clib/signal.c                         0x00000000   Number         0  defsig_general.o ABSOLUTE
    ../clib/signal.c                         0x00000000   Number         0  __raise.o ABSOLUTE
    ../clib/signal.c                         0x00000000   Number         0  defsig_rtred_inner.o ABSOLUTE
    ../clib/signal.c                         0x00000000   Number         0  defsig_exit.o ABSOLUTE
    ../clib/signal.c                         0x00000000   Number         0  defsig_fpe_inner.o ABSOLUTE
    ../clib/signal.c                         0x00000000   Number         0  defsig_fpe_formal.o ABSOLUTE
    ../clib/signal.c                         0x00000000   Number         0  defsig_fpe_outer.o ABSOLUTE
    ../clib/signal.c                         0x00000000   Number         0  defsig_other.o ABSOLUTE
    ../clib/signal.c                         0x00000000   Number         0  defsig_segv_inner.o ABSOLUTE
    ../clib/signal.s                         0x00000000   Number         0  defsig.o ABSOLUTE
    ../clib/stdlib.c                         0x00000000   Number         0  exit.o ABSOLUTE
    ../fplib/fpinit.s                        0x00000000   Number         0  fpinit.o ABSOLUTE
    RTE/Device/LPC1768/startup_LPC17xx.s     0x00000000   Number         0  startup_lpc17xx.o ABSOLUTE
    RTE/Device/LPC1768/system_LPC17xx.c      0x00000000   Number         0  system_lpc17xx.o ABSOLUTE
    RTE\Device\LPC1768\system_LPC17xx.c      0x00000000   Number         0  system_lpc17xx.o ABSOLUTE
    dc.s                                     0x00000000   Number         0  dc.o ABSOLUTE
    src\HAL.c                                0x00000000   Number         0  hal.o ABSOLUTE
    src\\HAL.c                               0x00000000   Number         0  hal.o ABSOLUTE
    src\\k_memory.c                          0x00000000   Number         0  k_memory.o ABSOLUTE
    src\\k_msg.c                             0x00000000   Number         0  k_msg.o ABSOLUTE
    src\\k_process.c                         0x00000000   Number         0  k_process.o ABSOLUTE
    src\\k_rtx.c                             0x00000000   Number         0  k_rtx.o ABSOLUTE
    src\\k_rtx_init.c                        0x00000000   Number         0  k_rtx_init.o ABSOLUTE
    src\\main_svc.c                          0x00000000   Number         0  main_svc.o ABSOLUTE
    src\\uart_polling.c                      0x00000000   Number         0  uart_polling.o ABSOLUTE
    src\ae.c                                 0x00000000   Number         0  ae.o ABSOLUTE
    src\ae_proc112.c                         0x00000000   Number         0  ae_proc112.o ABSOLUTE
    src\ae_util.c                            0x00000000   Number         0  ae_util.o ABSOLUTE
    src\k_memory.c                           0x00000000   Number         0  k_memory.o ABSOLUTE
    src\k_msg.c                              0x00000000   Number         0  k_msg.o ABSOLUTE
    src\k_process.c                          0x00000000   Number         0  k_process.o ABSOLUTE
    src\k_rtx.c                              0x00000000   Number         0  k_rtx.o ABSOLUTE
    src\k_rtx_init.c                         0x00000000   Number         0  k_rtx_init.o ABSOLUTE
    src\main_svc.c                           0x00000000   Number         0  main_svc.o ABSOLUTE
    src\printf.c                             0x00000000   Number         0  printf.o ABSOLUTE
    src\queue.c                              0x00000000   Number         0  queue.o ABSOLUTE
    src\uart_polling.c                       0x00000000   Number         0  uart_polling.o ABSOLUTE
    !!!main                                  0x000000cc   Section        8  __main.o(!!!main)
    !!!scatter                               0x000000d4   Section       52  __scatter.o(!!!scatter)
    !!handler_copy                           0x00000108   Section       26  __scatter_copy.o(!!handler_copy)
    !!handler_zi                             0x00000124   Section       28  __scatter_zi.o(!!handler_zi)
    .ARM.Collect$$libinit$$00000000          0x00000140   Section        2  libinit.o(.ARM.Collect$$libinit$$00000000)
    .ARM.Collect$$libinit$$00000002          0x00000142   Section        0  libinit2.o(.ARM.Collect$$libinit$$00000002)
    .ARM.Collect$$libinit$$00000004          0x00000142   Section        0  libinit2.o(.ARM.Collect$$libinit$$00000004)
    .ARM.Collect$$libinit$$0000000A          0x00000142   Section        0  libinit2.o(.ARM.Collect$$libinit$$0000000A)
    .ARM.Collect$$libinit$$0000000C          0x00000142   Section        0  libinit2.o(.ARM.Collect$$libinit$$0000000C)
    .ARM.Collect$$libinit$$0000000E          0x00000142   Section        0  libinit2.o(.ARM.Collect$$libinit$$0000000E)
    .ARM.Collect$$libinit$$00000011          0x00000142   Section        0  libinit2.o(.ARM.Collect$$libinit$$00000011)
    .ARM.Collect$$libinit$$00000013          0x00000142   Section        0  libinit2.o(.ARM.Collect$$libinit$$00000013)
    .ARM.Collect$$libinit$$00000015          0x00000142   Section        0  libinit2.o(.ARM.Collect$$libinit$$00000015)
    .ARM.Collect$$libinit$$00000017          0x00000142   Section        0  libinit2.o(.ARM.Collect$$libinit$$00000017)
    .ARM.Collect$$libinit$$00000019          0x00000142   Section        0  libinit2.o(.ARM.Collect$$libinit$$00000019)
    .ARM.Collect$$libinit$$0000001B          0x00000142   Section        0  libinit2.o(.ARM.Collect$$libinit$$0000001B)
    .ARM.Collect$$libinit$$0000001D          0x00000142   Section        0  libinit2.o(.ARM.Collect$$libinit$$0000001D)
    .ARM.Collect$$libinit$$0000001F          0x00000142   Section        0  libinit2.o(.ARM.Collect$$libinit$$0000001F)
    .ARM.Collect$$libinit$$00000021          0x00000142   Section        0  libinit2.o(.ARM.Collect$$libinit$$00000021)
    .ARM.Collect$$libinit$$00000023          0x00000142   Section        0  libinit2.o(.ARM.Collect$$libinit$$00000023)
    .ARM.Collect$$libinit$$00000025          0x00000142   Section        0  libinit2.o(.ARM.Collect$$libinit$$00000025)
    .ARM.Collect$$libinit$$0000002C          0x00000142   Section        0  libinit2.o(.ARM.Collect$$libinit$$0000002C)
    .ARM.Collect$$libinit$$0000002E          0x00000142   Section        0  libinit2.o(.ARM.Collect$$libinit$$0000002E)
    .ARM.Collect$$libinit$$00000030          0x00000142   Section        0  libinit2.o(.ARM.Collect$$libinit$$00000030)
    .ARM.Collect$$libinit$$00000032          0x00000142   Section        0  libinit2.o(.ARM.Collect$$libinit$$00000032)
    .ARM.Collect$$libinit$$00000033          0x00000142   Section        2  libinit2.o(.ARM.Collect$$libinit$$00000033)
    .ARM.Collect$$libshutdown$$00000000      0x00000144   Section        2  libshutdown.o(.ARM.Collect$$libshutdown$$00000000)
    .ARM.Collect$$libshutdown$$00000002      0x00000146   Section        0  libshutdown2.o(.ARM.Collect$$libshutdown$$00000002)
    .ARM.Collect$$libshutdown$$00000004      0x00000146   Section        0  libshutdown2.o(.ARM.Collect$$libshutdown$$00000004)
    .ARM.Collect$$libshutdown$$00000006      0x00000146   Section        0  libshutdown2.o(.ARM.Collect$$libshutdown$$00000006)
    .ARM.Collect$$libshutdown$$00000009      0x00000146   Section        0  libshutdown2.o(.ARM.Collect$$libshutdown$$00000009)
    .ARM.Collect$$libshutdown$$0000000C      0x00000146   Section        0  libshutdown2.o(.ARM.Collect$$libshutdown$$0000000C)
    .ARM.Collect$$libshutdown$$0000000E      0x00000146   Section        0  libshutdown2.o(.ARM.Collect$$libshutdown$$0000000E)
    .ARM.Collect$$libshutdown$$00000011      0x00000146   Section        0  libshutdown2.o(.ARM.Collect$$libshutdown$$00000011)
    .ARM.Collect$$libshutdown$$00000012      0x00000146   Section        2  libshutdown2.o(.ARM.Collect$$libshutdown$$00000012)
    .ARM.Collect$$rtentry$$00000000          0x00000148   Section        0  __rtentry.o(.ARM.Collect$$rtentry$$00000000)
    .ARM.Collect$$rtentry$$00000002          0x00000148   Section        0  __rtentry2.o(.ARM.Collect$$rtentry$$00000002)
    .ARM.Collect$$rtentry$$00000004          0x00000148   Section        6  __rtentry4.o(.ARM.Collect$$rtentry$$00000004)
    .ARM.Collect$$rtentry$$00000009          0x0000014e   Section        0  __rtentry2.o(.ARM.Collect$$rtentry$$00000009)
    .ARM.Collect$$rtentry$$0000000A          0x0000014e   Section        4  __rtentry2.o(.ARM.Collect$$rtentry$$0000000A)
    .ARM.Collect$$rtentry$$0000000C          0x00000152   Section        0  __rtentry2.o(.ARM.Collect$$rtentry$$0000000C)
    .ARM.Collect$$rtentry$$0000000D          0x00000152   Section        8  __rtentry2.o(.ARM.Collect$$rtentry$$0000000D)
    .ARM.Collect$$rtexit$$00000000           0x0000015a   Section        2  rtexit.o(.ARM.Collect$$rtexit$$00000000)
    .ARM.Collect$$rtexit$$00000002           0x0000015c   Section        0  rtexit2.o(.ARM.Collect$$rtexit$$00000002)
    .ARM.Collect$$rtexit$$00000003           0x0000015c   Section        4  rtexit2.o(.ARM.Collect$$rtexit$$00000003)
    .ARM.Collect$$rtexit$$00000004           0x00000160   Section        6  rtexit2.o(.ARM.Collect$$rtexit$$00000004)
    .emb_text                                0x00000168   Section       56  hal.o(.emb_text)
    .text                                    0x000001a0   Section       60  startup_lpc17xx.o(.text)
    .text                                    0x000001dc   Section        0  heapauxi.o(.text)
    .text                                    0x000001e2   Section       74  sys_stackheap_outer.o(.text)
    .text                                    0x0000022c   Section        0  exit.o(.text)
    .text                                    0x00000240   Section        8  libspace.o(.text)
    .text                                    0x00000248   Section        0  sys_exit.o(.text)
    .text                                    0x00000254   Section        2  use_no_semi.o(.text)
    .text                                    0x00000256   Section        0  indicate_semi.o(.text)
    i.HardFault_Handler                      0x00000258   Section        0  ae_util.o(i.HardFault_Handler)
    i.a2d                                    0x00000288   Section        0  printf.o(i.a2d)
    a2d                                      0x00000289   Thumb Code    42  printf.o(i.a2d)
    i.a2i                                    0x000002b2   Section        0  printf.o(i.a2i)
    a2i                                      0x000002b3   Thumb Code    52  printf.o(i.a2i)
    i.ae_exit                                0x000002e6   Section        0  ae.o(i.ae_exit)
    i.ae_set_proc_info                       0x000002e8   Section        0  ae.o(i.ae_set_proc_info)
    i.init_printf                            0x000002ec   Section        0  printf.o(i.init_printf)
    i.pre_rtx_init                           0x000002f8   Section        0  main_svc.o(i.pre_rtx_init)
    .ARM.__at_0x02FC                         0x000002fc   Section        4  startup_lpc17xx.o(.ARM.__at_0x02FC)
    i.SystemInit                             0x00000300   Section        0  system_lpc17xx.o(i.SystemInit)
    i.ae_init                                0x000003b8   Section        0  ae.o(i.ae_init)
    i.alloc_stack                            0x000003dc   Section        0  k_memory.o(i.alloc_stack)
    i.check_exec_seq                         0x000003f4   Section        0  ae_proc112.o(i.check_exec_seq)
    i.count_set_bits                         0x00000738   Section        0  ae_util.o(i.count_set_bits)
    i.delete_elt_if                          0x0000074c   Section        0  queue.o(i.delete_elt_if)
    i.dequeue                                0x000007f4   Section        0  queue.o(i.dequeue)
    i.empty                                  0x000008a8   Section        0  queue.o(i.empty)
    i.enqueue                                0x000008bc   Section        0  queue.o(i.enqueue)
    i.gen_req0                               0x00000918   Section        0  ae_proc112.o(i.gen_req0)
    i.gen_req1                               0x00000968   Section        0  ae_proc112.o(i.gen_req1)
    i.get_block_index                        0x00000a10   Section        0  k_memory.o(i.get_block_index)
    i.i2a                                    0x00000a94   Section        0  printf.o(i.i2a)
    i2a                                      0x00000a95   Thumb Code    22  printf.o(i.i2a)
    i.init_ae_tsk_test                       0x00000aac   Section        0  ae_proc112.o(i.init_ae_tsk_test)
    i.k_get_process_by_pid                   0x00000b28   Section        0  k_process.o(i.k_get_process_by_pid)
    i.k_get_process_priority                 0x00000b60   Section        0  k_process.o(i.k_get_process_priority)
    i.k_release_memory_block                 0x00000b84   Section        0  k_memory.o(i.k_release_memory_block)
    i.k_release_processor                    0x00000d8c   Section        0  k_process.o(i.k_release_processor)
    i.k_request_memory_block                 0x00000e28   Section        0  k_memory.o(i.k_request_memory_block)
    i.k_request_memory_block_nb              0x00000edc   Section        0  k_memory.o(i.k_request_memory_block_nb)
    i.k_rtx_init                             0x00000fa4   Section        0  k_rtx_init.o(i.k_rtx_init)
    i.k_set_process_priority                 0x00000fc0   Section        0  k_process.o(i.k_set_process_priority)
    i.main                                   0x00001194   Section        0  main_svc.o(i.main)
    i.memory_init                            0x000011d8   Section        0  k_memory.o(i.memory_init)
    i.move_elt_if                            0x00001494   Section        0  queue.o(i.move_elt_if)
    i.null_process                           0x00001564   Section        0  k_process.o(i.null_process)
    i.pcb_node_is_pid                        0x00001584   Section        0  k_process.o(i.pcb_node_is_pid)
    i.print_log                              0x000015a8   Section        0  ae_util.o(i.print_log)
    i.print_results                          0x00001614   Section        0  ae_util.o(i.print_results)
    i.print_summary                          0x00001734   Section        0  ae_util.o(i.print_summary)
    i.proc1                                  0x00001760   Section        0  ae_proc112.o(i.proc1)
    i.proc2                                  0x000017bc   Section        0  ae_proc112.o(i.proc2)
    i.proc3                                  0x00001a30   Section        0  ae_proc112.o(i.proc3)
    i.proc4                                  0x00001a74   Section        0  ae_proc112.o(i.proc4)
    i.proc5                                  0x00001ab8   Section        0  ae_proc112.o(i.proc5)
    i.proc6                                  0x00001ae4   Section        0  ae_proc112.o(i.proc6)
    i.process_init                           0x00001b10   Section        0  k_process.o(i.process_init)
    i.process_sub_result                     0x00001cec   Section        0  ae_util.o(i.process_sub_result)
    i.process_switch                         0x00001d14   Section        0  k_process.o(i.process_switch)
    i.putc                                   0x00001d8c   Section        0  uart_polling.o(i.putc)
    i.putchw                                 0x00001dc8   Section        0  printf.o(i.putchw)
    putchw                                   0x00001dc9   Thumb Code    76  printf.o(i.putchw)
    i.putcp                                  0x00001e14   Section        0  printf.o(i.putcp)
    putcp                                    0x00001e15   Thumb Code    10  printf.o(i.putcp)
    i.scheduler                              0x00001e20   Section        0  k_process.o(i.scheduler)
    i.set_test_procs                         0x00001ef0   Section        0  ae_proc112.o(i.set_test_procs)
    i.set_unprivileged                       0x00001f60   Section        0  k_rtx.o(i.set_unprivileged)
    i.single_element_or_empty                0x00001f72   Section        0  queue.o(i.single_element_or_empty)
    i.strcpy                                 0x00001f82   Section        0  ae_util.o(i.strcpy)
    i.test0_start                            0x00001f9c   Section        0  ae_proc112.o(i.test0_start)
    i.test1_start                            0x00001faa   Section        0  ae_proc112.o(i.test1_start)
    i.test_abort                             0x00001fc4   Section        0  ae_util.o(i.test_abort)
    i.test_exit                              0x00002030   Section        0  ae_util.o(i.test_exit)
    i.tfp_format                             0x00002058   Section        0  printf.o(i.tfp_format)
    i.tfp_printf                             0x0000216c   Section        0  printf.o(i.tfp_printf)
    i.tfp_sprintf                            0x00002188   Section        0  printf.o(i.tfp_sprintf)
    i.uart_init                              0x000021ac   Section        0  uart_polling.o(i.uart_init)
    i.uart_put_char                          0x0000220c   Section        0  uart_polling.o(i.uart_put_char)
    i.uart_put_string                        0x00002238   Section        0  uart_polling.o(i.uart_put_string)
    i.ui2a                                   0x0000225a   Section        0  printf.o(i.ui2a)
    ui2a                                     0x0000225b   Thumb Code    80  printf.o(i.ui2a)
    i.update_ae_xtest                        0x000022ac   Section        0  ae_proc112.o(i.update_ae_xtest)
    i.update_exec_seq                        0x000022c4   Section        0  ae_proc112.o(i.update_exec_seq)
    .constdata                               0x00002308   Section       40  ae_proc112.o(.constdata)
    .conststring                             0x00002330   Section      810  k_memory.o(.conststring)
    .conststring                             0x0000265c   Section     1539  k_process.o(.conststring)
    .data                                    0x10000000   Section        8  printf.o(.data)
    stdout_putf                              0x10000000   Data           4  printf.o(.data)
    stdout_putp                              0x10000004   Data           4  printf.o(.data)
    .data                                    0x10000008   Section       16  k_memory.o(.data)
    .data                                    0x10000018   Section       16  k_process.o(.data)
    .bss                                     0x10000028   Section       96  k_process.o(.bss)
    .bss                                     0x10000088   Section      292  ae_proc112.o(.bss)
    .bss                                     0x100001ac   Section       96  libspace.o(.bss)
    HEAP                                     0x10000210   Section        0  startup_lpc17xx.o(HEAP)
    STACK                                    0x10000210   Section      512  startup_lpc17xx.o(STACK)
    Heap_Mem                                 0x10000210   Data           0  startup_lpc17xx.o(HEAP)
    Stack_Mem                                0x10000210   Data         512  startup_lpc17xx.o(STACK)
    __initial_sp                             0x10000410   Data           0  startup_lpc17xx.o(STACK)

    Global Symbols

    Symbol Name                              Value     Ov Type        Size  Object(Section)

    BuildAttributes$$THM_ISAv4$P$D$K$B$S$PE$A:L22UL41UL21$X:L11$S22US41US21$IEEE1$IW$USESV6$~STKCKD$USESV7$~SHL$OSPACE$ROPI$EBA8$UX$STANDARDLIB$REQ8$PRES8$EABIv2 0x00000000   Number         0  anon$$obj.o ABSOLUTE
    __ARM_use_no_argv                        0x00000000   Number         0  main_svc.o ABSOLUTE
    __Vectors                                0x00000000   Data           4  startup_lpc17xx.o(RESET)
    __ARM_exceptions_init                     - Undefined Weak Reference
    __alloca_initialize                       - Undefined Weak Reference
    __arm_fini_                               - Undefined Weak Reference
    __arm_preinit_                            - Undefined Weak Reference
    __cpp_initialize__aeabi_                  - Undefined Weak Reference
    __cxa_finalize                            - Undefined Weak Reference
    __rt_locale                               - Undefined Weak Reference
    __sigvec_lookup                           - Undefined Weak Reference
    _atexit_init                              - Undefined Weak Reference
    _call_atexit_fns                          - Undefined Weak Reference
    _clock_init                               - Undefined Weak Reference
    _fp_trap_init                             - Undefined Weak Reference
    _fp_trap_shutdown                         - Undefined Weak Reference
    _get_lc_collate                           - Undefined Weak Reference
    _get_lc_ctype                             - Undefined Weak Reference
    _get_lc_monetary                          - Undefined Weak Reference
    _get_lc_numeric                           - Undefined Weak Reference
    _get_lc_time                              - Undefined Weak Reference
    _getenv_init                              - Undefined Weak Reference
    _handle_redirection                       - Undefined Weak Reference
    _init_alloc                               - Undefined Weak Reference
    _init_user_alloc                          - Undefined Weak Reference
    _initio                                   - Undefined Weak Reference
    _rand_init                                - Undefined Weak Reference
    _signal_finish                            - Undefined Weak Reference
    _signal_init                              - Undefined Weak Reference
    _terminate_alloc                          - Undefined Weak Reference
    _terminate_user_alloc                     - Undefined Weak Reference
    _terminateio                              - Undefined Weak Reference
    __main                                   0x000000cd   Thumb Code     8  __main.o(!!!main)
    __scatterload                            0x000000d5   Thumb Code     0  __scatter.o(!!!scatter)
    __scatterload_rt2                        0x000000d5   Thumb Code    44  __scatter.o(!!!scatter)
    __scatterload_rt2_thumb_only             0x000000d5   Thumb Code     0  __scatter.o(!!!scatter)
    __scatterload_null                       0x000000e3   Thumb Code     0  __scatter.o(!!!scatter)
    __scatterload_copy                       0x00000109   Thumb Code    26  __scatter_copy.o(!!handler_copy)
    __scatterload_zeroinit                   0x00000125   Thumb Code    28  __scatter_zi.o(!!handler_zi)
    __rt_lib_init                            0x00000141   Thumb Code     0  libinit.o(.ARM.Collect$$libinit$$00000000)
    __rt_lib_init_alloca_1                   0x00000143   Thumb Code     0  libinit2.o(.ARM.Collect$$libinit$$0000002E)
    __rt_lib_init_argv_1                     0x00000143   Thumb Code     0  libinit2.o(.ARM.Collect$$libinit$$0000002C)
    __rt_lib_init_atexit_1                   0x00000143   Thumb Code     0  libinit2.o(.ARM.Collect$$libinit$$0000001B)
    __rt_lib_init_clock_1                    0x00000143   Thumb Code     0  libinit2.o(.ARM.Collect$$libinit$$00000021)
    __rt_lib_init_cpp_1                      0x00000143   Thumb Code     0  libinit2.o(.ARM.Collect$$libinit$$00000032)
    __rt_lib_init_exceptions_1               0x00000143   Thumb Code     0  libinit2.o(.ARM.Collect$$libinit$$00000030)
    __rt_lib_init_fp_1                       0x00000143   Thumb Code     0  libinit2.o(.ARM.Collect$$libinit$$00000002)
    __rt_lib_init_fp_trap_1                  0x00000143   Thumb Code     0  libinit2.o(.ARM.Collect$$libinit$$0000001F)
    __rt_lib_init_getenv_1                   0x00000143   Thumb Code     0  libinit2.o(.ARM.Collect$$libinit$$00000023)
    __rt_lib_init_heap_1                     0x00000143   Thumb Code     0  libinit2.o(.ARM.Collect$$libinit$$0000000A)
    __rt_lib_init_lc_collate_1               0x00000143   Thumb Code     0  libinit2.o(.ARM.Collect$$libinit$$00000011)
    __rt_lib_init_lc_ctype_1                 0x00000143   Thumb Code     0  libinit2.o(.ARM.Collect$$libinit$$00000013)
    __rt_lib_init_lc_monetary_1              0x00000143   Thumb Code     0  libinit2.o(.ARM.Collect$$libinit$$00000015)
    __rt_lib_init_lc_numeric_1               0x00000143   Thumb Code     0  libinit2.o(.ARM.Collect$$libinit$$00000017)
    __rt_lib_init_lc_time_1                  0x00000143   Thumb Code     0  libinit2.o(.ARM.Collect$$libinit$$00000019)
    __rt_lib_init_preinit_1                  0x00000143   Thumb Code     0  libinit2.o(.ARM.Collect$$libinit$$00000004)
    __rt_lib_init_rand_1                     0x00000143   Thumb Code     0  libinit2.o(.ARM.Collect$$libinit$$0000000E)
    __rt_lib_init_return                     0x00000143   Thumb Code     0  libinit2.o(.ARM.Collect$$libinit$$00000033)
    __rt_lib_init_signal_1                   0x00000143   Thumb Code     0  libinit2.o(.ARM.Collect$$libinit$$0000001D)
    __rt_lib_init_stdio_1                    0x00000143   Thumb Code     0  libinit2.o(.ARM.Collect$$libinit$$00000025)
    __rt_lib_init_user_alloc_1               0x00000143   Thumb Code     0  libinit2.o(.ARM.Collect$$libinit$$0000000C)
    __rt_lib_shutdown                        0x00000145   Thumb Code     0  libshutdown.o(.ARM.Collect$$libshutdown$$00000000)
    __rt_lib_shutdown_cpp_1                  0x00000147   Thumb Code     0  libshutdown2.o(.ARM.Collect$$libshutdown$$00000004)
    __rt_lib_shutdown_fini_1                 0x00000147   Thumb Code     0  libshutdown2.o(.ARM.Collect$$libshutdown$$00000002)
    __rt_lib_shutdown_fp_trap_1              0x00000147   Thumb Code     0  libshutdown2.o(.ARM.Collect$$libshutdown$$00000009)
    __rt_lib_shutdown_heap_1                 0x00000147   Thumb Code     0  libshutdown2.o(.ARM.Collect$$libshutdown$$00000011)
    __rt_lib_shutdown_return                 0x00000147   Thumb Code     0  libshutdown2.o(.ARM.Collect$$libshutdown$$00000012)
    __rt_lib_shutdown_signal_1               0x00000147   Thumb Code     0  libshutdown2.o(.ARM.Collect$$libshutdown$$0000000C)
    __rt_lib_shutdown_stdio_1                0x00000147   Thumb Code     0  libshutdown2.o(.ARM.Collect$$libshutdown$$00000006)
    __rt_lib_shutdown_user_alloc_1           0x00000147   Thumb Code     0  libshutdown2.o(.ARM.Collect$$libshutdown$$0000000E)
    __rt_entry                               0x00000149   Thumb Code     0  __rtentry.o(.ARM.Collect$$rtentry$$00000000)
    __rt_entry_presh_1                       0x00000149   Thumb Code     0  __rtentry2.o(.ARM.Collect$$rtentry$$00000002)
    __rt_entry_sh                            0x00000149   Thumb Code     0  __rtentry4.o(.ARM.Collect$$rtentry$$00000004)
    __rt_entry_li                            0x0000014f   Thumb Code     0  __rtentry2.o(.ARM.Collect$$rtentry$$0000000A)
    __rt_entry_postsh_1                      0x0000014f   Thumb Code     0  __rtentry2.o(.ARM.Collect$$rtentry$$00000009)
    __rt_entry_main                          0x00000153   Thumb Code     0  __rtentry2.o(.ARM.Collect$$rtentry$$0000000D)
    __rt_entry_postli_1                      0x00000153   Thumb Code     0  __rtentry2.o(.ARM.Collect$$rtentry$$0000000C)
    __rt_exit                                0x0000015b   Thumb Code     0  rtexit.o(.ARM.Collect$$rtexit$$00000000)
    __rt_exit_ls                             0x0000015d   Thumb Code     0  rtexit2.o(.ARM.Collect$$rtexit$$00000003)
    __rt_exit_prels_1                        0x0000015d   Thumb Code     0  rtexit2.o(.ARM.Collect$$rtexit$$00000002)
    __rt_exit_exit                           0x00000161   Thumb Code     0  rtexit2.o(.ARM.Collect$$rtexit$$00000004)
    __rte                                    0x00000169   Thumb Code     8  hal.o(.emb_text)
    SVC_Handler                              0x00000171   Thumb Code    48  hal.o(.emb_text)
    Reset_Handler                            0x000001a1   Thumb Code     8  startup_lpc17xx.o(.text)
    NMI_Handler                              0x000001a9   Thumb Code     2  startup_lpc17xx.o(.text)
    MemManage_Handler                        0x000001ad   Thumb Code     2  startup_lpc17xx.o(.text)
    BusFault_Handler                         0x000001af   Thumb Code     2  startup_lpc17xx.o(.text)
    UsageFault_Handler                       0x000001b1   Thumb Code     2  startup_lpc17xx.o(.text)
    DebugMon_Handler                         0x000001b5   Thumb Code     2  startup_lpc17xx.o(.text)
    PendSV_Handler                           0x000001b7   Thumb Code     2  startup_lpc17xx.o(.text)
    SysTick_Handler                          0x000001b9   Thumb Code     2  startup_lpc17xx.o(.text)
    ADC_IRQHandler                           0x000001bb   Thumb Code     0  startup_lpc17xx.o(.text)
    BOD_IRQHandler                           0x000001bb   Thumb Code     0  startup_lpc17xx.o(.text)
    CANActivity_IRQHandler                   0x000001bb   Thumb Code     0  startup_lpc17xx.o(.text)
    CAN_IRQHandler                           0x000001bb   Thumb Code     0  startup_lpc17xx.o(.text)
    DMA_IRQHandler                           0x000001bb   Thumb Code     0  startup_lpc17xx.o(.text)
    EINT0_IRQHandler                         0x000001bb   Thumb Code     0  startup_lpc17xx.o(.text)
    EINT1_IRQHandler                         0x000001bb   Thumb Code     0  startup_lpc17xx.o(.text)
    EINT2_IRQHandler                         0x000001bb   Thumb Code     0  startup_lpc17xx.o(.text)
    EINT3_IRQHandler                         0x000001bb   Thumb Code     0  startup_lpc17xx.o(.text)
    ENET_IRQHandler                          0x000001bb   Thumb Code     0  startup_lpc17xx.o(.text)
    I2C0_IRQHandler                          0x000001bb   Thumb Code     0  startup_lpc17xx.o(.text)
    I2C1_IRQHandler                          0x000001bb   Thumb Code     0  startup_lpc17xx.o(.text)
    I2C2_IRQHandler                          0x000001bb   Thumb Code     0  startup_lpc17xx.o(.text)
    I2S_IRQHandler                           0x000001bb   Thumb Code     0  startup_lpc17xx.o(.text)
    MCPWM_IRQHandler                         0x000001bb   Thumb Code     0  startup_lpc17xx.o(.text)
    PLL0_IRQHandler                          0x000001bb   Thumb Code     0  startup_lpc17xx.o(.text)
    PLL1_IRQHandler                          0x000001bb   Thumb Code     0  startup_lpc17xx.o(.text)
    PWM1_IRQHandler                          0x000001bb   Thumb Code     0  startup_lpc17xx.o(.text)
    QEI_IRQHandler                           0x000001bb   Thumb Code     0  startup_lpc17xx.o(.text)
    RIT_IRQHandler                           0x000001bb   Thumb Code     0  startup_lpc17xx.o(.text)
    RTC_IRQHandler                           0x000001bb   Thumb Code     0  startup_lpc17xx.o(.text)
    SPI_IRQHandler                           0x000001bb   Thumb Code     0  startup_lpc17xx.o(.text)
    SSP0_IRQHandler                          0x000001bb   Thumb Code     0  startup_lpc17xx.o(.text)
    SSP1_IRQHandler                          0x000001bb   Thumb Code     0  startup_lpc17xx.o(.text)
    TIMER0_IRQHandler                        0x000001bb   Thumb Code     0  startup_lpc17xx.o(.text)
    TIMER1_IRQHandler                        0x000001bb   Thumb Code     0  startup_lpc17xx.o(.text)
    TIMER2_IRQHandler                        0x000001bb   Thumb Code     0  startup_lpc17xx.o(.text)
    TIMER3_IRQHandler                        0x000001bb   Thumb Code     0  startup_lpc17xx.o(.text)
    UART0_IRQHandler                         0x000001bb   Thumb Code     0  startup_lpc17xx.o(.text)
    UART1_IRQHandler                         0x000001bb   Thumb Code     0  startup_lpc17xx.o(.text)
    UART2_IRQHandler                         0x000001bb   Thumb Code     0  startup_lpc17xx.o(.text)
    UART3_IRQHandler                         0x000001bb   Thumb Code     0  startup_lpc17xx.o(.text)
    USBActivity_IRQHandler                   0x000001bb   Thumb Code     0  startup_lpc17xx.o(.text)
    USB_IRQHandler                           0x000001bb   Thumb Code     0  startup_lpc17xx.o(.text)
    WDT_IRQHandler                           0x000001bb   Thumb Code     0  startup_lpc17xx.o(.text)
    __user_initial_stackheap                 0x000001bd   Thumb Code     0  startup_lpc17xx.o(.text)
    __use_two_region_memory                  0x000001dd   Thumb Code     2  heapauxi.o(.text)
    __rt_heap_escrow$2region                 0x000001df   Thumb Code     2  heapauxi.o(.text)
    __rt_heap_expand$2region                 0x000001e1   Thumb Code     2  heapauxi.o(.text)
    __user_setup_stackheap                   0x000001e3   Thumb Code    74  sys_stackheap_outer.o(.text)
    exit                                     0x0000022d   Thumb Code    18  exit.o(.text)
    __user_libspace                          0x00000241   Thumb Code     8  libspace.o(.text)
    __user_perproc_libspace                  0x00000241   Thumb Code     0  libspace.o(.text)
    __user_perthread_libspace                0x00000241   Thumb Code     0  libspace.o(.text)
    _sys_exit                                0x00000249   Thumb Code     8  sys_exit.o(.text)
    __I$use$semihosting                      0x00000255   Thumb Code     0  use_no_semi.o(.text)
    __use_no_semihosting_swi                 0x00000255   Thumb Code     2  use_no_semi.o(.text)
    __semihosting_library_function           0x00000257   Thumb Code     0  indicate_semi.o(.text)
    HardFault_Handler                        0x00000259   Thumb Code    24  ae_util.o(i.HardFault_Handler)
    ae_exit                                  0x000002e7   Thumb Code     2  ae.o(i.ae_exit)
    ae_set_proc_info                         0x000002e9   Thumb Code     4  ae.o(i.ae_set_proc_info)
    init_printf                              0x000002ed   Thumb Code     8  printf.o(i.init_printf)
    pre_rtx_init                             0x000002f9   Thumb Code     4  main_svc.o(i.pre_rtx_init)
    SystemInit                               0x00000301   Thumb Code   172  system_lpc17xx.o(i.SystemInit)
    ae_init                                  0x000003b9   Thumb Code    36  ae.o(i.ae_init)
    alloc_stack                              0x000003dd   Thumb Code    20  k_memory.o(i.alloc_stack)
    check_exec_seq                           0x000003f5   Thumb Code   522  ae_proc112.o(i.check_exec_seq)
    count_set_bits                           0x00000739   Thumb Code    18  ae_util.o(i.count_set_bits)
    delete_elt_if                            0x0000074d   Thumb Code   126  queue.o(i.delete_elt_if)
    dequeue                                  0x000007f5   Thumb Code    80  queue.o(i.dequeue)
    empty                                    0x000008a9   Thumb Code    18  queue.o(i.empty)
    enqueue                                  0x000008bd   Thumb Code    52  queue.o(i.enqueue)
    gen_req0                                 0x00000919   Thumb Code    74  ae_proc112.o(i.gen_req0)
    gen_req1                                 0x00000969   Thumb Code   164  ae_proc112.o(i.gen_req1)
    get_block_index                          0x00000a11   Thumb Code    58  k_memory.o(i.get_block_index)
    init_ae_tsk_test                         0x00000aad   Thumb Code    96  ae_proc112.o(i.init_ae_tsk_test)
    k_get_process_by_pid                     0x00000b29   Thumb Code    48  k_process.o(i.k_get_process_by_pid)
    k_get_process_priority                   0x00000b61   Thumb Code    30  k_process.o(i.k_get_process_priority)
    k_release_memory_block                   0x00000b85   Thumb Code   262  k_memory.o(i.k_release_memory_block)
    k_release_processor                      0x00000d8d   Thumb Code   132  k_process.o(i.k_release_processor)
    k_request_memory_block                   0x00000e29   Thumb Code   144  k_memory.o(i.k_request_memory_block)
    k_request_memory_block_nb                0x00000edd   Thumb Code    72  k_memory.o(i.k_request_memory_block_nb)
    k_rtx_init                               0x00000fa5   Thumb Code    26  k_rtx_init.o(i.k_rtx_init)
    k_set_process_priority                   0x00000fc1   Thumb Code   364  k_process.o(i.k_set_process_priority)
    main                                     0x00001195   Thumb Code    56  main_svc.o(i.main)
    memory_init                              0x000011d9   Thumb Code   254  k_memory.o(i.memory_init)
    move_elt_if                              0x00001495   Thumb Code    72  queue.o(i.move_elt_if)
    null_process                             0x00001565   Thumb Code     8  k_process.o(i.null_process)
    pcb_node_is_pid                          0x00001585   Thumb Code    32  k_process.o(i.pcb_node_is_pid)
    print_log                                0x000015a9   Thumb Code    40  ae_util.o(i.print_log)
    print_results                            0x00001615   Thumb Code   120  ae_util.o(i.print_results)
    print_summary                            0x00001735   Thumb Code    24  ae_util.o(i.print_summary)
    proc1                                    0x00001761   Thumb Code    84  ae_proc112.o(i.proc1)
    proc2                                    0x000017bd   Thumb Code   340  ae_proc112.o(i.proc2)
    proc3                                    0x00001a31   Thumb Code    52  ae_proc112.o(i.proc3)
    proc4                                    0x00001a75   Thumb Code    52  ae_proc112.o(i.proc4)
    proc5                                    0x00001ab9   Thumb Code    28  ae_proc112.o(i.proc5)
    proc6                                    0x00001ae5   Thumb Code    28  ae_proc112.o(i.proc6)
    process_init                             0x00001b11   Thumb Code   310  k_process.o(i.process_init)
    process_sub_result                       0x00001ced   Thumb Code    32  ae_util.o(i.process_sub_result)
    process_switch                           0x00001d15   Thumb Code   110  k_process.o(i.process_switch)
    putc                                     0x00001d8d   Thumb Code    18  uart_polling.o(i.putc)
    scheduler                                0x00001e21   Thumb Code    94  k_process.o(i.scheduler)
    set_test_procs                           0x00001ef1   Thumb Code    88  ae_proc112.o(i.set_test_procs)
    set_unprivileged                         0x00001f61   Thumb Code    18  k_rtx.o(i.set_unprivileged)
    single_element_or_empty                  0x00001f73   Thumb Code    16  queue.o(i.single_element_or_empty)
    strcpy                                   0x00001f83   Thumb Code    26  ae_util.o(i.strcpy)
    test0_start                              0x00001f9d   Thumb Code    14  ae_proc112.o(i.test0_start)
    test1_start                              0x00001fab   Thumb Code    26  ae_proc112.o(i.test1_start)
    test_abort                               0x00001fc5   Thumb Code    34  ae_util.o(i.test_abort)
    test_exit                                0x00002031   Thumb Code    18  ae_util.o(i.test_exit)
    tfp_format                               0x00002059   Thumb Code   274  printf.o(i.tfp_format)
    tfp_printf                               0x0000216d   Thumb Code    24  printf.o(i.tfp_printf)
    tfp_sprintf                              0x00002189   Thumb Code    30  printf.o(i.tfp_sprintf)
    uart_init                                0x000021ad   Thumb Code    84  uart_polling.o(i.uart_init)
    uart_put_char                            0x0000220d   Thumb Code    34  uart_polling.o(i.uart_put_char)
    uart_put_string                          0x00002239   Thumb Code    34  uart_polling.o(i.uart_put_string)
    update_ae_xtest                          0x000022ad   Thumb Code    18  ae_proc112.o(i.update_ae_xtest)
    update_exec_seq                          0x000022c5   Thumb Code    64  ae_proc112.o(i.update_exec_seq)
    PREFIX                                   0x00002308   Data          10  ae_proc112.o(.constdata)
    PREFIX_LOG                               0x00002312   Data          15  ae_proc112.o(.constdata)
    PREFIX_LOG2                              0x00002321   Data          15  ae_proc112.o(.constdata)
    Region$$Table$$Base                      0x00002c60   Number         0  anon$$obj.o(Region$$Table)
    Region$$Table$$Limit                     0x00002c80   Number         0  anon$$obj.o(Region$$Table)
    gp_stack                                 0x10000008   Data           4  k_memory.o(.data)
    mem_block_queue                          0x1000000c   Data           4  k_memory.o(.data)
    heap_start                               0x10000010   Data           4  k_memory.o(.data)
    heap_processes                           0x10000014   Data           4  k_memory.o(.data)
    gp_current_process                       0x10000018   Data           4  k_process.o(.data)
    gp_pcbs                                  0x1000001c   Data           4  k_process.o(.data)
    ready_queues                             0x10000020   Data           4  k_process.o(.data)
    blocked_queues                           0x10000024   Data           4  k_process.o(.data)
    g_proc_table                             0x10000028   Data          96  k_process.o(.bss)
    g_ae_xtest                               0x10000088   Data         132  ae_proc112.o(.bss)
    g_ae_cases                               0x1000010c   Data          16  ae_proc112.o(.bss)
    g_tsk_cases                              0x1000011c   Data         144  ae_proc112.o(.bss)
    __libspace_start                         0x100001ac   Data          96  libspace.o(.bss)
    __temporary_stack_top$libspace           0x1000020c   Data           0  libspace.o(.bss)
    Image$$RW_IRAM1$$ZI$$Limit               0x10000410   Number         0  anon$$obj.o ABSOLUTE



==============================================================================

Memory Map of the image

  Image Entry point : 0x000000cd

  Load Region LR_IROM1 (Base: 0x00000000, Size: 0x00002ca8, Max: 0x00080000, ABSOLUTE)

    Execution Region ER_IROM1 (Exec base: 0x00000000, Load base: 0x00000000, Size: 0x00002c80, Max: 0x00080000, ABSOLUTE)

    Exec Addr    Load Addr    Size         Type   Attr      Idx    E Section Name        Object

    0x00000000   0x00000000   0x000000cc   Data   RO          762    RESET               startup_lpc17xx.o
    0x000000cc   0x000000cc   0x00000008   Code   RO          812  * !!!main             c_w.l(__main.o)
    0x000000d4   0x000000d4   0x00000034   Code   RO          981    !!!scatter          c_w.l(__scatter.o)
    0x00000108   0x00000108   0x0000001a   Code   RO          983    !!handler_copy      c_w.l(__scatter_copy.o)
    0x00000122   0x00000122   0x00000002   PAD
    0x00000124   0x00000124   0x0000001c   Code   RO          985    !!handler_zi        c_w.l(__scatter_zi.o)
    0x00000140   0x00000140   0x00000002   Code   RO          849    .ARM.Collect$$libinit$$00000000  c_w.l(libinit.o)
    0x00000142   0x00000142   0x00000000   Code   RO          862    .ARM.Collect$$libinit$$00000002  c_w.l(libinit2.o)
    0x00000142   0x00000142   0x00000000   Code   RO          864    .ARM.Collect$$libinit$$00000004  c_w.l(libinit2.o)
    0x00000142   0x00000142   0x00000000   Code   RO          867    .ARM.Collect$$libinit$$0000000A  c_w.l(libinit2.o)
    0x00000142   0x00000142   0x00000000   Code   RO          869    .ARM.Collect$$libinit$$0000000C  c_w.l(libinit2.o)
    0x00000142   0x00000142   0x00000000   Code   RO          871    .ARM.Collect$$libinit$$0000000E  c_w.l(libinit2.o)
    0x00000142   0x00000142   0x00000000   Code   RO          874    .ARM.Collect$$libinit$$00000011  c_w.l(libinit2.o)
    0x00000142   0x00000142   0x00000000   Code   RO          876    .ARM.Collect$$libinit$$00000013  c_w.l(libinit2.o)
    0x00000142   0x00000142   0x00000000   Code   RO          878    .ARM.Collect$$libinit$$00000015  c_w.l(libinit2.o)
    0x00000142   0x00000142   0x00000000   Code   RO          880    .ARM.Collect$$libinit$$00000017  c_w.l(libinit2.o)
    0x00000142   0x00000142   0x00000000   Code   RO          882    .ARM.Collect$$libinit$$00000019  c_w.l(libinit2.o)
    0x00000142   0x00000142   0x00000000   Code   RO          884    .ARM.Collect$$libinit$$0000001B  c_w.l(libinit2.o)
    0x00000142   0x00000142   0x00000000   Code   RO          886    .ARM.Collect$$libinit$$0000001D  c_w.l(libinit2.o)
    0x00000142   0x00000142   0x00000000   Code   RO          888    .ARM.Collect$$libinit$$0000001F  c_w.l(libinit2.o)
    0x00000142   0x00000142   0x00000000   Code   RO          890    .ARM.Collect$$libinit$$00000021  c_w.l(libinit2.o)
    0x00000142   0x00000142   0x00000000   Code   RO          892    .ARM.Collect$$libinit$$00000023  c_w.l(libinit2.o)
    0x00000142   0x00000142   0x00000000   Code   RO          894    .ARM.Collect$$libinit$$00000025  c_w.l(libinit2.o)
    0x00000142   0x00000142   0x00000000   Code   RO          898    .ARM.Collect$$libinit$$0000002C  c_w.l(libinit2.o)
    0x00000142   0x00000142   0x00000000   Code   RO          900    .ARM.Collect$$libinit$$0000002E  c_w.l(libinit2.o)
    0x00000142   0x00000142   0x00000000   Code   RO          902    .ARM.Collect$$libinit$$00000030  c_w.l(libinit2.o)
    0x00000142   0x00000142   0x00000000   Code   RO          904    .ARM.Collect$$libinit$$00000032  c_w.l(libinit2.o)
    0x00000142   0x00000142   0x00000002   Code   RO          905    .ARM.Collect$$libinit$$00000033  c_w.l(libinit2.o)
    0x00000144   0x00000144   0x00000002   Code   RO          936    .ARM.Collect$$libshutdown$$00000000  c_w.l(libshutdown.o)
    0x00000146   0x00000146   0x00000000   Code   RO          962    .ARM.Collect$$libshutdown$$00000002  c_w.l(libshutdown2.o)
    0x00000146   0x00000146   0x00000000   Code   RO          964    .ARM.Collect$$libshutdown$$00000004  c_w.l(libshutdown2.o)
    0x00000146   0x00000146   0x00000000   Code   RO          966    .ARM.Collect$$libshutdown$$00000006  c_w.l(libshutdown2.o)
    0x00000146   0x00000146   0x00000000   Code   RO          969    .ARM.Collect$$libshutdown$$00000009  c_w.l(libshutdown2.o)
    0x00000146   0x00000146   0x00000000   Code   RO          972    .ARM.Collect$$libshutdown$$0000000C  c_w.l(libshutdown2.o)
    0x00000146   0x00000146   0x00000000   Code   RO          974    .ARM.Collect$$libshutdown$$0000000E  c_w.l(libshutdown2.o)
    0x00000146   0x00000146   0x00000000   Code   RO          977    .ARM.Collect$$libshutdown$$00000011  c_w.l(libshutdown2.o)
    0x00000146   0x00000146   0x00000002   Code   RO          978    .ARM.Collect$$libshutdown$$00000012  c_w.l(libshutdown2.o)
    0x00000148   0x00000148   0x00000000   Code   RO          814    .ARM.Collect$$rtentry$$00000000  c_w.l(__rtentry.o)
    0x00000148   0x00000148   0x00000000   Code   RO          820    .ARM.Collect$$rtentry$$00000002  c_w.l(__rtentry2.o)
    0x00000148   0x00000148   0x00000006   Code   RO          832    .ARM.Collect$$rtentry$$00000004  c_w.l(__rtentry4.o)
    0x0000014e   0x0000014e   0x00000000   Code   RO          822    .ARM.Collect$$rtentry$$00000009  c_w.l(__rtentry2.o)
    0x0000014e   0x0000014e   0x00000004   Code   RO          823    .ARM.Collect$$rtentry$$0000000A  c_w.l(__rtentry2.o)
    0x00000152   0x00000152   0x00000000   Code   RO          825    .ARM.Collect$$rtentry$$0000000C  c_w.l(__rtentry2.o)
    0x00000152   0x00000152   0x00000008   Code   RO          826    .ARM.Collect$$rtentry$$0000000D  c_w.l(__rtentry2.o)
    0x0000015a   0x0000015a   0x00000002   Code   RO          853    .ARM.Collect$$rtexit$$00000000  c_w.l(rtexit.o)
    0x0000015c   0x0000015c   0x00000000   Code   RO          909    .ARM.Collect$$rtexit$$00000002  c_w.l(rtexit2.o)
    0x0000015c   0x0000015c   0x00000004   Code   RO          910    .ARM.Collect$$rtexit$$00000003  c_w.l(rtexit2.o)
    0x00000160   0x00000160   0x00000006   Code   RO          911    .ARM.Collect$$rtexit$$00000004  c_w.l(rtexit2.o)
    0x00000166   0x00000166   0x00000002   PAD
    0x00000168   0x00000168   0x00000038   Code   RO          200    .emb_text           hal.o
    0x000001a0   0x000001a0   0x0000003c   Code   RO          764    .text               startup_lpc17xx.o
    0x000001dc   0x000001dc   0x00000006   Code   RO          810    .text               c_w.l(heapauxi.o)
    0x000001e2   0x000001e2   0x0000004a   Code   RO          836    .text               c_w.l(sys_stackheap_outer.o)
    0x0000022c   0x0000022c   0x00000012   Code   RO          838    .text               c_w.l(exit.o)
    0x0000023e   0x0000023e   0x00000002   PAD
    0x00000240   0x00000240   0x00000008   Code   RO          850    .text               c_w.l(libspace.o)
    0x00000248   0x00000248   0x0000000c   Code   RO          906    .text               c_w.l(sys_exit.o)
    0x00000254   0x00000254   0x00000002   Code   RO          925    .text               c_w.l(use_no_semi.o)
    0x00000256   0x00000256   0x00000000   Code   RO          927    .text               c_w.l(indicate_semi.o)
    0x00000256   0x00000256   0x00000002   PAD
    0x00000258   0x00000258   0x00000030   Code   RO          554    i.HardFault_Handler  ae_util.o
    0x00000288   0x00000288   0x0000002a   Code   RO           87    i.a2d               printf.o
    0x000002b2   0x000002b2   0x00000034   Code   RO           88    i.a2i               printf.o
    0x000002e6   0x000002e6   0x00000002   Code   RO          527    i.ae_exit           ae.o
    0x000002e8   0x000002e8   0x00000004   Code   RO          529    i.ae_set_proc_info  ae.o
    0x000002ec   0x000002ec   0x0000000c   Code   RO           90    i.init_printf       printf.o
    0x000002f8   0x000002f8   0x00000004   Code   RO            5    i.pre_rtx_init      main_svc.o
    0x000002fc   0x000002fc   0x00000004   Code   RO          763    .ARM.__at_0x02FC    startup_lpc17xx.o
    0x00000300   0x00000300   0x000000b8   Code   RO          774    i.SystemInit        system_lpc17xx.o
    0x000003b8   0x000003b8   0x00000024   Code   RO          528    i.ae_init           ae.o
    0x000003dc   0x000003dc   0x00000018   Code   RO          210    i.alloc_stack       k_memory.o
    0x000003f4   0x000003f4   0x00000344   Code   RO          621    i.check_exec_seq    ae_proc112.o
    0x00000738   0x00000738   0x00000012   Code   RO          555    i.count_set_bits    ae_util.o
    0x0000074a   0x0000074a   0x00000002   PAD
    0x0000074c   0x0000074c   0x000000a8   Code   RO          446    i.delete_elt_if     queue.o
    0x000007f4   0x000007f4   0x000000b4   Code   RO          447    i.dequeue           queue.o
    0x000008a8   0x000008a8   0x00000012   Code   RO          448    i.empty             queue.o
    0x000008ba   0x000008ba   0x00000002   PAD
    0x000008bc   0x000008bc   0x0000005c   Code   RO          449    i.enqueue           queue.o
    0x00000918   0x00000918   0x00000050   Code   RO          622    i.gen_req0          ae_proc112.o
    0x00000968   0x00000968   0x000000a8   Code   RO          623    i.gen_req1          ae_proc112.o
    0x00000a10   0x00000a10   0x00000084   Code   RO          211    i.get_block_index   k_memory.o
    0x00000a94   0x00000a94   0x00000016   Code   RO           89    i.i2a               printf.o
    0x00000aaa   0x00000aaa   0x00000002   PAD
    0x00000aac   0x00000aac   0x0000007c   Code   RO          624    i.init_ae_tsk_test  ae_proc112.o
    0x00000b28   0x00000b28   0x00000038   Code   RO          338    i.k_get_process_by_pid  k_process.o
    0x00000b60   0x00000b60   0x00000024   Code   RO          339    i.k_get_process_priority  k_process.o
    0x00000b84   0x00000b84   0x00000208   Code   RO          212    i.k_release_memory_block  k_memory.o
    0x00000d8c   0x00000d8c   0x0000009c   Code   RO          340    i.k_release_processor  k_process.o
    0x00000e28   0x00000e28   0x000000b4   Code   RO          213    i.k_request_memory_block  k_memory.o
    0x00000edc   0x00000edc   0x000000c8   Code   RO          214    i.k_request_memory_block_nb  k_memory.o
    0x00000fa4   0x00000fa4   0x0000001a   Code   RO          425    i.k_rtx_init        k_rtx_init.o
    0x00000fbe   0x00000fbe   0x00000002   PAD
    0x00000fc0   0x00000fc0   0x000001d4   Code   RO          341    i.k_set_process_priority  k_process.o
    0x00001194   0x00001194   0x00000044   Code   RO            4    i.main              main_svc.o
    0x000011d8   0x000011d8   0x000002bc   Code   RO          215    i.memory_init       k_memory.o
    0x00001494   0x00001494   0x000000d0   Code   RO          451    i.move_elt_if       queue.o
    0x00001564   0x00001564   0x00000020   Code   RO          342    i.null_process      k_process.o
    0x00001584   0x00001584   0x00000024   Code   RO          343    i.pcb_node_is_pid   k_process.o
    0x000015a8   0x000015a8   0x0000006c   Code   RO          556    i.print_log         ae_util.o
    0x00001614   0x00001614   0x00000120   Code   RO          557    i.print_results     ae_util.o
    0x00001734   0x00001734   0x0000002c   Code   RO          558    i.print_summary     ae_util.o
    0x00001760   0x00001760   0x0000005c   Code   RO          625    i.proc1             ae_proc112.o
    0x000017bc   0x000017bc   0x00000274   Code   RO          626    i.proc2             ae_proc112.o
    0x00001a30   0x00001a30   0x00000044   Code   RO          627    i.proc3             ae_proc112.o
    0x00001a74   0x00001a74   0x00000044   Code   RO          628    i.proc4             ae_proc112.o
    0x00001ab8   0x00001ab8   0x0000002c   Code   RO          629    i.proc5             ae_proc112.o
    0x00001ae4   0x00001ae4   0x0000002c   Code   RO          630    i.proc6             ae_proc112.o
    0x00001b10   0x00001b10   0x000001dc   Code   RO          344    i.process_init      k_process.o
    0x00001cec   0x00001cec   0x00000028   Code   RO          559    i.process_sub_result  ae_util.o
    0x00001d14   0x00001d14   0x00000078   Code   RO          345    i.process_switch    k_process.o
    0x00001d8c   0x00001d8c   0x0000003c   Code   RO          152    i.putc              uart_polling.o
    0x00001dc8   0x00001dc8   0x0000004c   Code   RO           91    i.putchw            printf.o
    0x00001e14   0x00001e14   0x0000000a   Code   RO           92    i.putcp             printf.o
    0x00001e1e   0x00001e1e   0x00000002   PAD
    0x00001e20   0x00001e20   0x000000d0   Code   RO          346    i.scheduler         k_process.o
    0x00001ef0   0x00001ef0   0x00000070   Code   RO          631    i.set_test_procs    ae_proc112.o
    0x00001f60   0x00001f60   0x00000012   Code   RO          498    i.set_unprivileged  k_rtx.o
    0x00001f72   0x00001f72   0x00000010   Code   RO          452    i.single_element_or_empty  queue.o
    0x00001f82   0x00001f82   0x0000001a   Code   RO          560    i.strcpy            ae_util.o
    0x00001f9c   0x00001f9c   0x0000000e   Code   RO          632    i.test0_start       ae_proc112.o
    0x00001faa   0x00001faa   0x0000001a   Code   RO          633    i.test1_start       ae_proc112.o
    0x00001fc4   0x00001fc4   0x0000006c   Code   RO          561    i.test_abort        ae_util.o
    0x00002030   0x00002030   0x00000028   Code   RO          562    i.test_exit         ae_util.o
    0x00002058   0x00002058   0x00000112   Code   RO           93    i.tfp_format        printf.o
    0x0000216a   0x0000216a   0x00000002   PAD
    0x0000216c   0x0000216c   0x0000001c   Code   RO           94    i.tfp_printf        printf.o
    0x00002188   0x00002188   0x00000024   Code   RO           95    i.tfp_sprintf       printf.o
    0x000021ac   0x000021ac   0x00000060   Code   RO          154    i.uart_init         uart_polling.o
    0x0000220c   0x0000220c   0x0000002c   Code   RO          155    i.uart_put_char     uart_polling.o
    0x00002238   0x00002238   0x00000022   Code   RO          156    i.uart_put_string   uart_polling.o
    0x0000225a   0x0000225a   0x00000050   Code   RO           96    i.ui2a              printf.o
    0x000022aa   0x000022aa   0x00000002   PAD
    0x000022ac   0x000022ac   0x00000018   Code   RO          634    i.update_ae_xtest   ae_proc112.o
    0x000022c4   0x000022c4   0x00000044   Code   RO          635    i.update_exec_seq   ae_proc112.o
    0x00002308   0x00002308   0x00000028   Data   RO          637    .constdata          ae_proc112.o
    0x00002330   0x00002330   0x0000032a   Data   RO          217    .conststring        k_memory.o
    0x0000265a   0x0000265a   0x00000002   PAD
    0x0000265c   0x0000265c   0x00000603   Data   RO          348    .conststring        k_process.o
    0x00002c5f   0x00002c5f   0x00000001   PAD
    0x00002c60   0x00002c60   0x00000020   Data   RO          979    Region$$Table       anon$$obj.o


    Execution Region RW_IRAM1 (Exec base: 0x10000000, Load base: 0x00002c80, Size: 0x00000410, Max: 0x00008000, ABSOLUTE)

    Exec Addr    Load Addr    Size         Type   Attr      Idx    E Section Name        Object

    0x10000000   0x00002c80   0x00000008   Data   RW           97    .data               printf.o
    0x10000008   0x00002c88   0x00000010   Data   RW          218    .data               k_memory.o
    0x10000018   0x00002c98   0x00000010   Data   RW          349    .data               k_process.o
    0x10000028        -       0x00000060   Zero   RW          347    .bss                k_process.o
    0x10000088        -       0x00000124   Zero   RW          636    .bss                ae_proc112.o
    0x100001ac        -       0x00000060   Zero   RW          851    .bss                c_w.l(libspace.o)
    0x1000020c   0x00002ca8   0x00000004   PAD
    0x10000210        -       0x00000000   Zero   RW          761    HEAP                startup_lpc17xx.o
    0x10000210        -       0x00000200   Zero   RW          760    STACK               startup_lpc17xx.o


==============================================================================

Image component sizes


      Code (inc. data)   RO Data    RW Data    ZI Data      Debug   Object Name

        42          0          0          0          0       2039   ae.o
      2396        746         40          0        292      12125   ae_proc112.o
       720        384          0          0          0       6358   ae_util.o
        56          0          0          0          0        424   hal.o
      1756        946        810         16          0       7362   k_memory.o
      1588        460       1539         16         96      13044   k_process.o
        18          0          0          0          0       4347   k_rtx.o
        26          0          0          0          0        973   k_rtx_init.o
        72         12          0          0          0      24350   main_svc.o
       632         14          0          8          0       7194   printf.o
       682        318          0          0          0       4868   queue.o
        64         26        204          0        512       1148   startup_lpc17xx.o
       184         12          0          0          0        653   system_lpc17xx.o
       234         64          0          0          0       3077   uart_polling.o

    ----------------------------------------------------------------------
      8484       2982       2628         40        900      87962   Object Totals
         0          0         32          0          0          0   (incl. Generated)
        14          0          3          0          0          0   (incl. Padding)

    ----------------------------------------------------------------------

      Code (inc. data)   RO Data    RW Data    ZI Data      Debug   Library Member Name

         8          0          0          0          0         68   __main.o
         0          0          0          0          0          0   __rtentry.o
        12          0          0          0          0          0   __rtentry2.o
         6          0          0          0          0          0   __rtentry4.o
        52          8          0          0          0          0   __scatter.o
        26          0          0          0          0          0   __scatter_copy.o
        28          0          0          0          0          0   __scatter_zi.o
        18          0          0          0          0         80   exit.o
         6          0          0          0          0        152   heapauxi.o
         0          0          0          0          0          0   indicate_semi.o
         2          0          0          0          0          0   libinit.o
         2          0          0          0          0          0   libinit2.o
         2          0          0          0          0          0   libshutdown.o
         2          0          0          0          0          0   libshutdown2.o
         8          4          0          0         96         68   libspace.o
         2          0          0          0          0          0   rtexit.o
        10          0          0          0          0          0   rtexit2.o
        12          4          0          0          0         68   sys_exit.o
        74          0          0          0          0         80   sys_stackheap_outer.o
         2          0          0          0          0         68   use_no_semi.o

    ----------------------------------------------------------------------
       280         16          0          0        100        584   Library Totals
         8          0          0          0          4          0   (incl. Padding)

    ----------------------------------------------------------------------

      Code (inc. data)   RO Data    RW Data    ZI Data      Debug   Library Name

       272         16          0          0         96        584   c_w.l

    ----------------------------------------------------------------------
       280         16          0          0        100        584   Library Totals

    ----------------------------------------------------------------------

==============================================================================


      Code (inc. data)   RO Data    RW Data    ZI Data      Debug   

      8764       2998       2628         40       1000      85110   Grand Totals
      8764       2998       2628         40       1000      85110   ELF Image Totals
      8764       2998       2628         40          0          0   ROM Totals

==============================================================================

    Total RO  Size (Code + RO Data)                11392 (  11.13kB)
    Total RW  Size (RW Data + ZI Data)              1040 (   1.02kB)
    Total ROM Size (Code + RO Data + RW Data)      11432 (  11.16kB)

==============================================================================

