Component: ARM Compiler 5.06 update 6 (build 750) Tool: armlink [4d35ed]

==============================================================================

Section Cross References

    main_svc.o(i.main) refers to system_lpc17xx.o(i.SystemInit) for SystemInit
    main_svc.o(i.main) refers to uart_polling.o(i.uart_init) for uart_init
    main_svc.o(i.main) refers to printf.o(i.init_printf) for init_printf
    main_svc.o(i.main) refers to ae.o(i.ae_init) for ae_init
    main_svc.o(i.main) refers to uart_polling.o(i.putc) for putc
    main_svc.o(i.main) refers to main_svc.o(i.pre_rtx_init) for pre_rtx_init
    main_svc.o(i.main) refers to k_rtx_init.o(i.k_rtx_init) for k_rtx_init
    printf.o(i.a2i) refers to printf.o(i.a2d) for a2d
    printf.o(i.i2a) refers to printf.o(i.ui2a) for ui2a
    printf.o(i.init_printf) refers to printf.o(.data) for stdout_putf
    printf.o(i.tfp_format) refers to printf.o(i.a2i) for a2i
    printf.o(i.tfp_format) refers to printf.o(i.ui2a) for ui2a
    printf.o(i.tfp_format) refers to printf.o(i.putchw) for putchw
    printf.o(i.tfp_format) refers to printf.o(i.i2a) for i2a
    printf.o(i.tfp_printf) refers to printf.o(i.tfp_format) for tfp_format
    printf.o(i.tfp_printf) refers to printf.o(.data) for stdout_putf
    printf.o(i.tfp_sprintf) refers to printf.o(i.tfp_format) for tfp_format
    printf.o(i.tfp_sprintf) refers to printf.o(i.putcp) for putcp
    uart_polling.o(i.putc) refers to uart_polling.o(i.uart_put_string) for uart_put_string
    uart_polling.o(i.putc) refers to uart_polling.o(i.uart_put_char) for uart_put_char
    uart_polling.o(i.uart_put_string) refers to uart_polling.o(i.uart_put_char) for uart_put_char
    k_memory.o(i.alloc_stack) refers to k_memory.o(.data) for gp_stack
    k_memory.o(i.get_block_index) refers to printf.o(i.tfp_printf) for tfp_printf
    k_memory.o(i.get_block_index) refers to k_memory.o(.data) for heap_start
    k_memory.o(i.get_block_index) refers to k_memory.o(.conststring) for .conststring
    k_memory.o(i.k_release_memory_block) refers to printf.o(i.tfp_printf) for tfp_printf
    k_memory.o(i.k_release_memory_block) refers to k_memory.o(i.get_block_index) for get_block_index
    k_memory.o(i.k_release_memory_block) refers to k_rtx.o(i.set_unprivileged) for set_unprivileged
    k_memory.o(i.k_release_memory_block) refers to queue.o(i.empty) for empty
    k_memory.o(i.k_release_memory_block) refers to queue.o(i.dequeue) for dequeue
    k_memory.o(i.k_release_memory_block) refers to queue.o(i.enqueue) for enqueue
    k_memory.o(i.k_release_memory_block) refers to k_process.o(i.k_get_process_priority) for k_get_process_priority
    k_memory.o(i.k_release_memory_block) refers to k_process.o(i.k_release_processor) for k_release_processor
    k_memory.o(i.k_release_memory_block) refers to k_memory.o(.data) for heap_processes
    k_memory.o(i.k_release_memory_block) refers to k_process.o(.data) for gp_current_process
    k_memory.o(i.k_release_memory_block) refers to k_memory.o(.conststring) for .conststring
    k_memory.o(i.k_request_memory_block) refers to k_memory.o(i.k_request_memory_block_nb) for k_request_memory_block_nb
    k_memory.o(i.k_request_memory_block) refers to k_rtx.o(i.set_unprivileged) for set_unprivileged
    k_memory.o(i.k_request_memory_block) refers to k_process.o(i.k_get_process_priority) for k_get_process_priority
    k_memory.o(i.k_request_memory_block) refers to printf.o(i.tfp_printf) for tfp_printf
    k_memory.o(i.k_request_memory_block) refers to queue.o(i.move_elt_if) for move_elt_if
    k_memory.o(i.k_request_memory_block) refers to k_process.o(i.k_release_processor) for k_release_processor
    k_memory.o(i.k_request_memory_block) refers to k_process.o(.data) for gp_current_process
    k_memory.o(i.k_request_memory_block) refers to k_memory.o(.conststring) for .conststring
    k_memory.o(i.k_request_memory_block) refers to k_process.o(i.pcb_node_is_pid) for pcb_node_is_pid
    k_memory.o(i.k_request_memory_block_nb) refers to queue.o(i.dequeue) for dequeue
    k_memory.o(i.k_request_memory_block_nb) refers to printf.o(i.tfp_printf) for tfp_printf
    k_memory.o(i.k_request_memory_block_nb) refers to k_rtx.o(i.set_unprivileged) for set_unprivileged
    k_memory.o(i.k_request_memory_block_nb) refers to k_memory.o(i.get_block_index) for get_block_index
    k_memory.o(i.k_request_memory_block_nb) refers to k_memory.o(.data) for mem_block_queue
    k_memory.o(i.k_request_memory_block_nb) refers to k_memory.o(.conststring) for .conststring
    k_memory.o(i.k_request_memory_block_nb) refers to k_process.o(.data) for gp_current_process
    k_memory.o(i.memory_init) refers to printf.o(i.tfp_printf) for tfp_printf
    k_memory.o(i.memory_init) refers to queue.o(i.enqueue) for enqueue
    k_memory.o(i.memory_init) refers to k_memory.o(i.get_block_index) for get_block_index
    k_memory.o(i.memory_init) refers to k_process.o(.data) for gp_pcbs
    k_memory.o(i.memory_init) refers to k_memory.o(.data) for heap_processes
    k_memory.o(i.memory_init) refers to k_memory.o(.conststring) for .conststring
    k_memory.o(i.reassign_memory_ownership) refers to k_memory.o(i.get_block_index) for get_block_index
    k_memory.o(i.reassign_memory_ownership) refers to printf.o(i.tfp_printf) for tfp_printf
    k_memory.o(i.reassign_memory_ownership) refers to k_memory.o(.data) for heap_processes
    k_memory.o(i.reassign_memory_ownership) refers to k_process.o(.data) for gp_current_process
    k_memory.o(i.reassign_memory_ownership) refers to k_memory.o(.conststring) for .conststring
    k_msg.o(i.k_receive_message) refers to queue.o(i.delete_elt_if) for delete_elt_if
    k_msg.o(i.k_receive_message) refers to printf.o(i.tfp_printf) for tfp_printf
    k_msg.o(i.k_receive_message) refers to k_process.o(i.k_release_processor) for k_release_processor
    k_msg.o(i.k_receive_message) refers to queue.o(i.dequeue) for dequeue
    k_msg.o(i.k_receive_message) refers to k_process.o(.data) for gp_current_process
    k_msg.o(i.k_receive_message) refers to k_process.o(i.pcb_node_is_pid) for pcb_node_is_pid
    k_msg.o(i.k_receive_message) refers to k_msg.o(.conststring) for .conststring
    k_msg.o(i.k_send_message) refers to printf.o(i.tfp_printf) for tfp_printf
    k_msg.o(i.k_send_message) refers to k_process.o(i.k_get_process_by_pid) for k_get_process_by_pid
    k_msg.o(i.k_send_message) refers to k_memory.o(i.reassign_memory_ownership) for reassign_memory_ownership
    k_msg.o(i.k_send_message) refers to queue.o(i.enqueue) for enqueue
    k_msg.o(i.k_send_message) refers to k_rtx.o(i.set_unprivileged) for set_unprivileged
    k_msg.o(i.k_send_message) refers to k_process.o(i.k_release_processor) for k_release_processor
    k_msg.o(i.k_send_message) refers to k_process.o(.data) for gp_current_process
    k_msg.o(i.k_send_message) refers to k_msg.o(.conststring) for .conststring
    k_process.o(i.k_get_process_by_pid) refers to printf.o(i.tfp_printf) for tfp_printf
    k_process.o(i.k_get_process_by_pid) refers to k_process.o(.data) for gp_pcbs
    k_process.o(i.k_get_process_priority) refers to k_process.o(i.k_get_process_by_pid) for k_get_process_by_pid
    k_process.o(i.k_get_process_priority) refers to printf.o(i.tfp_printf) for tfp_printf
    k_process.o(i.k_get_process_priority) refers to k_process.o(.conststring) for .conststring
    k_process.o(i.k_release_processor) refers to k_process.o(i.k_get_process_priority) for k_get_process_priority
    k_process.o(i.k_release_processor) refers to printf.o(i.tfp_printf) for tfp_printf
    k_process.o(i.k_release_processor) refers to queue.o(i.move_elt_if) for move_elt_if
    k_process.o(i.k_release_processor) refers to k_process.o(i.scheduler) for scheduler
    k_process.o(i.k_release_processor) refers to k_rtx.o(i.set_unprivileged) for set_unprivileged
    k_process.o(i.k_release_processor) refers to k_process.o(i.process_switch) for process_switch
    k_process.o(i.k_release_processor) refers to k_process.o(.data) for gp_current_process
    k_process.o(i.k_release_processor) refers to k_process.o(.conststring) for .conststring
    k_process.o(i.k_release_processor) refers to k_process.o(i.pcb_node_is_pid) for pcb_node_is_pid
    k_process.o(i.k_set_process_priority) refers to printf.o(i.tfp_printf) for tfp_printf
    k_process.o(i.k_set_process_priority) refers to k_rtx.o(i.set_unprivileged) for set_unprivileged
    k_process.o(i.k_set_process_priority) refers to k_process.o(i.k_get_process_priority) for k_get_process_priority
    k_process.o(i.k_set_process_priority) refers to queue.o(i.move_elt_if) for move_elt_if
    k_process.o(i.k_set_process_priority) refers to k_process.o(i.k_get_process_by_pid) for k_get_process_by_pid
    k_process.o(i.k_set_process_priority) refers to k_process.o(i.k_release_processor) for k_release_processor
    k_process.o(i.k_set_process_priority) refers to k_process.o(.conststring) for .conststring
    k_process.o(i.k_set_process_priority) refers to k_process.o(.data) for ready_queues
    k_process.o(i.k_set_process_priority) refers to k_process.o(i.pcb_node_is_pid) for pcb_node_is_pid
    k_process.o(i.null_process) refers to printf.o(i.tfp_printf) for tfp_printf
    k_process.o(i.pcb_node_is_pid) refers to printf.o(i.tfp_printf) for tfp_printf
    k_process.o(i.pcb_node_is_pid) refers to k_process.o(.conststring) for .conststring
    k_process.o(i.process_init) refers to printf.o(i.tfp_printf) for tfp_printf
    k_process.o(i.process_init) refers to queue.o(i.enqueue) for enqueue
    k_process.o(i.process_init) refers to k_memory.o(i.alloc_stack) for alloc_stack
    k_process.o(i.process_init) refers to k_process.o(.bss) for g_proc_table
    k_process.o(i.process_init) refers to k_process.o(.data) for gp_pcbs
    k_process.o(i.process_init) refers to k_process.o(i.null_process) for null_process
    k_process.o(i.process_switch) refers to hal.o(.emb_text) for __rte
    k_process.o(i.process_switch) refers to printf.o(i.tfp_printf) for tfp_printf
    k_process.o(i.process_switch) refers to k_process.o(.data) for gp_current_process
    k_process.o(i.process_switch) refers to k_process.o(.conststring) for .conststring
    k_process.o(i.scheduler) refers to queue.o(i.empty) for empty
    k_process.o(i.scheduler) refers to queue.o(i.dequeue) for dequeue
    k_process.o(i.scheduler) refers to printf.o(i.tfp_printf) for tfp_printf
    k_process.o(i.scheduler) refers to queue.o(i.enqueue) for enqueue
    k_process.o(i.scheduler) refers to k_process.o(.data) for ready_queues
    k_process.o(i.scheduler) refers to k_process.o(.conststring) for .conststring
    k_rtx_init.o(i.k_rtx_init) refers to k_memory.o(i.memory_init) for memory_init
    k_rtx_init.o(i.k_rtx_init) refers to k_process.o(i.process_init) for process_init
    k_rtx_init.o(i.k_rtx_init) refers to k_process.o(i.k_release_processor) for k_release_processor
    queue.o(i.delete_elt_if) refers to printf.o(i.tfp_printf) for tfp_printf
    queue.o(i.delete_elt_if) refers to queue.o(i.empty) for empty
    queue.o(i.delete_elt_if) refers to queue.o(i.single_element_or_empty) for single_element_or_empty
    queue.o(i.dequeue) refers to printf.o(i.tfp_printf) for tfp_printf
    queue.o(i.dequeue) refers to queue.o(i.empty) for empty
    queue.o(i.dequeue) refers to queue.o(i.single_element_or_empty) for single_element_or_empty
    queue.o(i.enqueue) refers to printf.o(i.tfp_printf) for tfp_printf
    queue.o(i.enqueue) refers to queue.o(i.empty) for empty
    queue.o(i.get_elt_if) refers to printf.o(i.tfp_printf) for tfp_printf
    queue.o(i.move_elt_if) refers to queue.o(i.delete_elt_if) for delete_elt_if
    queue.o(i.move_elt_if) refers to printf.o(i.tfp_printf) for tfp_printf
    queue.o(i.move_elt_if) refers to queue.o(i.enqueue) for enqueue
    k_rtx.o(i.set_privileged) refers to k_rtx.o(i.__set_CONTROL) for __set_CONTROL
    k_rtx.o(i.set_unprivileged) refers to k_rtx.o(i.__set_CONTROL) for __set_CONTROL
    ae.o(i.ae_init) refers to ae.o(i.ae_set_proc_info) for ae_set_proc_info
    ae.o(i.ae_set_proc_info) refers to ae_proc5_pt2a1.o(i.set_test_procs) for set_test_procs
    ae_util.o(i.HardFault_Handler) refers to printf.o(i.tfp_printf) for tfp_printf
    ae_util.o(i.HardFault_Handler) refers to ae_util.o(i.test_abort) for test_abort
    ae_util.o(i.HardFault_Handler) refers to ae_proc5_pt2a1.o(.constdata) for PREFIX
    ae_util.o(i.HardFault_Handler) refers to ae_proc5_pt2a1.o(.bss) for g_ae_xtest
    ae_util.o(i.print_log) refers to printf.o(i.tfp_printf) for tfp_printf
    ae_util.o(i.print_log) refers to ae_proc5_pt2a1.o(.constdata) for PREFIX_LOG
    ae_util.o(i.print_results) refers to ae_util.o(i.count_set_bits) for count_set_bits
    ae_util.o(i.print_results) refers to printf.o(i.tfp_printf) for tfp_printf
    ae_util.o(i.print_results) refers to ae_proc5_pt2a1.o(.constdata) for PREFIX_LOG
    ae_util.o(i.print_results) refers to ae_proc5_pt2a1.o(.bss) for g_ae_xtest
    ae_util.o(i.print_summary) refers to ae_util.o(i.print_results) for print_results
    ae_util.o(i.print_summary) refers to printf.o(i.tfp_printf) for tfp_printf
    ae_util.o(i.print_summary) refers to ae.o(i.ae_exit) for ae_exit
    ae_util.o(i.print_summary) refers to ae_proc5_pt2a1.o(.bss) for g_ae_cases
    ae_util.o(i.print_summary) refers to ae_proc5_pt2a1.o(.constdata) for PREFIX
    ae_util.o(i.process_sub_result) refers to ae_util.o(i.print_log) for print_log
    ae_util.o(i.process_sub_result) refers to ae_proc5_pt2a1.o(.bss) for g_ae_cases
    ae_util.o(i.test_abort) refers to printf.o(i.tfp_printf) for tfp_printf
    ae_util.o(i.test_abort) refers to ae_util.o(i.print_summary) for print_summary
    ae_util.o(i.test_abort) refers to ae_proc5_pt2a1.o(.bss) for g_ae_xtest
    ae_util.o(i.test_abort) refers to ae_proc5_pt2a1.o(.constdata) for PREFIX
    ae_util.o(i.test_exit) refers to printf.o(i.tfp_printf) for tfp_printf
    ae_util.o(i.test_exit) refers to ae_util.o(i.print_summary) for print_summary
    ae_util.o(i.test_exit) refers to ae_proc5_pt2a1.o(.constdata) for PREFIX
    ae_proc5_pt2a1.o(i.proc1) refers to uart_polling.o(i.uart_put_string) for uart_put_string
    ae_proc5_pt2a1.o(i.proc1) refers to printf.o(i.tfp_printf) for tfp_printf
    ae_proc5_pt2a1.o(i.proc1) refers to k_process.o(i.k_release_processor) for k_release_processor
    ae_proc5_pt2a1.o(i.proc1) refers to k_msg.o(i.k_receive_message) for k_receive_message
    ae_proc5_pt2a1.o(i.proc1) refers to k_memory.o(i.k_release_memory_block) for k_release_memory_block
    ae_proc5_pt2a1.o(i.proc1) refers to k_process.o(i.k_set_process_priority) for k_set_process_priority
    ae_proc5_pt2a1.o(i.proc2) refers to uart_polling.o(i.uart_put_string) for uart_put_string
    ae_proc5_pt2a1.o(i.proc2) refers to ae_util.o(i.strcpy) for strcpy
    ae_proc5_pt2a1.o(i.proc2) refers to k_process.o(i.k_release_processor) for k_release_processor
    ae_proc5_pt2a1.o(i.proc2) refers to k_memory.o(i.k_request_memory_block) for k_request_memory_block
    ae_proc5_pt2a1.o(i.proc2) refers to k_msg.o(i.k_send_message) for k_send_message
    ae_proc5_pt2a1.o(i.proc2) refers to k_process.o(i.k_set_process_priority) for k_set_process_priority
    ae_proc5_pt2a1.o(i.proc3) refers to uart_polling.o(i.uart_put_string) for uart_put_string
    ae_proc5_pt2a1.o(i.proc3) refers to printf.o(i.tfp_printf) for tfp_printf
    ae_proc5_pt2a1.o(i.proc3) refers to k_process.o(i.k_release_processor) for k_release_processor
    ae_proc5_pt2a1.o(i.proc3) refers to k_msg.o(i.k_receive_message) for k_receive_message
    ae_proc5_pt2a1.o(i.proc3) refers to k_memory.o(i.k_release_memory_block) for k_release_memory_block
    ae_proc5_pt2a1.o(i.proc4) refers to uart_polling.o(i.uart_put_string) for uart_put_string
    ae_proc5_pt2a1.o(i.proc4) refers to k_process.o(i.k_release_processor) for k_release_processor
    ae_proc5_pt2a1.o(i.proc5) refers to uart_polling.o(i.uart_put_string) for uart_put_string
    ae_proc5_pt2a1.o(i.proc5) refers to k_process.o(i.k_release_processor) for k_release_processor
    ae_proc5_pt2a1.o(i.proc6) refers to uart_polling.o(i.uart_put_string) for uart_put_string
    ae_proc5_pt2a1.o(i.proc6) refers to k_process.o(i.k_release_processor) for k_release_processor
    ae_proc5_pt2a1.o(i.set_test_procs) refers to ae_proc5_pt2a1.o(i.proc1) for proc1
    ae_proc5_pt2a1.o(i.set_test_procs) refers to ae_proc5_pt2a1.o(i.proc2) for proc2
    ae_proc5_pt2a1.o(i.set_test_procs) refers to ae_proc5_pt2a1.o(i.proc3) for proc3
    ae_proc5_pt2a1.o(i.set_test_procs) refers to ae_proc5_pt2a1.o(i.proc4) for proc4
    ae_proc5_pt2a1.o(i.set_test_procs) refers to ae_proc5_pt2a1.o(i.proc5) for proc5
    ae_proc5_pt2a1.o(i.set_test_procs) refers to ae_proc5_pt2a1.o(i.proc6) for proc6
    startup_lpc17xx.o(STACK) refers (Special) to heapauxi.o(.text) for __use_two_region_memory
    startup_lpc17xx.o(HEAP) refers (Special) to heapauxi.o(.text) for __use_two_region_memory
    startup_lpc17xx.o(RESET) refers (Special) to heapauxi.o(.text) for __use_two_region_memory
    startup_lpc17xx.o(RESET) refers to startup_lpc17xx.o(STACK) for __initial_sp
    startup_lpc17xx.o(RESET) refers to startup_lpc17xx.o(.text) for Reset_Handler
    startup_lpc17xx.o(RESET) refers to ae_util.o(i.HardFault_Handler) for HardFault_Handler
    startup_lpc17xx.o(RESET) refers to hal.o(.emb_text) for SVC_Handler
    startup_lpc17xx.o(.text) refers (Special) to heapauxi.o(.text) for __use_two_region_memory
    startup_lpc17xx.o(.text) refers to system_lpc17xx.o(i.SystemInit) for SystemInit
    startup_lpc17xx.o(.text) refers to __main.o(!!!main) for __main
    startup_lpc17xx.o(.text) refers to startup_lpc17xx.o(HEAP) for Heap_Mem
    startup_lpc17xx.o(.text) refers to startup_lpc17xx.o(STACK) for Stack_Mem
    system_lpc17xx.o(i.SystemCoreClockUpdate) refers to lludivv7m.o(.text) for __aeabi_uldivmod
    system_lpc17xx.o(i.SystemCoreClockUpdate) refers to system_lpc17xx.o(.data) for SystemCoreClock
    __main.o(!!!main) refers to __rtentry.o(.ARM.Collect$$rtentry$$00000000) for __rt_entry
    __rtentry.o(.ARM.Collect$$rtentry$$00000000) refers (Special) to __rtentry2.o(.ARM.Collect$$rtentry$$0000000A) for __rt_entry_li
    __rtentry.o(.ARM.Collect$$rtentry$$00000000) refers (Special) to __rtentry2.o(.ARM.Collect$$rtentry$$0000000D) for __rt_entry_main
    __rtentry.o(.ARM.Collect$$rtentry$$00000000) refers (Special) to __rtentry2.o(.ARM.Collect$$rtentry$$0000000C) for __rt_entry_postli_1
    __rtentry.o(.ARM.Collect$$rtentry$$00000000) refers (Special) to __rtentry2.o(.ARM.Collect$$rtentry$$00000009) for __rt_entry_postsh_1
    __rtentry.o(.ARM.Collect$$rtentry$$00000000) refers (Special) to __rtentry2.o(.ARM.Collect$$rtentry$$00000002) for __rt_entry_presh_1
    __rtentry.o(.ARM.Collect$$rtentry$$00000000) refers (Special) to __rtentry4.o(.ARM.Collect$$rtentry$$00000004) for __rt_entry_sh
    aeabi_ldiv0_sigfpe.o(.text) refers to rt_div0.o(.text) for __rt_div0
    __rtentry2.o(.ARM.Collect$$rtentry$$00000008) refers to boardinit2.o(.text) for _platform_post_stackheap_init
    __rtentry2.o(.ARM.Collect$$rtentry$$0000000A) refers to libinit.o(.ARM.Collect$$libinit$$00000000) for __rt_lib_init
    __rtentry2.o(.ARM.Collect$$rtentry$$0000000B) refers to boardinit3.o(.text) for _platform_post_lib_init
    __rtentry2.o(.ARM.Collect$$rtentry$$0000000D) refers to main_svc.o(i.main) for main
    __rtentry2.o(.ARM.Collect$$rtentry$$0000000D) refers to exit.o(.text) for exit
    __rtentry2.o(.ARM.exidx) refers to __rtentry2.o(.ARM.Collect$$rtentry$$00000001) for .ARM.Collect$$rtentry$$00000001
    __rtentry2.o(.ARM.exidx) refers to __rtentry2.o(.ARM.Collect$$rtentry$$00000008) for .ARM.Collect$$rtentry$$00000008
    __rtentry2.o(.ARM.exidx) refers to __rtentry2.o(.ARM.Collect$$rtentry$$0000000A) for .ARM.Collect$$rtentry$$0000000A
    __rtentry2.o(.ARM.exidx) refers to __rtentry2.o(.ARM.Collect$$rtentry$$0000000B) for .ARM.Collect$$rtentry$$0000000B
    __rtentry2.o(.ARM.exidx) refers to __rtentry2.o(.ARM.Collect$$rtentry$$0000000D) for .ARM.Collect$$rtentry$$0000000D
    __rtentry4.o(.ARM.Collect$$rtentry$$00000004) refers to sys_stackheap_outer.o(.text) for __user_setup_stackheap
    __rtentry4.o(.ARM.exidx) refers to __rtentry4.o(.ARM.Collect$$rtentry$$00000004) for .ARM.Collect$$rtentry$$00000004
    rt_div0.o(.text) refers to defsig_fpe_outer.o(.text) for __rt_SIGFPE
    sys_stackheap_outer.o(.text) refers to libspace.o(.text) for __user_perproc_libspace
    sys_stackheap_outer.o(.text) refers to startup_lpc17xx.o(.text) for __user_initial_stackheap
    exit.o(.text) refers to rtexit.o(.ARM.Collect$$rtexit$$00000000) for __rt_exit
    defsig_fpe_outer.o(.text) refers to defsig_fpe_inner.o(.text) for __rt_SIGFPE_inner
    defsig_fpe_outer.o(.text) refers to defsig_exit.o(.text) for __sig_exit
    defsig_fpe_formal.o(.text) refers to rt_raise.o(.text) for __rt_raise
    libinit.o(.ARM.Collect$$libinit$$00000000) refers (Special) to libinit2.o(.ARM.Collect$$libinit$$0000002E) for __rt_lib_init_alloca_1
    libinit.o(.ARM.Collect$$libinit$$00000000) refers (Special) to libinit2.o(.ARM.Collect$$libinit$$0000002C) for __rt_lib_init_argv_1
    libinit.o(.ARM.Collect$$libinit$$00000000) refers (Special) to libinit2.o(.ARM.Collect$$libinit$$0000001B) for __rt_lib_init_atexit_1
    libinit.o(.ARM.Collect$$libinit$$00000000) refers (Special) to libinit2.o(.ARM.Collect$$libinit$$00000021) for __rt_lib_init_clock_1
    libinit.o(.ARM.Collect$$libinit$$00000000) refers (Special) to libinit2.o(.ARM.Collect$$libinit$$00000032) for __rt_lib_init_cpp_1
    libinit.o(.ARM.Collect$$libinit$$00000000) refers (Special) to libinit2.o(.ARM.Collect$$libinit$$00000030) for __rt_lib_init_exceptions_1
    libinit.o(.ARM.Collect$$libinit$$00000000) refers (Special) to libinit2.o(.ARM.Collect$$libinit$$00000002) for __rt_lib_init_fp_1
    libinit.o(.ARM.Collect$$libinit$$00000000) refers (Special) to libinit2.o(.ARM.Collect$$libinit$$0000001F) for __rt_lib_init_fp_trap_1
    libinit.o(.ARM.Collect$$libinit$$00000000) refers (Special) to libinit2.o(.ARM.Collect$$libinit$$00000023) for __rt_lib_init_getenv_1
    libinit.o(.ARM.Collect$$libinit$$00000000) refers (Special) to libinit2.o(.ARM.Collect$$libinit$$0000000A) for __rt_lib_init_heap_1
    libinit.o(.ARM.Collect$$libinit$$00000000) refers (Special) to libinit2.o(.ARM.Collect$$libinit$$00000011) for __rt_lib_init_lc_collate_1
    libinit.o(.ARM.Collect$$libinit$$00000000) refers (Special) to libinit2.o(.ARM.Collect$$libinit$$00000013) for __rt_lib_init_lc_ctype_1
    libinit.o(.ARM.Collect$$libinit$$00000000) refers (Special) to libinit2.o(.ARM.Collect$$libinit$$00000015) for __rt_lib_init_lc_monetary_1
    libinit.o(.ARM.Collect$$libinit$$00000000) refers (Special) to libinit2.o(.ARM.Collect$$libinit$$00000017) for __rt_lib_init_lc_numeric_1
    libinit.o(.ARM.Collect$$libinit$$00000000) refers (Special) to libinit2.o(.ARM.Collect$$libinit$$00000019) for __rt_lib_init_lc_time_1
    libinit.o(.ARM.Collect$$libinit$$00000000) refers (Special) to libinit2.o(.ARM.Collect$$libinit$$00000004) for __rt_lib_init_preinit_1
    libinit.o(.ARM.Collect$$libinit$$00000000) refers (Special) to libinit2.o(.ARM.Collect$$libinit$$0000000E) for __rt_lib_init_rand_1
    libinit.o(.ARM.Collect$$libinit$$00000000) refers (Special) to libinit2.o(.ARM.Collect$$libinit$$00000033) for __rt_lib_init_return
    libinit.o(.ARM.Collect$$libinit$$00000000) refers (Special) to libinit2.o(.ARM.Collect$$libinit$$0000001D) for __rt_lib_init_signal_1
    libinit.o(.ARM.Collect$$libinit$$00000000) refers (Special) to libinit2.o(.ARM.Collect$$libinit$$00000025) for __rt_lib_init_stdio_1
    libinit.o(.ARM.Collect$$libinit$$00000000) refers (Special) to libinit2.o(.ARM.Collect$$libinit$$0000000C) for __rt_lib_init_user_alloc_1
    libspace.o(.text) refers to libspace.o(.bss) for __libspace_start
    rtexit.o(.ARM.Collect$$rtexit$$00000000) refers (Special) to rtexit2.o(.ARM.Collect$$rtexit$$00000004) for __rt_exit_exit
    rtexit.o(.ARM.Collect$$rtexit$$00000000) refers (Special) to rtexit2.o(.ARM.Collect$$rtexit$$00000003) for __rt_exit_ls
    rtexit.o(.ARM.Collect$$rtexit$$00000000) refers (Special) to rtexit2.o(.ARM.Collect$$rtexit$$00000002) for __rt_exit_prels_1
    rtexit.o(.ARM.exidx) refers (Special) to rtexit2.o(.ARM.Collect$$rtexit$$00000004) for __rt_exit_exit
    rtexit.o(.ARM.exidx) refers (Special) to rtexit2.o(.ARM.Collect$$rtexit$$00000003) for __rt_exit_ls
    rtexit.o(.ARM.exidx) refers (Special) to rtexit2.o(.ARM.Collect$$rtexit$$00000002) for __rt_exit_prels_1
    rtexit.o(.ARM.exidx) refers to rtexit.o(.ARM.Collect$$rtexit$$00000000) for .ARM.Collect$$rtexit$$00000000
    rt_raise.o(.text) refers to __raise.o(.text) for __raise
    rt_raise.o(.text) refers to sys_exit.o(.text) for _sys_exit
    defsig_exit.o(.text) refers to sys_exit.o(.text) for _sys_exit
    defsig_fpe_inner.o(.text) refers to defsig_general.o(.text) for __default_signal_display
    libinit2.o(.ARM.Collect$$libinit$$00000010) refers to libinit2.o(.ARM.Collect$$libinit$$0000000F) for .ARM.Collect$$libinit$$0000000F
    libinit2.o(.ARM.Collect$$libinit$$00000012) refers to libinit2.o(.ARM.Collect$$libinit$$0000000F) for .ARM.Collect$$libinit$$0000000F
    libinit2.o(.ARM.Collect$$libinit$$00000014) refers to libinit2.o(.ARM.Collect$$libinit$$0000000F) for .ARM.Collect$$libinit$$0000000F
    libinit2.o(.ARM.Collect$$libinit$$00000016) refers to libinit2.o(.ARM.Collect$$libinit$$0000000F) for .ARM.Collect$$libinit$$0000000F
    libinit2.o(.ARM.Collect$$libinit$$00000018) refers to libinit2.o(.ARM.Collect$$libinit$$0000000F) for .ARM.Collect$$libinit$$0000000F
    libinit2.o(.ARM.Collect$$libinit$$00000026) refers to argv_veneer.o(.emb_text) for __ARM_argv_veneer
    libinit2.o(.ARM.Collect$$libinit$$00000027) refers to argv_veneer.o(.emb_text) for __ARM_argv_veneer
    sys_exit.o(.text) refers (Special) to use_no_semi.o(.text) for __I$use$semihosting
    sys_exit.o(.text) refers (Special) to indicate_semi.o(.text) for __semihosting_library_function
    rtexit2.o(.ARM.Collect$$rtexit$$00000003) refers to libshutdown.o(.ARM.Collect$$libshutdown$$00000000) for __rt_lib_shutdown
    rtexit2.o(.ARM.Collect$$rtexit$$00000004) refers to sys_exit.o(.text) for _sys_exit
    rtexit2.o(.ARM.exidx) refers to rtexit2.o(.ARM.Collect$$rtexit$$00000001) for .ARM.Collect$$rtexit$$00000001
    rtexit2.o(.ARM.exidx) refers to rtexit2.o(.ARM.Collect$$rtexit$$00000003) for .ARM.Collect$$rtexit$$00000003
    rtexit2.o(.ARM.exidx) refers to rtexit2.o(.ARM.Collect$$rtexit$$00000004) for .ARM.Collect$$rtexit$$00000004
    __raise.o(.text) refers to defsig.o(CL$$defsig) for __default_signal_handler
    defsig_general.o(.text) refers to sys_wrch.o(.text) for _ttywrch
    argv_veneer.o(.emb_text) refers to no_argv.o(.text) for __ARM_get_argv
    sys_wrch.o(.text) refers (Special) to use_no_semi.o(.text) for __I$use$semihosting
    sys_wrch.o(.text) refers (Special) to indicate_semi.o(.text) for __semihosting_library_function
    defsig.o(CL$$defsig) refers to defsig_fpe_inner.o(.text) for __rt_SIGFPE_inner
    defsig.o(CL$$defsig) refers to defsig_rtmem_inner.o(.text) for __rt_SIGRTMEM_inner
    _get_argv_nomalloc.o(.text) refers (Special) to hrguard.o(.text) for __heap_region$guard
    _get_argv_nomalloc.o(.text) refers to defsig_rtmem_outer.o(.text) for __rt_SIGRTMEM
    _get_argv_nomalloc.o(.text) refers to sys_command.o(.text) for _sys_command_string
    libshutdown.o(.ARM.Collect$$libshutdown$$00000000) refers (Special) to libshutdown2.o(.ARM.Collect$$libshutdown$$00000002) for __rt_lib_shutdown_cpp_1
    libshutdown.o(.ARM.Collect$$libshutdown$$00000000) refers (Special) to libshutdown2.o(.ARM.Collect$$libshutdown$$00000007) for __rt_lib_shutdown_fp_trap_1
    libshutdown.o(.ARM.Collect$$libshutdown$$00000000) refers (Special) to libshutdown2.o(.ARM.Collect$$libshutdown$$0000000F) for __rt_lib_shutdown_heap_1
    libshutdown.o(.ARM.Collect$$libshutdown$$00000000) refers (Special) to libshutdown2.o(.ARM.Collect$$libshutdown$$00000010) for __rt_lib_shutdown_return
    libshutdown.o(.ARM.Collect$$libshutdown$$00000000) refers (Special) to libshutdown2.o(.ARM.Collect$$libshutdown$$0000000A) for __rt_lib_shutdown_signal_1
    libshutdown.o(.ARM.Collect$$libshutdown$$00000000) refers (Special) to libshutdown2.o(.ARM.Collect$$libshutdown$$00000004) for __rt_lib_shutdown_stdio_1
    libshutdown.o(.ARM.Collect$$libshutdown$$00000000) refers (Special) to libshutdown2.o(.ARM.Collect$$libshutdown$$0000000C) for __rt_lib_shutdown_user_alloc_1
    sys_command.o(.text) refers (Special) to use_no_semi.o(.text) for __I$use$semihosting
    sys_command.o(.text) refers (Special) to indicate_semi.o(.text) for __semihosting_library_function
    defsig_abrt_inner.o(.text) refers to defsig_general.o(.text) for __default_signal_display
    defsig_rtred_inner.o(.text) refers to defsig_general.o(.text) for __default_signal_display
    defsig_rtmem_inner.o(.text) refers to defsig_general.o(.text) for __default_signal_display
    defsig_rtmem_outer.o(.text) refers to defsig_rtmem_inner.o(.text) for __rt_SIGRTMEM_inner
    defsig_rtmem_outer.o(.text) refers to defsig_exit.o(.text) for __sig_exit
    defsig_rtmem_formal.o(.text) refers to rt_raise.o(.text) for __rt_raise
    defsig_stak_inner.o(.text) refers to defsig_general.o(.text) for __default_signal_display
    defsig_pvfn_inner.o(.text) refers to defsig_general.o(.text) for __default_signal_display
    defsig_cppl_inner.o(.text) refers to defsig_general.o(.text) for __default_signal_display
    defsig_segv_inner.o(.text) refers to defsig_general.o(.text) for __default_signal_display
    defsig_other.o(.text) refers to defsig_general.o(.text) for __default_signal_display


==============================================================================

Removing Unused input sections from the image.

    Removing main_svc.o(.rev16_text), (4 bytes).
    Removing main_svc.o(.revsh_text), (4 bytes).
    Removing main_svc.o(.rrx_text), (6 bytes).
    Removing printf.o(i.putcp), (10 bytes).
    Removing printf.o(i.tfp_sprintf), (44 bytes).
    Removing uart_polling.o(.rev16_text), (4 bytes).
    Removing uart_polling.o(.revsh_text), (4 bytes).
    Removing uart_polling.o(.rrx_text), (6 bytes).
    Removing uart_polling.o(i.uart_get_char), (48 bytes).
    Removing k_memory.o(.rev16_text), (4 bytes).
    Removing k_memory.o(.revsh_text), (4 bytes).
    Removing k_memory.o(.rrx_text), (6 bytes).
    Removing k_msg.o(.rev16_text), (4 bytes).
    Removing k_msg.o(.revsh_text), (4 bytes).
    Removing k_msg.o(.rrx_text), (6 bytes).
    Removing k_msg.o(i.k_delayed_send), (6 bytes).
    Removing k_process.o(.rev16_text), (4 bytes).
    Removing k_process.o(.revsh_text), (4 bytes).
    Removing k_process.o(.rrx_text), (6 bytes).
    Removing k_rtx_init.o(.rev16_text), (4 bytes).
    Removing k_rtx_init.o(.revsh_text), (4 bytes).
    Removing k_rtx_init.o(.rrx_text), (6 bytes).
    Removing queue.o(i.get_elt_if), (100 bytes).
    Removing k_rtx.o(.rev16_text), (4 bytes).
    Removing k_rtx.o(.revsh_text), (4 bytes).
    Removing k_rtx.o(.rrx_text), (6 bytes).
    Removing k_rtx.o(i.set_privileged), (22 bytes).
    Removing ae_util.o(i.print_log), (112 bytes).
    Removing ae_util.o(i.process_sub_result), (56 bytes).
    Removing ae_util.o(i.test_exit), (36 bytes).
    Removing system_lpc17xx.o(.rev16_text), (4 bytes).
    Removing system_lpc17xx.o(.revsh_text), (4 bytes).
    Removing system_lpc17xx.o(.rrx_text), (6 bytes).
    Removing system_lpc17xx.o(i.SystemCoreClockUpdate), (424 bytes).
    Removing system_lpc17xx.o(.data), (4 bytes).

35 unused section(s) (total 974 bytes) removed from the image.

==============================================================================

Image Symbol Table

    Local Symbols

    Symbol Name                              Value     Ov Type        Size  Object(Section)

    ../clib/angel/boardlib.s                 0x00000000   Number         0  boardinit1.o ABSOLUTE
    ../clib/angel/boardlib.s                 0x00000000   Number         0  boardinit3.o ABSOLUTE
    ../clib/angel/boardlib.s                 0x00000000   Number         0  boardshut.o ABSOLUTE
    ../clib/angel/boardlib.s                 0x00000000   Number         0  boardinit2.o ABSOLUTE
    ../clib/angel/handlers.s                 0x00000000   Number         0  __scatter_zi.o ABSOLUTE
    ../clib/angel/handlers.s                 0x00000000   Number         0  __scatter_copy.o ABSOLUTE
    ../clib/angel/kernel.s                   0x00000000   Number         0  __rtentry4.o ABSOLUTE
    ../clib/angel/kernel.s                   0x00000000   Number         0  __rtentry2.o ABSOLUTE
    ../clib/angel/kernel.s                   0x00000000   Number         0  __rtentry.o ABSOLUTE
    ../clib/angel/kernel.s                   0x00000000   Number         0  rtexit.o ABSOLUTE
    ../clib/angel/kernel.s                   0x00000000   Number         0  rtexit2.o ABSOLUTE
    ../clib/angel/rt.s                       0x00000000   Number         0  aeabi_ldiv0.o ABSOLUTE
    ../clib/angel/rt.s                       0x00000000   Number         0  aeabi_ldiv0_sigfpe.o ABSOLUTE
    ../clib/angel/rt.s                       0x00000000   Number         0  rt_div0.o ABSOLUTE
    ../clib/angel/rt.s                       0x00000000   Number         0  rt_raise.o ABSOLUTE
    ../clib/angel/scatter.s                  0x00000000   Number         0  __scatter.o ABSOLUTE
    ../clib/angel/startup.s                  0x00000000   Number         0  __main.o ABSOLUTE
    ../clib/angel/sys.s                      0x00000000   Number         0  indicate_semi.o ABSOLUTE
    ../clib/angel/sys.s                      0x00000000   Number         0  sys_stackheap_outer.o ABSOLUTE
    ../clib/angel/sys.s                      0x00000000   Number         0  libspace.o ABSOLUTE
    ../clib/angel/sys.s                      0x00000000   Number         0  use_no_semi.o ABSOLUTE
    ../clib/angel/sysapp.c                   0x00000000   Number         0  sys_command.o ABSOLUTE
    ../clib/angel/sysapp.c                   0x00000000   Number         0  sys_wrch.o ABSOLUTE
    ../clib/angel/sysapp.c                   0x00000000   Number         0  sys_exit.o ABSOLUTE
    ../clib/armsys.c                         0x00000000   Number         0  _get_argv_nomalloc.o ABSOLUTE
    ../clib/armsys.c                         0x00000000   Number         0  no_argv.o ABSOLUTE
    ../clib/armsys.c                         0x00000000   Number         0  argv_veneer.o ABSOLUTE
    ../clib/armsys.c                         0x00000000   Number         0  argv_veneer.o ABSOLUTE
    ../clib/heapalloc.c                      0x00000000   Number         0  hrguard.o ABSOLUTE
    ../clib/heapaux.c                        0x00000000   Number         0  heapauxi.o ABSOLUTE
    ../clib/libinit.s                        0x00000000   Number         0  libinit.o ABSOLUTE
    ../clib/libinit.s                        0x00000000   Number         0  libshutdown.o ABSOLUTE
    ../clib/libinit.s                        0x00000000   Number         0  libshutdown2.o ABSOLUTE
    ../clib/libinit.s                        0x00000000   Number         0  libinit2.o ABSOLUTE
    ../clib/longlong.s                       0x00000000   Number         0  lludivv7m.o ABSOLUTE
    ../clib/signal.c                         0x00000000   Number         0  defsig_rtmem_outer.o ABSOLUTE
    ../clib/signal.c                         0x00000000   Number         0  defsig_cppl_inner.o ABSOLUTE
    ../clib/signal.c                         0x00000000   Number         0  defsig_segv_inner.o ABSOLUTE
    ../clib/signal.c                         0x00000000   Number         0  defsig_other.o ABSOLUTE
    ../clib/signal.c                         0x00000000   Number         0  defsig_rtmem_inner.o ABSOLUTE
    ../clib/signal.c                         0x00000000   Number         0  defsig_abrt_inner.o ABSOLUTE
    ../clib/signal.c                         0x00000000   Number         0  defsig_exit.o ABSOLUTE
    ../clib/signal.c                         0x00000000   Number         0  defsig_fpe_inner.o ABSOLUTE
    ../clib/signal.c                         0x00000000   Number         0  defsig_fpe_formal.o ABSOLUTE
    ../clib/signal.c                         0x00000000   Number         0  defsig_stak_inner.o ABSOLUTE
    ../clib/signal.c                         0x00000000   Number         0  defsig_fpe_outer.o ABSOLUTE
    ../clib/signal.c                         0x00000000   Number         0  defsig_rtred_inner.o ABSOLUTE
    ../clib/signal.c                         0x00000000   Number         0  defsig_rtmem_formal.o ABSOLUTE
    ../clib/signal.c                         0x00000000   Number         0  defsig_pvfn_inner.o ABSOLUTE
    ../clib/signal.c                         0x00000000   Number         0  defsig_general.o ABSOLUTE
    ../clib/signal.c                         0x00000000   Number         0  __raise.o ABSOLUTE
    ../clib/signal.s                         0x00000000   Number         0  defsig.o ABSOLUTE
    ../clib/stdlib.c                         0x00000000   Number         0  exit.o ABSOLUTE
    ../fplib/fpinit.s                        0x00000000   Number         0  fpinit.o ABSOLUTE
    RTE\Device\LPC1768\startup_LPC17xx.s     0x00000000   Number         0  startup_lpc17xx.o ABSOLUTE
    RTE\Device\LPC1768\system_LPC17xx.c      0x00000000   Number         0  system_lpc17xx.o ABSOLUTE
    RTE\\Device\\LPC1768\\system_LPC17xx.c   0x00000000   Number         0  system_lpc17xx.o ABSOLUTE
    dc.s                                     0x00000000   Number         0  dc.o ABSOLUTE
    src\HAL.c                                0x00000000   Number         0  hal.o ABSOLUTE
    src\\HAL.c                               0x00000000   Number         0  hal.o ABSOLUTE
    src\\k_memory.c                          0x00000000   Number         0  k_memory.o ABSOLUTE
    src\\k_msg.c                             0x00000000   Number         0  k_msg.o ABSOLUTE
    src\\k_process.c                         0x00000000   Number         0  k_process.o ABSOLUTE
    src\\k_rtx.c                             0x00000000   Number         0  k_rtx.o ABSOLUTE
    src\\k_rtx_init.c                        0x00000000   Number         0  k_rtx_init.o ABSOLUTE
    src\\main_svc.c                          0x00000000   Number         0  main_svc.o ABSOLUTE
    src\\uart_polling.c                      0x00000000   Number         0  uart_polling.o ABSOLUTE
    src\ae.c                                 0x00000000   Number         0  ae.o ABSOLUTE
    src\ae_proc5_pt2a1.c                     0x00000000   Number         0  ae_proc5_pt2a1.o ABSOLUTE
    src\ae_util.c                            0x00000000   Number         0  ae_util.o ABSOLUTE
    src\k_memory.c                           0x00000000   Number         0  k_memory.o ABSOLUTE
    src\k_msg.c                              0x00000000   Number         0  k_msg.o ABSOLUTE
    src\k_process.c                          0x00000000   Number         0  k_process.o ABSOLUTE
    src\k_rtx.c                              0x00000000   Number         0  k_rtx.o ABSOLUTE
    src\k_rtx_init.c                         0x00000000   Number         0  k_rtx_init.o ABSOLUTE
    src\main_svc.c                           0x00000000   Number         0  main_svc.o ABSOLUTE
    src\printf.c                             0x00000000   Number         0  printf.o ABSOLUTE
    src\queue.c                              0x00000000   Number         0  queue.o ABSOLUTE
    src\uart_polling.c                       0x00000000   Number         0  uart_polling.o ABSOLUTE
    RESET                                    0x10000000   Section      204  startup_lpc17xx.o(RESET)
    !!!main                                  0x100000cc   Section        8  __main.o(!!!main)
    !!!scatter                               0x100000d4   Section       52  __scatter.o(!!!scatter)
    !!handler_copy                           0x10000108   Section       26  __scatter_copy.o(!!handler_copy)
    !!handler_zi                             0x10000124   Section       28  __scatter_zi.o(!!handler_zi)
    .ARM.Collect$$libinit$$00000000          0x10000140   Section        2  libinit.o(.ARM.Collect$$libinit$$00000000)
    .ARM.Collect$$libinit$$00000002          0x10000142   Section        0  libinit2.o(.ARM.Collect$$libinit$$00000002)
    .ARM.Collect$$libinit$$00000004          0x10000142   Section        0  libinit2.o(.ARM.Collect$$libinit$$00000004)
    .ARM.Collect$$libinit$$0000000A          0x10000142   Section        0  libinit2.o(.ARM.Collect$$libinit$$0000000A)
    .ARM.Collect$$libinit$$0000000C          0x10000142   Section        0  libinit2.o(.ARM.Collect$$libinit$$0000000C)
    .ARM.Collect$$libinit$$0000000E          0x10000142   Section        0  libinit2.o(.ARM.Collect$$libinit$$0000000E)
    .ARM.Collect$$libinit$$00000011          0x10000142   Section        0  libinit2.o(.ARM.Collect$$libinit$$00000011)
    .ARM.Collect$$libinit$$00000013          0x10000142   Section        0  libinit2.o(.ARM.Collect$$libinit$$00000013)
    .ARM.Collect$$libinit$$00000015          0x10000142   Section        0  libinit2.o(.ARM.Collect$$libinit$$00000015)
    .ARM.Collect$$libinit$$00000017          0x10000142   Section        0  libinit2.o(.ARM.Collect$$libinit$$00000017)
    .ARM.Collect$$libinit$$00000019          0x10000142   Section        0  libinit2.o(.ARM.Collect$$libinit$$00000019)
    .ARM.Collect$$libinit$$0000001B          0x10000142   Section        0  libinit2.o(.ARM.Collect$$libinit$$0000001B)
    .ARM.Collect$$libinit$$0000001D          0x10000142   Section        0  libinit2.o(.ARM.Collect$$libinit$$0000001D)
    .ARM.Collect$$libinit$$0000001F          0x10000142   Section        0  libinit2.o(.ARM.Collect$$libinit$$0000001F)
    .ARM.Collect$$libinit$$00000021          0x10000142   Section        0  libinit2.o(.ARM.Collect$$libinit$$00000021)
    .ARM.Collect$$libinit$$00000023          0x10000142   Section        0  libinit2.o(.ARM.Collect$$libinit$$00000023)
    .ARM.Collect$$libinit$$00000025          0x10000142   Section        0  libinit2.o(.ARM.Collect$$libinit$$00000025)
    .ARM.Collect$$libinit$$0000002C          0x10000142   Section        0  libinit2.o(.ARM.Collect$$libinit$$0000002C)
    .ARM.Collect$$libinit$$0000002E          0x10000142   Section        0  libinit2.o(.ARM.Collect$$libinit$$0000002E)
    .ARM.Collect$$libinit$$00000030          0x10000142   Section        0  libinit2.o(.ARM.Collect$$libinit$$00000030)
    .ARM.Collect$$libinit$$00000032          0x10000142   Section        0  libinit2.o(.ARM.Collect$$libinit$$00000032)
    .ARM.Collect$$libinit$$00000033          0x10000142   Section        2  libinit2.o(.ARM.Collect$$libinit$$00000033)
    .ARM.Collect$$libshutdown$$00000000      0x10000144   Section        2  libshutdown.o(.ARM.Collect$$libshutdown$$00000000)
    .ARM.Collect$$libshutdown$$00000002      0x10000146   Section        0  libshutdown2.o(.ARM.Collect$$libshutdown$$00000002)
    .ARM.Collect$$libshutdown$$00000004      0x10000146   Section        0  libshutdown2.o(.ARM.Collect$$libshutdown$$00000004)
    .ARM.Collect$$libshutdown$$00000007      0x10000146   Section        0  libshutdown2.o(.ARM.Collect$$libshutdown$$00000007)
    .ARM.Collect$$libshutdown$$0000000A      0x10000146   Section        0  libshutdown2.o(.ARM.Collect$$libshutdown$$0000000A)
    .ARM.Collect$$libshutdown$$0000000C      0x10000146   Section        0  libshutdown2.o(.ARM.Collect$$libshutdown$$0000000C)
    .ARM.Collect$$libshutdown$$0000000F      0x10000146   Section        0  libshutdown2.o(.ARM.Collect$$libshutdown$$0000000F)
    .ARM.Collect$$libshutdown$$00000010      0x10000146   Section        2  libshutdown2.o(.ARM.Collect$$libshutdown$$00000010)
    .ARM.Collect$$rtentry$$00000000          0x10000148   Section        0  __rtentry.o(.ARM.Collect$$rtentry$$00000000)
    .ARM.Collect$$rtentry$$00000002          0x10000148   Section        0  __rtentry2.o(.ARM.Collect$$rtentry$$00000002)
    .ARM.Collect$$rtentry$$00000004          0x10000148   Section        6  __rtentry4.o(.ARM.Collect$$rtentry$$00000004)
    .ARM.Collect$$rtentry$$00000009          0x1000014e   Section        0  __rtentry2.o(.ARM.Collect$$rtentry$$00000009)
    .ARM.Collect$$rtentry$$0000000A          0x1000014e   Section        4  __rtentry2.o(.ARM.Collect$$rtentry$$0000000A)
    .ARM.Collect$$rtentry$$0000000C          0x10000152   Section        0  __rtentry2.o(.ARM.Collect$$rtentry$$0000000C)
    .ARM.Collect$$rtentry$$0000000D          0x10000152   Section        8  __rtentry2.o(.ARM.Collect$$rtentry$$0000000D)
    .ARM.Collect$$rtexit$$00000000           0x1000015a   Section        2  rtexit.o(.ARM.Collect$$rtexit$$00000000)
    .ARM.Collect$$rtexit$$00000002           0x1000015c   Section        0  rtexit2.o(.ARM.Collect$$rtexit$$00000002)
    .ARM.Collect$$rtexit$$00000003           0x1000015c   Section        4  rtexit2.o(.ARM.Collect$$rtexit$$00000003)
    .ARM.Collect$$rtexit$$00000004           0x10000160   Section        6  rtexit2.o(.ARM.Collect$$rtexit$$00000004)
    .emb_text                                0x10000168   Section       56  hal.o(.emb_text)
    .text                                    0x100001a0   Section       60  startup_lpc17xx.o(.text)
    .text                                    0x100001dc   Section        0  heapauxi.o(.text)
    .text                                    0x100001e2   Section       74  sys_stackheap_outer.o(.text)
    .text                                    0x1000022c   Section        0  exit.o(.text)
    .text                                    0x10000240   Section        8  libspace.o(.text)
    .text                                    0x10000248   Section        0  sys_exit.o(.text)
    .text                                    0x10000254   Section        2  use_no_semi.o(.text)
    .text                                    0x10000256   Section        0  indicate_semi.o(.text)
    i.HardFault_Handler                      0x10000258   Section        0  ae_util.o(i.HardFault_Handler)
    i.SystemInit                             0x10000288   Section        0  system_lpc17xx.o(i.SystemInit)
    i.__set_CONTROL                          0x100003c8   Section        0  k_rtx.o(i.__set_CONTROL)
    __set_CONTROL                            0x100003c9   Thumb Code    10  k_rtx.o(i.__set_CONTROL)
    i.a2d                                    0x100003d2   Section        0  printf.o(i.a2d)
    a2d                                      0x100003d3   Thumb Code    50  printf.o(i.a2d)
    i.a2i                                    0x10000404   Section        0  printf.o(i.a2i)
    a2i                                      0x10000405   Thumb Code    58  printf.o(i.a2i)
    i.ae_exit                                0x1000043e   Section        0  ae.o(i.ae_exit)
    i.ae_init                                0x10000442   Section        0  ae.o(i.ae_init)
    i.ae_set_proc_info                       0x1000046c   Section        0  ae.o(i.ae_set_proc_info)
    i.alloc_stack                            0x1000047c   Section        0  k_memory.o(i.alloc_stack)
    i.count_set_bits                         0x100004a0   Section        0  ae_util.o(i.count_set_bits)
    i.delete_elt_if                          0x100004b4   Section        0  queue.o(i.delete_elt_if)
    i.dequeue                                0x10000560   Section        0  queue.o(i.dequeue)
    i.empty                                  0x1000061c   Section        0  queue.o(i.empty)
    i.enqueue                                0x10000630   Section        0  queue.o(i.enqueue)
    i.get_block_index                        0x1000068c   Section        0  k_memory.o(i.get_block_index)
    i.i2a                                    0x1000071c   Section        0  printf.o(i.i2a)
    i2a                                      0x1000071d   Thumb Code    32  printf.o(i.i2a)
    i.init_printf                            0x1000073c   Section        0  printf.o(i.init_printf)
    i.k_get_process_by_pid                   0x10000750   Section        0  k_process.o(i.k_get_process_by_pid)
    i.k_get_process_priority                 0x100007cc   Section        0  k_process.o(i.k_get_process_priority)
    i.k_receive_message                      0x100007f0   Section        0  k_msg.o(i.k_receive_message)
    i.k_release_memory_block                 0x100008d4   Section        0  k_memory.o(i.k_release_memory_block)
    i.k_release_processor                    0x10000afc   Section        0  k_process.o(i.k_release_processor)
    i.k_request_memory_block                 0x10000bcc   Section        0  k_memory.o(i.k_request_memory_block)
    i.k_request_memory_block_nb              0x10000c90   Section        0  k_memory.o(i.k_request_memory_block_nb)
    i.k_rtx_init                             0x10000d64   Section        0  k_rtx_init.o(i.k_rtx_init)
    i.k_send_message                         0x10000d7c   Section        0  k_msg.o(i.k_send_message)
    i.k_set_process_priority                 0x10000e58   Section        0  k_process.o(i.k_set_process_priority)
    i.main                                   0x10001068   Section        0  main_svc.o(i.main)
    i.memory_init                            0x100010ac   Section        0  k_memory.o(i.memory_init)
    i.move_elt_if                            0x100013c8   Section        0  queue.o(i.move_elt_if)
    i.null_process                           0x100014a8   Section        0  k_process.o(i.null_process)
    i.pcb_node_is_pid                        0x100014cc   Section        0  k_process.o(i.pcb_node_is_pid)
    i.pre_rtx_init                           0x100014f4   Section        0  main_svc.o(i.pre_rtx_init)
    i.print_results                          0x100014fc   Section        0  ae_util.o(i.print_results)
    i.print_summary                          0x1000161c   Section        0  ae_util.o(i.print_summary)
    i.proc1                                  0x10001648   Section        0  ae_proc5_pt2a1.o(i.proc1)
    i.proc2                                  0x100016ec   Section        0  ae_proc5_pt2a1.o(i.proc2)
    i.proc3                                  0x1000179c   Section        0  ae_proc5_pt2a1.o(i.proc3)
    i.proc4                                  0x10001824   Section        0  ae_proc5_pt2a1.o(i.proc4)
    i.proc5                                  0x10001854   Section        0  ae_proc5_pt2a1.o(i.proc5)
    i.proc6                                  0x10001884   Section        0  ae_proc5_pt2a1.o(i.proc6)
    i.process_init                           0x100018b4   Section        0  k_process.o(i.process_init)
    i.process_switch                         0x10001b14   Section        0  k_process.o(i.process_switch)
    i.putc                                   0x10001ba8   Section        0  uart_polling.o(i.putc)
    i.putchw                                 0x10001bec   Section        0  printf.o(i.putchw)
    putchw                                   0x10001bed   Thumb Code    82  printf.o(i.putchw)
    i.reassign_memory_ownership              0x10001c40   Section        0  k_memory.o(i.reassign_memory_ownership)
    i.scheduler                              0x10001ce0   Section        0  k_process.o(i.scheduler)
    i.set_test_procs                         0x10001dc0   Section        0  ae_proc5_pt2a1.o(i.set_test_procs)
    i.set_unprivileged                       0x10001e2c   Section        0  k_rtx.o(i.set_unprivileged)
    i.single_element_or_empty                0x10001e42   Section        0  queue.o(i.single_element_or_empty)
    i.strcpy                                 0x10001e54   Section        0  ae_util.o(i.strcpy)
    i.test_abort                             0x10001e74   Section        0  ae_util.o(i.test_abort)
    i.tfp_format                             0x10001ee0   Section        0  printf.o(i.tfp_format)
    i.tfp_printf                             0x10002008   Section        0  printf.o(i.tfp_printf)
    i.uart_init                              0x10002034   Section        0  uart_polling.o(i.uart_init)
    i.uart_put_char                          0x100020a0   Section        0  uart_polling.o(i.uart_put_char)
    i.uart_put_string                        0x100020d4   Section        0  uart_polling.o(i.uart_put_string)
    i.ui2a                                   0x100020fa   Section        0  printf.o(i.ui2a)
    ui2a                                     0x100020fb   Thumb Code    86  printf.o(i.ui2a)
    .constdata                               0x10002150   Section       31  ae_proc5_pt2a1.o(.constdata)
    .conststring                             0x10002170   Section      910  k_memory.o(.conststring)
    .conststring                             0x10002500   Section      651  k_msg.o(.conststring)
    .conststring                             0x1000278c   Section     1467  k_process.o(.conststring)
    .data                                    0x10004000   Section        8  printf.o(.data)
    stdout_putf                              0x10004000   Data           4  printf.o(.data)
    stdout_putp                              0x10004004   Data           4  printf.o(.data)
    .data                                    0x10004008   Section       16  k_memory.o(.data)
    .data                                    0x10004018   Section       16  k_process.o(.data)
    .bss                                     0x10004028   Section       96  k_process.o(.bss)
    .bss                                     0x10004088   Section      292  ae_proc5_pt2a1.o(.bss)
    .bss                                     0x100041ac   Section       96  libspace.o(.bss)
    HEAP                                     0x10004210   Section        0  startup_lpc17xx.o(HEAP)
    STACK                                    0x10004210   Section      512  startup_lpc17xx.o(STACK)
    Heap_Mem                                 0x10004210   Data           0  startup_lpc17xx.o(HEAP)
    Stack_Mem                                0x10004210   Data         512  startup_lpc17xx.o(STACK)
    __initial_sp                             0x10004410   Data           0  startup_lpc17xx.o(STACK)

    Global Symbols

    Symbol Name                              Value     Ov Type        Size  Object(Section)

    BuildAttributes$$THM_ISAv4$P$D$K$B$S$PE$A:L22UL41UL21$X:L11$S22US41US21$IEEE1$IW$USESV6$~STKCKD$USESV7$~SHL$OSPACE$ROPI$EBA8$UX$STANDARDLIB$REQ8$PRES8$EABIv2 0x00000000   Number         0  anon$$obj.o ABSOLUTE
    __ARM_use_no_argv                        0x00000000   Number         0  main_svc.o ABSOLUTE
    __ARM_exceptions_init                     - Undefined Weak Reference
    __alloca_initialize                       - Undefined Weak Reference
    __arm_preinit_                            - Undefined Weak Reference
    __cpp_initialize__aeabi_                  - Undefined Weak Reference
    __cxa_finalize                            - Undefined Weak Reference
    __rt_locale                               - Undefined Weak Reference
    __sigvec_lookup                           - Undefined Weak Reference
    _atexit_init                              - Undefined Weak Reference
    _call_atexit_fns                          - Undefined Weak Reference
    _clock_init                               - Undefined Weak Reference
    _fp_trap_init                             - Undefined Weak Reference
    _fp_trap_shutdown                         - Undefined Weak Reference
    _get_lc_collate                           - Undefined Weak Reference
    _get_lc_ctype                             - Undefined Weak Reference
    _get_lc_monetary                          - Undefined Weak Reference
    _get_lc_numeric                           - Undefined Weak Reference
    _get_lc_time                              - Undefined Weak Reference
    _getenv_init                              - Undefined Weak Reference
    _handle_redirection                       - Undefined Weak Reference
    _init_alloc                               - Undefined Weak Reference
    _init_user_alloc                          - Undefined Weak Reference
    _initio                                   - Undefined Weak Reference
    _rand_init                                - Undefined Weak Reference
    _signal_finish                            - Undefined Weak Reference
    _signal_init                              - Undefined Weak Reference
    _terminate_alloc                          - Undefined Weak Reference
    _terminate_user_alloc                     - Undefined Weak Reference
    _terminateio                              - Undefined Weak Reference
    __Vectors                                0x10000000   Data           4  startup_lpc17xx.o(RESET)
    __main                                   0x100000cd   Thumb Code     8  __main.o(!!!main)
    __scatterload                            0x100000d5   Thumb Code     0  __scatter.o(!!!scatter)
    __scatterload_rt2                        0x100000d5   Thumb Code    44  __scatter.o(!!!scatter)
    __scatterload_rt2_thumb_only             0x100000d5   Thumb Code     0  __scatter.o(!!!scatter)
    __scatterload_null                       0x100000e3   Thumb Code     0  __scatter.o(!!!scatter)
    __scatterload_copy                       0x10000109   Thumb Code    26  __scatter_copy.o(!!handler_copy)
    __scatterload_zeroinit                   0x10000125   Thumb Code    28  __scatter_zi.o(!!handler_zi)
    __rt_lib_init                            0x10000141   Thumb Code     0  libinit.o(.ARM.Collect$$libinit$$00000000)
    __rt_lib_init_alloca_1                   0x10000143   Thumb Code     0  libinit2.o(.ARM.Collect$$libinit$$0000002E)
    __rt_lib_init_argv_1                     0x10000143   Thumb Code     0  libinit2.o(.ARM.Collect$$libinit$$0000002C)
    __rt_lib_init_atexit_1                   0x10000143   Thumb Code     0  libinit2.o(.ARM.Collect$$libinit$$0000001B)
    __rt_lib_init_clock_1                    0x10000143   Thumb Code     0  libinit2.o(.ARM.Collect$$libinit$$00000021)
    __rt_lib_init_cpp_1                      0x10000143   Thumb Code     0  libinit2.o(.ARM.Collect$$libinit$$00000032)
    __rt_lib_init_exceptions_1               0x10000143   Thumb Code     0  libinit2.o(.ARM.Collect$$libinit$$00000030)
    __rt_lib_init_fp_1                       0x10000143   Thumb Code     0  libinit2.o(.ARM.Collect$$libinit$$00000002)
    __rt_lib_init_fp_trap_1                  0x10000143   Thumb Code     0  libinit2.o(.ARM.Collect$$libinit$$0000001F)
    __rt_lib_init_getenv_1                   0x10000143   Thumb Code     0  libinit2.o(.ARM.Collect$$libinit$$00000023)
    __rt_lib_init_heap_1                     0x10000143   Thumb Code     0  libinit2.o(.ARM.Collect$$libinit$$0000000A)
    __rt_lib_init_lc_collate_1               0x10000143   Thumb Code     0  libinit2.o(.ARM.Collect$$libinit$$00000011)
    __rt_lib_init_lc_ctype_1                 0x10000143   Thumb Code     0  libinit2.o(.ARM.Collect$$libinit$$00000013)
    __rt_lib_init_lc_monetary_1              0x10000143   Thumb Code     0  libinit2.o(.ARM.Collect$$libinit$$00000015)
    __rt_lib_init_lc_numeric_1               0x10000143   Thumb Code     0  libinit2.o(.ARM.Collect$$libinit$$00000017)
    __rt_lib_init_lc_time_1                  0x10000143   Thumb Code     0  libinit2.o(.ARM.Collect$$libinit$$00000019)
    __rt_lib_init_preinit_1                  0x10000143   Thumb Code     0  libinit2.o(.ARM.Collect$$libinit$$00000004)
    __rt_lib_init_rand_1                     0x10000143   Thumb Code     0  libinit2.o(.ARM.Collect$$libinit$$0000000E)
    __rt_lib_init_return                     0x10000143   Thumb Code     0  libinit2.o(.ARM.Collect$$libinit$$00000033)
    __rt_lib_init_signal_1                   0x10000143   Thumb Code     0  libinit2.o(.ARM.Collect$$libinit$$0000001D)
    __rt_lib_init_stdio_1                    0x10000143   Thumb Code     0  libinit2.o(.ARM.Collect$$libinit$$00000025)
    __rt_lib_init_user_alloc_1               0x10000143   Thumb Code     0  libinit2.o(.ARM.Collect$$libinit$$0000000C)
    __rt_lib_shutdown                        0x10000145   Thumb Code     0  libshutdown.o(.ARM.Collect$$libshutdown$$00000000)
    __rt_lib_shutdown_cpp_1                  0x10000147   Thumb Code     0  libshutdown2.o(.ARM.Collect$$libshutdown$$00000002)
    __rt_lib_shutdown_fp_trap_1              0x10000147   Thumb Code     0  libshutdown2.o(.ARM.Collect$$libshutdown$$00000007)
    __rt_lib_shutdown_heap_1                 0x10000147   Thumb Code     0  libshutdown2.o(.ARM.Collect$$libshutdown$$0000000F)
    __rt_lib_shutdown_return                 0x10000147   Thumb Code     0  libshutdown2.o(.ARM.Collect$$libshutdown$$00000010)
    __rt_lib_shutdown_signal_1               0x10000147   Thumb Code     0  libshutdown2.o(.ARM.Collect$$libshutdown$$0000000A)
    __rt_lib_shutdown_stdio_1                0x10000147   Thumb Code     0  libshutdown2.o(.ARM.Collect$$libshutdown$$00000004)
    __rt_lib_shutdown_user_alloc_1           0x10000147   Thumb Code     0  libshutdown2.o(.ARM.Collect$$libshutdown$$0000000C)
    __rt_entry                               0x10000149   Thumb Code     0  __rtentry.o(.ARM.Collect$$rtentry$$00000000)
    __rt_entry_presh_1                       0x10000149   Thumb Code     0  __rtentry2.o(.ARM.Collect$$rtentry$$00000002)
    __rt_entry_sh                            0x10000149   Thumb Code     0  __rtentry4.o(.ARM.Collect$$rtentry$$00000004)
    __rt_entry_li                            0x1000014f   Thumb Code     0  __rtentry2.o(.ARM.Collect$$rtentry$$0000000A)
    __rt_entry_postsh_1                      0x1000014f   Thumb Code     0  __rtentry2.o(.ARM.Collect$$rtentry$$00000009)
    __rt_entry_main                          0x10000153   Thumb Code     0  __rtentry2.o(.ARM.Collect$$rtentry$$0000000D)
    __rt_entry_postli_1                      0x10000153   Thumb Code     0  __rtentry2.o(.ARM.Collect$$rtentry$$0000000C)
    __rt_exit                                0x1000015b   Thumb Code     0  rtexit.o(.ARM.Collect$$rtexit$$00000000)
    __rt_exit_ls                             0x1000015d   Thumb Code     0  rtexit2.o(.ARM.Collect$$rtexit$$00000003)
    __rt_exit_prels_1                        0x1000015d   Thumb Code     0  rtexit2.o(.ARM.Collect$$rtexit$$00000002)
    __rt_exit_exit                           0x10000161   Thumb Code     0  rtexit2.o(.ARM.Collect$$rtexit$$00000004)
    __rte                                    0x10000169   Thumb Code     8  hal.o(.emb_text)
    SVC_Handler                              0x10000171   Thumb Code    48  hal.o(.emb_text)
    Reset_Handler                            0x100001a1   Thumb Code     8  startup_lpc17xx.o(.text)
    NMI_Handler                              0x100001a9   Thumb Code     2  startup_lpc17xx.o(.text)
    MemManage_Handler                        0x100001ad   Thumb Code     2  startup_lpc17xx.o(.text)
    BusFault_Handler                         0x100001af   Thumb Code     2  startup_lpc17xx.o(.text)
    UsageFault_Handler                       0x100001b1   Thumb Code     2  startup_lpc17xx.o(.text)
    DebugMon_Handler                         0x100001b5   Thumb Code     2  startup_lpc17xx.o(.text)
    PendSV_Handler                           0x100001b7   Thumb Code     2  startup_lpc17xx.o(.text)
    SysTick_Handler                          0x100001b9   Thumb Code     2  startup_lpc17xx.o(.text)
    ADC_IRQHandler                           0x100001bb   Thumb Code     0  startup_lpc17xx.o(.text)
    BOD_IRQHandler                           0x100001bb   Thumb Code     0  startup_lpc17xx.o(.text)
    CANActivity_IRQHandler                   0x100001bb   Thumb Code     0  startup_lpc17xx.o(.text)
    CAN_IRQHandler                           0x100001bb   Thumb Code     0  startup_lpc17xx.o(.text)
    DMA_IRQHandler                           0x100001bb   Thumb Code     0  startup_lpc17xx.o(.text)
    EINT0_IRQHandler                         0x100001bb   Thumb Code     0  startup_lpc17xx.o(.text)
    EINT1_IRQHandler                         0x100001bb   Thumb Code     0  startup_lpc17xx.o(.text)
    EINT2_IRQHandler                         0x100001bb   Thumb Code     0  startup_lpc17xx.o(.text)
    EINT3_IRQHandler                         0x100001bb   Thumb Code     0  startup_lpc17xx.o(.text)
    ENET_IRQHandler                          0x100001bb   Thumb Code     0  startup_lpc17xx.o(.text)
    I2C0_IRQHandler                          0x100001bb   Thumb Code     0  startup_lpc17xx.o(.text)
    I2C1_IRQHandler                          0x100001bb   Thumb Code     0  startup_lpc17xx.o(.text)
    I2C2_IRQHandler                          0x100001bb   Thumb Code     0  startup_lpc17xx.o(.text)
    I2S_IRQHandler                           0x100001bb   Thumb Code     0  startup_lpc17xx.o(.text)
    MCPWM_IRQHandler                         0x100001bb   Thumb Code     0  startup_lpc17xx.o(.text)
    PLL0_IRQHandler                          0x100001bb   Thumb Code     0  startup_lpc17xx.o(.text)
    PLL1_IRQHandler                          0x100001bb   Thumb Code     0  startup_lpc17xx.o(.text)
    PWM1_IRQHandler                          0x100001bb   Thumb Code     0  startup_lpc17xx.o(.text)
    QEI_IRQHandler                           0x100001bb   Thumb Code     0  startup_lpc17xx.o(.text)
    RIT_IRQHandler                           0x100001bb   Thumb Code     0  startup_lpc17xx.o(.text)
    RTC_IRQHandler                           0x100001bb   Thumb Code     0  startup_lpc17xx.o(.text)
    SPI_IRQHandler                           0x100001bb   Thumb Code     0  startup_lpc17xx.o(.text)
    SSP0_IRQHandler                          0x100001bb   Thumb Code     0  startup_lpc17xx.o(.text)
    SSP1_IRQHandler                          0x100001bb   Thumb Code     0  startup_lpc17xx.o(.text)
    TIMER0_IRQHandler                        0x100001bb   Thumb Code     0  startup_lpc17xx.o(.text)
    TIMER1_IRQHandler                        0x100001bb   Thumb Code     0  startup_lpc17xx.o(.text)
    TIMER2_IRQHandler                        0x100001bb   Thumb Code     0  startup_lpc17xx.o(.text)
    TIMER3_IRQHandler                        0x100001bb   Thumb Code     0  startup_lpc17xx.o(.text)
    UART0_IRQHandler                         0x100001bb   Thumb Code     0  startup_lpc17xx.o(.text)
    UART1_IRQHandler                         0x100001bb   Thumb Code     0  startup_lpc17xx.o(.text)
    UART2_IRQHandler                         0x100001bb   Thumb Code     0  startup_lpc17xx.o(.text)
    UART3_IRQHandler                         0x100001bb   Thumb Code     0  startup_lpc17xx.o(.text)
    USBActivity_IRQHandler                   0x100001bb   Thumb Code     0  startup_lpc17xx.o(.text)
    USB_IRQHandler                           0x100001bb   Thumb Code     0  startup_lpc17xx.o(.text)
    WDT_IRQHandler                           0x100001bb   Thumb Code     0  startup_lpc17xx.o(.text)
    __user_initial_stackheap                 0x100001bd   Thumb Code     0  startup_lpc17xx.o(.text)
    __use_two_region_memory                  0x100001dd   Thumb Code     2  heapauxi.o(.text)
    __rt_heap_escrow$2region                 0x100001df   Thumb Code     2  heapauxi.o(.text)
    __rt_heap_expand$2region                 0x100001e1   Thumb Code     2  heapauxi.o(.text)
    __user_setup_stackheap                   0x100001e3   Thumb Code    74  sys_stackheap_outer.o(.text)
    exit                                     0x1000022d   Thumb Code    18  exit.o(.text)
    __user_libspace                          0x10000241   Thumb Code     8  libspace.o(.text)
    __user_perproc_libspace                  0x10000241   Thumb Code     0  libspace.o(.text)
    __user_perthread_libspace                0x10000241   Thumb Code     0  libspace.o(.text)
    _sys_exit                                0x10000249   Thumb Code     8  sys_exit.o(.text)
    __I$use$semihosting                      0x10000255   Thumb Code     0  use_no_semi.o(.text)
    __use_no_semihosting_swi                 0x10000255   Thumb Code     2  use_no_semi.o(.text)
    __semihosting_library_function           0x10000257   Thumb Code     0  indicate_semi.o(.text)
    HardFault_Handler                        0x10000259   Thumb Code    22  ae_util.o(i.HardFault_Handler)
    SystemInit                               0x10000289   Thumb Code   302  system_lpc17xx.o(i.SystemInit)
    ae_exit                                  0x1000043f   Thumb Code     4  ae.o(i.ae_exit)
    ae_init                                  0x10000443   Thumb Code    42  ae.o(i.ae_init)
    ae_set_proc_info                         0x1000046d   Thumb Code    16  ae.o(i.ae_set_proc_info)
    alloc_stack                              0x1000047d   Thumb Code    32  k_memory.o(i.alloc_stack)
    count_set_bits                           0x100004a1   Thumb Code    18  ae_util.o(i.count_set_bits)
    delete_elt_if                            0x100004b5   Thumb Code   130  queue.o(i.delete_elt_if)
    dequeue                                  0x10000561   Thumb Code    88  queue.o(i.dequeue)
    empty                                    0x1000061d   Thumb Code    18  queue.o(i.empty)
    enqueue                                  0x10000631   Thumb Code    50  queue.o(i.enqueue)
    get_block_index                          0x1000068d   Thumb Code    70  k_memory.o(i.get_block_index)
    init_printf                              0x1000073d   Thumb Code    10  printf.o(i.init_printf)
    k_get_process_by_pid                     0x10000751   Thumb Code    60  k_process.o(i.k_get_process_by_pid)
    k_get_process_priority                   0x100007cd   Thumb Code    32  k_process.o(i.k_get_process_priority)
    k_receive_message                        0x100007f1   Thumb Code   140  k_msg.o(i.k_receive_message)
    k_release_memory_block                   0x100008d5   Thumb Code   290  k_memory.o(i.k_release_memory_block)
    k_release_processor                      0x10000afd   Thumb Code   178  k_process.o(i.k_release_processor)
    k_request_memory_block                   0x10000bcd   Thumb Code   160  k_memory.o(i.k_request_memory_block)
    k_request_memory_block_nb                0x10000c91   Thumb Code    78  k_memory.o(i.k_request_memory_block_nb)
    k_rtx_init                               0x10000d65   Thumb Code    24  k_rtx_init.o(i.k_rtx_init)
    k_send_message                           0x10000d7d   Thumb Code   154  k_msg.o(i.k_send_message)
    k_set_process_priority                   0x10000e59   Thumb Code   414  k_process.o(i.k_set_process_priority)
    main                                     0x10001069   Thumb Code    56  main_svc.o(i.main)
    memory_init                              0x100010ad   Thumb Code   340  k_memory.o(i.memory_init)
    move_elt_if                              0x100013c9   Thumb Code    88  queue.o(i.move_elt_if)
    null_process                             0x100014a9   Thumb Code    10  k_process.o(i.null_process)
    pcb_node_is_pid                          0x100014cd   Thumb Code    34  k_process.o(i.pcb_node_is_pid)
    pre_rtx_init                             0x100014f5   Thumb Code     6  main_svc.o(i.pre_rtx_init)
    print_results                            0x100014fd   Thumb Code   118  ae_util.o(i.print_results)
    print_summary                            0x1000161d   Thumb Code    22  ae_util.o(i.print_summary)
    proc1                                    0x10001649   Thumb Code    92  ae_proc5_pt2a1.o(i.proc1)
    proc2                                    0x100016ed   Thumb Code   126  ae_proc5_pt2a1.o(i.proc2)
    proc3                                    0x1000179d   Thumb Code    68  ae_proc5_pt2a1.o(i.proc3)
    proc4                                    0x10001825   Thumb Code    32  ae_proc5_pt2a1.o(i.proc4)
    proc5                                    0x10001855   Thumb Code    32  ae_proc5_pt2a1.o(i.proc5)
    proc6                                    0x10001885   Thumb Code    32  ae_proc5_pt2a1.o(i.proc6)
    process_init                             0x100018b5   Thumb Code   438  k_process.o(i.process_init)
    process_switch                           0x10001b15   Thumb Code   138  k_process.o(i.process_switch)
    putc                                     0x10001ba9   Thumb Code    28  uart_polling.o(i.putc)
    reassign_memory_ownership                0x10001c41   Thumb Code    82  k_memory.o(i.reassign_memory_ownership)
    scheduler                                0x10001ce1   Thumb Code   112  k_process.o(i.scheduler)
    set_test_procs                           0x10001dc1   Thumb Code    82  ae_proc5_pt2a1.o(i.set_test_procs)
    set_unprivileged                         0x10001e2d   Thumb Code    22  k_rtx.o(i.set_unprivileged)
    single_element_or_empty                  0x10001e43   Thumb Code    18  queue.o(i.single_element_or_empty)
    strcpy                                   0x10001e55   Thumb Code    32  ae_util.o(i.strcpy)
    test_abort                               0x10001e75   Thumb Code    36  ae_util.o(i.test_abort)
    tfp_format                               0x10001ee1   Thumb Code   296  printf.o(i.tfp_format)
    tfp_printf                               0x10002009   Thumb Code    34  printf.o(i.tfp_printf)
    uart_init                                0x10002035   Thumb Code    96  uart_polling.o(i.uart_init)
    uart_put_char                            0x100020a1   Thumb Code    42  uart_polling.o(i.uart_put_char)
    uart_put_string                          0x100020d5   Thumb Code    38  uart_polling.o(i.uart_put_string)
    PREFIX                                   0x10002150   Data           7  ae_proc5_pt2a1.o(.constdata)
    PREFIX_LOG                               0x10002157   Data          12  ae_proc5_pt2a1.o(.constdata)
    PREFIX_LOG2                              0x10002163   Data          12  ae_proc5_pt2a1.o(.constdata)
    Region$$Table$$Base                      0x10002d48   Number         0  anon$$obj.o(Region$$Table)
    Region$$Table$$Limit                     0x10002d68   Number         0  anon$$obj.o(Region$$Table)
    gp_stack                                 0x10004008   Data           4  k_memory.o(.data)
    mem_block_queue                          0x1000400c   Data           4  k_memory.o(.data)
    heap_start                               0x10004010   Data           4  k_memory.o(.data)
    heap_processes                           0x10004014   Data           4  k_memory.o(.data)
    gp_pcbs                                  0x10004018   Data           4  k_process.o(.data)
    gp_current_process                       0x1000401c   Data           4  k_process.o(.data)
    ready_queues                             0x10004020   Data           4  k_process.o(.data)
    blocked_queues                           0x10004024   Data           4  k_process.o(.data)
    g_proc_table                             0x10004028   Data          96  k_process.o(.bss)
    g_ae_xtest                               0x10004088   Data         132  ae_proc5_pt2a1.o(.bss)
    g_ae_cases                               0x1000410c   Data          16  ae_proc5_pt2a1.o(.bss)
    g_tsk_cases                              0x1000411c   Data         144  ae_proc5_pt2a1.o(.bss)
    __libspace_start                         0x100041ac   Data          96  libspace.o(.bss)
    __temporary_stack_top$libspace           0x1000420c   Data           0  libspace.o(.bss)
    Image$$RW_IRAM1$$ZI$$Limit               0x10004410   Number         0  anon$$obj.o ABSOLUTE



==============================================================================

Memory Map of the image

  Image Entry point : 0x100000cd

  Load Region LR_IROM1 (Base: 0x10000000, Size: 0x00002d90, Max: 0x00004000, ABSOLUTE)

    Execution Region ER_IROM1 (Exec base: 0x10000000, Load base: 0x10000000, Size: 0x00002d68, Max: 0x00004000, ABSOLUTE)

    Exec Addr    Load Addr    Size         Type   Attr      Idx    E Section Name        Object

    0x10000000   0x10000000   0x000000cc   Data   RO          683    RESET               startup_lpc17xx.o
    0x100000cc   0x100000cc   0x00000008   Code   RO          730  * !!!main             c_w.l(__main.o)
    0x100000d4   0x100000d4   0x00000034   Code   RO          897    !!!scatter          c_w.l(__scatter.o)
    0x10000108   0x10000108   0x0000001a   Code   RO          899    !!handler_copy      c_w.l(__scatter_copy.o)
    0x10000122   0x10000122   0x00000002   PAD
    0x10000124   0x10000124   0x0000001c   Code   RO          901    !!handler_zi        c_w.l(__scatter_zi.o)
    0x10000140   0x10000140   0x00000002   Code   RO          767    .ARM.Collect$$libinit$$00000000  c_w.l(libinit.o)
    0x10000142   0x10000142   0x00000000   Code   RO          780    .ARM.Collect$$libinit$$00000002  c_w.l(libinit2.o)
    0x10000142   0x10000142   0x00000000   Code   RO          782    .ARM.Collect$$libinit$$00000004  c_w.l(libinit2.o)
    0x10000142   0x10000142   0x00000000   Code   RO          785    .ARM.Collect$$libinit$$0000000A  c_w.l(libinit2.o)
    0x10000142   0x10000142   0x00000000   Code   RO          787    .ARM.Collect$$libinit$$0000000C  c_w.l(libinit2.o)
    0x10000142   0x10000142   0x00000000   Code   RO          789    .ARM.Collect$$libinit$$0000000E  c_w.l(libinit2.o)
    0x10000142   0x10000142   0x00000000   Code   RO          792    .ARM.Collect$$libinit$$00000011  c_w.l(libinit2.o)
    0x10000142   0x10000142   0x00000000   Code   RO          794    .ARM.Collect$$libinit$$00000013  c_w.l(libinit2.o)
    0x10000142   0x10000142   0x00000000   Code   RO          796    .ARM.Collect$$libinit$$00000015  c_w.l(libinit2.o)
    0x10000142   0x10000142   0x00000000   Code   RO          798    .ARM.Collect$$libinit$$00000017  c_w.l(libinit2.o)
    0x10000142   0x10000142   0x00000000   Code   RO          800    .ARM.Collect$$libinit$$00000019  c_w.l(libinit2.o)
    0x10000142   0x10000142   0x00000000   Code   RO          802    .ARM.Collect$$libinit$$0000001B  c_w.l(libinit2.o)
    0x10000142   0x10000142   0x00000000   Code   RO          804    .ARM.Collect$$libinit$$0000001D  c_w.l(libinit2.o)
    0x10000142   0x10000142   0x00000000   Code   RO          806    .ARM.Collect$$libinit$$0000001F  c_w.l(libinit2.o)
    0x10000142   0x10000142   0x00000000   Code   RO          808    .ARM.Collect$$libinit$$00000021  c_w.l(libinit2.o)
    0x10000142   0x10000142   0x00000000   Code   RO          810    .ARM.Collect$$libinit$$00000023  c_w.l(libinit2.o)
    0x10000142   0x10000142   0x00000000   Code   RO          812    .ARM.Collect$$libinit$$00000025  c_w.l(libinit2.o)
    0x10000142   0x10000142   0x00000000   Code   RO          816    .ARM.Collect$$libinit$$0000002C  c_w.l(libinit2.o)
    0x10000142   0x10000142   0x00000000   Code   RO          818    .ARM.Collect$$libinit$$0000002E  c_w.l(libinit2.o)
    0x10000142   0x10000142   0x00000000   Code   RO          820    .ARM.Collect$$libinit$$00000030  c_w.l(libinit2.o)
    0x10000142   0x10000142   0x00000000   Code   RO          822    .ARM.Collect$$libinit$$00000032  c_w.l(libinit2.o)
    0x10000142   0x10000142   0x00000002   Code   RO          823    .ARM.Collect$$libinit$$00000033  c_w.l(libinit2.o)
    0x10000144   0x10000144   0x00000002   Code   RO          854    .ARM.Collect$$libshutdown$$00000000  c_w.l(libshutdown.o)
    0x10000146   0x10000146   0x00000000   Code   RO          880    .ARM.Collect$$libshutdown$$00000002  c_w.l(libshutdown2.o)
    0x10000146   0x10000146   0x00000000   Code   RO          882    .ARM.Collect$$libshutdown$$00000004  c_w.l(libshutdown2.o)
    0x10000146   0x10000146   0x00000000   Code   RO          885    .ARM.Collect$$libshutdown$$00000007  c_w.l(libshutdown2.o)
    0x10000146   0x10000146   0x00000000   Code   RO          888    .ARM.Collect$$libshutdown$$0000000A  c_w.l(libshutdown2.o)
    0x10000146   0x10000146   0x00000000   Code   RO          890    .ARM.Collect$$libshutdown$$0000000C  c_w.l(libshutdown2.o)
    0x10000146   0x10000146   0x00000000   Code   RO          893    .ARM.Collect$$libshutdown$$0000000F  c_w.l(libshutdown2.o)
    0x10000146   0x10000146   0x00000002   Code   RO          894    .ARM.Collect$$libshutdown$$00000010  c_w.l(libshutdown2.o)
    0x10000148   0x10000148   0x00000000   Code   RO          732    .ARM.Collect$$rtentry$$00000000  c_w.l(__rtentry.o)
    0x10000148   0x10000148   0x00000000   Code   RO          738    .ARM.Collect$$rtentry$$00000002  c_w.l(__rtentry2.o)
    0x10000148   0x10000148   0x00000006   Code   RO          750    .ARM.Collect$$rtentry$$00000004  c_w.l(__rtentry4.o)
    0x1000014e   0x1000014e   0x00000000   Code   RO          740    .ARM.Collect$$rtentry$$00000009  c_w.l(__rtentry2.o)
    0x1000014e   0x1000014e   0x00000004   Code   RO          741    .ARM.Collect$$rtentry$$0000000A  c_w.l(__rtentry2.o)
    0x10000152   0x10000152   0x00000000   Code   RO          743    .ARM.Collect$$rtentry$$0000000C  c_w.l(__rtentry2.o)
    0x10000152   0x10000152   0x00000008   Code   RO          744    .ARM.Collect$$rtentry$$0000000D  c_w.l(__rtentry2.o)
    0x1000015a   0x1000015a   0x00000002   Code   RO          771    .ARM.Collect$$rtexit$$00000000  c_w.l(rtexit.o)
    0x1000015c   0x1000015c   0x00000000   Code   RO          827    .ARM.Collect$$rtexit$$00000002  c_w.l(rtexit2.o)
    0x1000015c   0x1000015c   0x00000004   Code   RO          828    .ARM.Collect$$rtexit$$00000003  c_w.l(rtexit2.o)
    0x10000160   0x10000160   0x00000006   Code   RO          829    .ARM.Collect$$rtexit$$00000004  c_w.l(rtexit2.o)
    0x10000166   0x10000166   0x00000002   PAD
    0x10000168   0x10000168   0x00000038   Code   RO          200    .emb_text           hal.o
    0x100001a0   0x100001a0   0x0000003c   Code   RO          684    .text               startup_lpc17xx.o
    0x100001dc   0x100001dc   0x00000006   Code   RO          728    .text               c_w.l(heapauxi.o)
    0x100001e2   0x100001e2   0x0000004a   Code   RO          754    .text               c_w.l(sys_stackheap_outer.o)
    0x1000022c   0x1000022c   0x00000012   Code   RO          756    .text               c_w.l(exit.o)
    0x1000023e   0x1000023e   0x00000002   PAD
    0x10000240   0x10000240   0x00000008   Code   RO          768    .text               c_w.l(libspace.o)
    0x10000248   0x10000248   0x0000000c   Code   RO          824    .text               c_w.l(sys_exit.o)
    0x10000254   0x10000254   0x00000002   Code   RO          843    .text               c_w.l(use_no_semi.o)
    0x10000256   0x10000256   0x00000000   Code   RO          845    .text               c_w.l(indicate_semi.o)
    0x10000256   0x10000256   0x00000002   PAD
    0x10000258   0x10000258   0x00000030   Code   RO          559    i.HardFault_Handler  ae_util.o
    0x10000288   0x10000288   0x00000140   Code   RO          692    i.SystemInit        system_lpc17xx.o
    0x100003c8   0x100003c8   0x0000000a   Code   RO          497    i.__set_CONTROL     k_rtx.o
    0x100003d2   0x100003d2   0x00000032   Code   RO           87    i.a2d               printf.o
    0x10000404   0x10000404   0x0000003a   Code   RO           88    i.a2i               printf.o
    0x1000043e   0x1000043e   0x00000004   Code   RO          532    i.ae_exit           ae.o
    0x10000442   0x10000442   0x0000002a   Code   RO          533    i.ae_init           ae.o
    0x1000046c   0x1000046c   0x00000010   Code   RO          534    i.ae_set_proc_info  ae.o
    0x1000047c   0x1000047c   0x00000024   Code   RO          210    i.alloc_stack       k_memory.o
    0x100004a0   0x100004a0   0x00000012   Code   RO          560    i.count_set_bits    ae_util.o
    0x100004b2   0x100004b2   0x00000002   PAD
    0x100004b4   0x100004b4   0x000000ac   Code   RO          446    i.delete_elt_if     queue.o
    0x10000560   0x10000560   0x000000bc   Code   RO          447    i.dequeue           queue.o
    0x1000061c   0x1000061c   0x00000012   Code   RO          448    i.empty             queue.o
    0x1000062e   0x1000062e   0x00000002   PAD
    0x10000630   0x10000630   0x0000005c   Code   RO          449    i.enqueue           queue.o
    0x1000068c   0x1000068c   0x00000090   Code   RO          211    i.get_block_index   k_memory.o
    0x1000071c   0x1000071c   0x00000020   Code   RO           89    i.i2a               printf.o
    0x1000073c   0x1000073c   0x00000014   Code   RO           90    i.init_printf       printf.o
    0x10000750   0x10000750   0x0000007c   Code   RO          338    i.k_get_process_by_pid  k_process.o
    0x100007cc   0x100007cc   0x00000024   Code   RO          339    i.k_get_process_priority  k_process.o
    0x100007f0   0x100007f0   0x000000e4   Code   RO          295    i.k_receive_message  k_msg.o
    0x100008d4   0x100008d4   0x00000228   Code   RO          212    i.k_release_memory_block  k_memory.o
    0x10000afc   0x10000afc   0x000000d0   Code   RO          340    i.k_release_processor  k_process.o
    0x10000bcc   0x10000bcc   0x000000c4   Code   RO          213    i.k_request_memory_block  k_memory.o
    0x10000c90   0x10000c90   0x000000d4   Code   RO          214    i.k_request_memory_block_nb  k_memory.o
    0x10000d64   0x10000d64   0x00000018   Code   RO          425    i.k_rtx_init        k_rtx_init.o
    0x10000d7c   0x10000d7c   0x000000dc   Code   RO          296    i.k_send_message    k_msg.o
    0x10000e58   0x10000e58   0x00000210   Code   RO          341    i.k_set_process_priority  k_process.o
    0x10001068   0x10001068   0x00000044   Code   RO            4    i.main              main_svc.o
    0x100010ac   0x100010ac   0x0000031c   Code   RO          215    i.memory_init       k_memory.o
    0x100013c8   0x100013c8   0x000000e0   Code   RO          451    i.move_elt_if       queue.o
    0x100014a8   0x100014a8   0x00000024   Code   RO          342    i.null_process      k_process.o
    0x100014cc   0x100014cc   0x00000028   Code   RO          343    i.pcb_node_is_pid   k_process.o
    0x100014f4   0x100014f4   0x00000006   Code   RO            5    i.pre_rtx_init      main_svc.o
    0x100014fa   0x100014fa   0x00000002   PAD
    0x100014fc   0x100014fc   0x00000120   Code   RO          562    i.print_results     ae_util.o
    0x1000161c   0x1000161c   0x0000002c   Code   RO          563    i.print_summary     ae_util.o
    0x10001648   0x10001648   0x000000a4   Code   RO          626    i.proc1             ae_proc5_pt2a1.o
    0x100016ec   0x100016ec   0x000000b0   Code   RO          627    i.proc2             ae_proc5_pt2a1.o
    0x1000179c   0x1000179c   0x00000088   Code   RO          628    i.proc3             ae_proc5_pt2a1.o
    0x10001824   0x10001824   0x00000030   Code   RO          629    i.proc4             ae_proc5_pt2a1.o
    0x10001854   0x10001854   0x00000030   Code   RO          630    i.proc5             ae_proc5_pt2a1.o
    0x10001884   0x10001884   0x00000030   Code   RO          631    i.proc6             ae_proc5_pt2a1.o
    0x100018b4   0x100018b4   0x00000260   Code   RO          344    i.process_init      k_process.o
    0x10001b14   0x10001b14   0x00000094   Code   RO          345    i.process_switch    k_process.o
    0x10001ba8   0x10001ba8   0x00000044   Code   RO          152    i.putc              uart_polling.o
    0x10001bec   0x10001bec   0x00000052   Code   RO           91    i.putchw            printf.o
    0x10001c3e   0x10001c3e   0x00000002   PAD
    0x10001c40   0x10001c40   0x000000a0   Code   RO          216    i.reassign_memory_ownership  k_memory.o
    0x10001ce0   0x10001ce0   0x000000e0   Code   RO          346    i.scheduler         k_process.o
    0x10001dc0   0x10001dc0   0x0000006c   Code   RO          632    i.set_test_procs    ae_proc5_pt2a1.o
    0x10001e2c   0x10001e2c   0x00000016   Code   RO          499    i.set_unprivileged  k_rtx.o
    0x10001e42   0x10001e42   0x00000012   Code   RO          452    i.single_element_or_empty  queue.o
    0x10001e54   0x10001e54   0x00000020   Code   RO          565    i.strcpy            ae_util.o
    0x10001e74   0x10001e74   0x0000006c   Code   RO          566    i.test_abort        ae_util.o
    0x10001ee0   0x10001ee0   0x00000128   Code   RO           93    i.tfp_format        printf.o
    0x10002008   0x10002008   0x0000002c   Code   RO           94    i.tfp_printf        printf.o
    0x10002034   0x10002034   0x0000006c   Code   RO          154    i.uart_init         uart_polling.o
    0x100020a0   0x100020a0   0x00000034   Code   RO          155    i.uart_put_char     uart_polling.o
    0x100020d4   0x100020d4   0x00000026   Code   RO          156    i.uart_put_string   uart_polling.o
    0x100020fa   0x100020fa   0x00000056   Code   RO           96    i.ui2a              printf.o
    0x10002150   0x10002150   0x0000001f   Data   RO          634    .constdata          ae_proc5_pt2a1.o
    0x1000216f   0x1000216f   0x00000001   PAD
    0x10002170   0x10002170   0x0000038e   Data   RO          217    .conststring        k_memory.o
    0x100024fe   0x100024fe   0x00000002   PAD
    0x10002500   0x10002500   0x0000028b   Data   RO          297    .conststring        k_msg.o
    0x1000278b   0x1000278b   0x00000001   PAD
    0x1000278c   0x1000278c   0x000005bb   Data   RO          348    .conststring        k_process.o
    0x10002d47   0x10002d47   0x00000001   PAD
    0x10002d48   0x10002d48   0x00000020   Data   RO          895    Region$$Table       anon$$obj.o


    Execution Region RW_IRAM1 (Exec base: 0x10004000, Load base: 0x10002d68, Size: 0x00000410, Max: 0x00004000, ABSOLUTE)

    Exec Addr    Load Addr    Size         Type   Attr      Idx    E Section Name        Object

    0x10004000   0x10002d68   0x00000008   Data   RW           97    .data               printf.o
    0x10004008   0x10002d70   0x00000010   Data   RW          218    .data               k_memory.o
    0x10004018   0x10002d80   0x00000010   Data   RW          349    .data               k_process.o
    0x10004028        -       0x00000060   Zero   RW          347    .bss                k_process.o
    0x10004088        -       0x00000124   Zero   RW          633    .bss                ae_proc5_pt2a1.o
    0x100041ac        -       0x00000060   Zero   RW          769    .bss                c_w.l(libspace.o)
    0x1000420c   0x10002d90   0x00000004   PAD
    0x10004210        -       0x00000000   Zero   RW          682    HEAP                startup_lpc17xx.o
    0x10004210        -       0x00000200   Zero   RW          681    STACK               startup_lpc17xx.o


==============================================================================

Image component sizes


      Code (inc. data)   RO Data    RW Data    ZI Data      Debug   Object Name

        62          0          0          0          0       1891   ae.o
       728        264         31          0        292       5335   ae_proc5_pt2a1.o
       538        290          0          0          0       4165   ae_util.o
        56          0          0          0          0        372   hal.o
      2096       1044        910         16          0       7346   k_memory.o
       448        154        651          0          0       2391   k_msg.o
      1952        536       1467         16         96      12124   k_process.o
        32          0          0          0          0       4691   k_rtx.o
        24          0          0          0          0        853   k_rtx_init.o
        74         12          0          0          0      24082   main_svc.o
       668         20          0          8          0       5628   printf.o
       712        320          0          0          0       4180   queue.o
        60         22        204          0        512        812   startup_lpc17xx.o
       320         18          0          0          0        597   system_lpc17xx.o
       266         62          0          0          0       2805   uart_polling.o

    ----------------------------------------------------------------------
      8044       2742       3300         40        900      77272   Object Totals
         0          0         32          0          0          0   (incl. Generated)
         8          0          5          0          0          0   (incl. Padding)

    ----------------------------------------------------------------------

      Code (inc. data)   RO Data    RW Data    ZI Data      Debug   Library Member Name

         8          0          0          0          0         68   __main.o
         0          0          0          0          0          0   __rtentry.o
        12          0          0          0          0          0   __rtentry2.o
         6          0          0          0          0          0   __rtentry4.o
        52          8          0          0          0          0   __scatter.o
        26          0          0          0          0          0   __scatter_copy.o
        28          0          0          0          0          0   __scatter_zi.o
        18          0          0          0          0         80   exit.o
         6          0          0          0          0        152   heapauxi.o
         0          0          0          0          0          0   indicate_semi.o
         2          0          0          0          0          0   libinit.o
         2          0          0          0          0          0   libinit2.o
         2          0          0          0          0          0   libshutdown.o
         2          0          0          0          0          0   libshutdown2.o
         8          4          0          0         96         68   libspace.o
         2          0          0          0          0          0   rtexit.o
        10          0          0          0          0          0   rtexit2.o
        12          4          0          0          0         68   sys_exit.o
        74          0          0          0          0         80   sys_stackheap_outer.o
         2          0          0          0          0         68   use_no_semi.o

    ----------------------------------------------------------------------
       280         16          0          0        100        584   Library Totals
         8          0          0          0          4          0   (incl. Padding)

    ----------------------------------------------------------------------

      Code (inc. data)   RO Data    RW Data    ZI Data      Debug   Library Name

       272         16          0          0         96        584   c_w.l

    ----------------------------------------------------------------------
       280         16          0          0        100        584   Library Totals

    ----------------------------------------------------------------------

==============================================================================


      Code (inc. data)   RO Data    RW Data    ZI Data      Debug   

      8324       2758       3300         40       1000      74836   Grand Totals
      8324       2758       3300         40       1000      74836   ELF Image Totals
      8324       2758       3300         40          0          0   ROM Totals

==============================================================================

    Total RO  Size (Code + RO Data)                11624 (  11.35kB)
    Total RW  Size (RW Data + ZI Data)              1040 (   1.02kB)
    Total ROM Size (Code + RO Data + RW Data)      11664 (  11.39kB)

==============================================================================

