Component: ARM Compiler 5.06 update 7 (build 960) Tool: armlink [4d3601]

==============================================================================

Section Cross References

    main_svc.o(i.main) refers to system_lpc17xx.o(i.SystemInit) for SystemInit
    main_svc.o(i.main) refers to uart_irq.o(i.uart_irq_init) for uart_irq_init
    main_svc.o(i.main) refers to uart_polling.o(i.uart_init) for uart_init
    main_svc.o(i.main) refers to printf.o(i.init_printf) for init_printf
    main_svc.o(i.main) refers to ae.o(i.ae_init) for ae_init
    main_svc.o(i.main) refers to uart_polling.o(i.putc) for putc
    main_svc.o(i.main) refers to main_svc.o(i.pre_rtx_init) for pre_rtx_init
    main_svc.o(i.main) refers to k_rtx_init.o(i.k_rtx_init) for k_rtx_init
    uart_polling.o(i.putc) refers to uart_polling.o(i.uart_put_string) for uart_put_string
    uart_polling.o(i.putc) refers to uart_polling.o(i.uart_put_char) for uart_put_char
    uart_polling.o(i.uart_put_string) refers to uart_polling.o(i.uart_put_char) for uart_put_char
    printf.o(i.a2i) refers to printf.o(i.a2d) for a2d
    printf.o(i.i2a) refers to printf.o(i.ui2a) for ui2a
    printf.o(i.init_printf) refers to printf.o(.data) for .data
    printf.o(i.tfp_format) refers to printf.o(i.a2i) for a2i
    printf.o(i.tfp_format) refers to printf.o(i.ui2a) for ui2a
    printf.o(i.tfp_format) refers to printf.o(i.putchw) for putchw
    printf.o(i.tfp_format) refers to printf.o(i.i2a) for i2a
    printf.o(i.tfp_printf) refers to printf.o(i.tfp_format) for tfp_format
    printf.o(i.tfp_printf) refers to printf.o(.data) for .data
    printf.o(i.tfp_sprintf) refers to printf.o(i.tfp_format) for tfp_format
    printf.o(i.tfp_sprintf) refers to printf.o(i.putcp) for putcp
    uart_irq.o(.emb_text) refers to uart_irq.o(i.uart0_iproc) for uart0_iproc
    uart_irq.o(.emb_text) refers to k_process.o(i.interrupt_handler) for interrupt_handler
    uart_irq.o(.emb_text) refers to k_process.o(.data) for gp_current_process
    uart_irq.o(.emb_text) refers to k_process.o(.data) for gp_pcb_interrupted
    uart_irq.o(i.uart0_iproc) refers to k_memory.o(i.k_request_memory_block_nb) for k_request_memory_block_nb
    uart_irq.o(i.uart0_iproc) refers to k_msg.o(i.k_send_message) for k_send_message
    uart_irq.o(i.uart0_iproc) refers to printf.o(i.tfp_sprintf) for tfp_sprintf
    uart_irq.o(i.uart0_iproc) refers to queue.o(i.serialize_queue_to_dest) for serialize_queue_to_dest
    uart_irq.o(i.uart0_iproc) refers to queue.o(i.enqueue) for enqueue
    uart_irq.o(i.uart0_iproc) refers to k_msg.o(i.k_receive_message_nb) for k_receive_message_nb
    uart_irq.o(i.uart0_iproc) refers to k_memory.o(i.k_release_memory_block) for k_release_memory_block
    uart_irq.o(i.uart0_iproc) refers to uart_irq.o(.data) for .data
    uart_irq.o(i.uart0_iproc) refers to k_process.o(.data) for ready_queues
    uart_irq.o(i.uart0_iproc) refers to uart_irq.o(i.write_pcb_to_dest) for write_pcb_to_dest
    uart_irq.o(i.uart0_iproc) refers to uart_irq.o(.bss) for .bss
    uart_irq.o(i.uart_irq_init) refers to uart_irq.o(i.__NVIC_SetPriority) for __NVIC_SetPriority
    uart_irq.o(i.uart_irq_init) refers to uart_irq.o(i.__NVIC_EnableIRQ) for __NVIC_EnableIRQ
    uart_irq.o(i.write_pcb_to_dest) refers to printf.o(i.tfp_sprintf) for tfp_sprintf
    uart_irq.o(.data) refers to uart_irq.o(.bss) for buffer
    uart_irq.o(.data) refers to uart_irq.o(.conststring) for .conststring
    sysproc_a.o(i.a_proc) refers to k_memory.o(i.k_request_memory_block) for k_request_memory_block
    sysproc_a.o(i.a_proc) refers to k_msg.o(i.k_send_message) for k_send_message
    sysproc_a.o(i.a_proc) refers to k_process.o(i.k_release_processor) for k_release_processor
    sysproc_b.o(i.b_proc) refers to k_msg.o(i.k_receive_message) for k_receive_message
    sysproc_b.o(i.b_proc) refers to k_msg.o(i.k_send_message) for k_send_message
    sysproc_c.o(i.c_proc) refers to circ_buf.o(i.cb_init) for cb_init
    sysproc_c.o(i.c_proc) refers to circ_buf.o(i.cb_is_empty) for cb_is_empty
    sysproc_c.o(i.c_proc) refers to circ_buf.o(i.cb_pop_front) for cb_pop_front
    sysproc_c.o(i.c_proc) refers to printf.o(i.tfp_sprintf) for tfp_sprintf
    sysproc_c.o(i.c_proc) refers to sysproc_c.o(i.hibernate) for hibernate
    sysproc_c.o(i.c_proc) refers to sysproc_c.o(.bss) for .bss
    sysproc_c.o(i.c_proc) refers to k_msg.o(i.k_receive_message) for k_receive_message
    sysproc_c.o(i.c_proc) refers to k_msg.o(i.k_send_message) for k_send_message
    sysproc_c.o(i.c_proc) refers to k_memory.o(i.k_release_memory_block) for k_release_memory_block
    sysproc_c.o(i.c_proc) refers to k_process.o(i.k_release_processor) for k_release_processor
    sysproc_c.o(i.hibernate) refers to circ_buf.o(i.cb_push_back) for cb_push_back
    sysproc_c.o(i.hibernate) refers to k_memory.o(i.k_request_memory_block) for k_request_memory_block
[...]
    rt_div0.o(.text) refers to defsig_fpe_outer.o(.text) for __rt_SIGFPE
    sys_stackheap_outer.o(.text) refers to libspace.o(.text) for __user_perproc_libspace
    sys_stackheap_outer.o(.text) refers to startup_lpc17xx.o(.text) for __user_initial_stackheap
    exit.o(.text) refers to rtexit.o(.ARM.Collect$$rtexit$$00000000) for __rt_exit
    defsig_fpe_outer.o(.text) refers to defsig_fpe_inner.o(.text) for __rt_SIGFPE_inner
    defsig_fpe_outer.o(.text) refers to defsig_exit.o(.text) for __sig_exit
    defsig_fpe_formal.o(.text) refers to rt_raise.o(.text) for __rt_raise
    libinit.o(.ARM.Collect$$libinit$$00000000) refers (Special) to libinit2.o(.ARM.Collect$$libinit$$0000002E) for __rt_lib_init_alloca_1
    libinit.o(.ARM.Collect$$libinit$$00000000) refers (Special) to libinit2.o(.ARM.Collect$$libinit$$0000002C) for __rt_lib_init_argv_1
    libinit.o(.ARM.Collect$$libinit$$00000000) refers (Special) to libinit2.o(.ARM.Collect$$libinit$$0000001B) for __rt_lib_init_atexit_1
    libinit.o(.ARM.Collect$$libinit$$00000000) refers (Special) to libinit2.o(.ARM.Collect$$libinit$$00000021) for __rt_lib_init_clock_1
    libinit.o(.ARM.Collect$$libinit$$00000000) refers (Special) to libinit2.o(.ARM.Collect$$libinit$$00000032) for __rt_lib_init_cpp_1
    libinit.o(.ARM.Collect$$libinit$$00000000) refers (Special) to libinit2.o(.ARM.Collect$$libinit$$00000030) for __rt_lib_init_exceptions_1
    libinit.o(.ARM.Collect$$libinit$$00000000) refers (Special) to libinit2.o(.ARM.Collect$$libinit$$00000002) for __rt_lib_init_fp_1
    libinit.o(.ARM.Collect$$libinit$$00000000) refers (Special) to libinit2.o(.ARM.Collect$$libinit$$0000001F) for __rt_lib_init_fp_trap_1
    libinit.o(.ARM.Collect$$libinit$$00000000) refers (Special) to libinit2.o(.ARM.Collect$$libinit$$00000023) for __rt_lib_init_getenv_1
    libinit.o(.ARM.Collect$$libinit$$00000000) refers (Special) to libinit2.o(.ARM.Collect$$libinit$$0000000A) for __rt_lib_init_heap_1
    libinit.o(.ARM.Collect$$libinit$$00000000) refers (Special) to libinit2.o(.ARM.Collect$$libinit$$00000011) for __rt_lib_init_lc_collate_1
    libinit.o(.ARM.Collect$$libinit$$00000000) refers (Special) to libinit2.o(.ARM.Collect$$libinit$$00000013) for __rt_lib_init_lc_ctype_1
    libinit.o(.ARM.Collect$$libinit$$00000000) refers (Special) to libinit2.o(.ARM.Collect$$libinit$$00000015) for __rt_lib_init_lc_monetary_1
    libinit.o(.ARM.Collect$$libinit$$00000000) refers (Special) to libinit2.o(.ARM.Collect$$libinit$$00000017) for __rt_lib_init_lc_numeric_1
    libinit.o(.ARM.Collect$$libinit$$00000000) refers (Special) to libinit2.o(.ARM.Collect$$libinit$$00000019) for __rt_lib_init_lc_time_1
    libinit.o(.ARM.Collect$$libinit$$00000000) refers (Special) to libinit2.o(.ARM.Collect$$libinit$$00000004) for __rt_lib_init_preinit_1
    libinit.o(.ARM.Collect$$libinit$$00000000) refers (Special) to libinit2.o(.ARM.Collect$$libinit$$0000000E) for __rt_lib_init_rand_1
    libinit.o(.ARM.Collect$$libinit$$00000000) refers (Special) to libinit2.o(.ARM.Collect$$libinit$$00000033) for __rt_lib_init_return
    libinit.o(.ARM.Collect$$libinit$$00000000) refers (Special) to libinit2.o(.ARM.Collect$$libinit$$0000001D) for __rt_lib_init_signal_1
    libinit.o(.ARM.Collect$$libinit$$00000000) refers (Special) to libinit2.o(.ARM.Collect$$libinit$$00000025) for __rt_lib_init_stdio_1
    libinit.o(.ARM.Collect$$libinit$$00000000) refers (Special) to libinit2.o(.ARM.Collect$$libinit$$0000000C) for __rt_lib_init_user_alloc_1
    libspace.o(.text) refers to libspace.o(.bss) for __libspace_start
    rtexit.o(.ARM.Collect$$rtexit$$00000000) refers (Special) to rtexit2.o(.ARM.Collect$$rtexit$$00000004) for __rt_exit_exit
    rtexit.o(.ARM.Collect$$rtexit$$00000000) refers (Special) to rtexit2.o(.ARM.Collect$$rtexit$$00000003) for __rt_exit_ls
    rtexit.o(.ARM.Collect$$rtexit$$00000000) refers (Special) to rtexit2.o(.ARM.Collect$$rtexit$$00000002) for __rt_exit_prels_1
    rtexit.o(.ARM.exidx) refers (Special) to rtexit2.o(.ARM.Collect$$rtexit$$00000004) for __rt_exit_exit
    rtexit.o(.ARM.exidx) refers (Special) to rtexit2.o(.ARM.Collect$$rtexit$$00000003) for __rt_exit_ls
    rtexit.o(.ARM.exidx) refers (Special) to rtexit2.o(.ARM.Collect$$rtexit$$00000002) for __rt_exit_prels_1
    rtexit.o(.ARM.exidx) refers to rtexit.o(.ARM.Collect$$rtexit$$00000000) for .ARM.Collect$$rtexit$$00000000
    rt_raise.o(.text) refers to __raise.o(.text) for __raise
    rt_raise.o(.text) refers to sys_exit.o(.text) for _sys_exit
    defsig_exit.o(.text) refers to sys_exit.o(.text) for _sys_exit
    defsig_fpe_inner.o(.text) refers to defsig_general.o(.text) for __default_signal_display
    libinit2.o(.ARM.Collect$$libinit$$00000010) refers to libinit2.o(.ARM.Collect$$libinit$$0000000F) for .ARM.Collect$$libinit$$0000000F
    libinit2.o(.ARM.Collect$$libinit$$00000012) refers to libinit2.o(.ARM.Collect$$libinit$$0000000F) for .ARM.Collect$$libinit$$0000000F
    libinit2.o(.ARM.Collect$$libinit$$00000014) refers to libinit2.o(.ARM.Collect$$libinit$$0000000F) for .ARM.Collect$$libinit$$0000000F
    libinit2.o(.ARM.Collect$$libinit$$00000016) refers to libinit2.o(.ARM.Collect$$libinit$$0000000F) for .ARM.Collect$$libinit$$0000000F
    libinit2.o(.ARM.Collect$$libinit$$00000018) refers to libinit2.o(.ARM.Collect$$libinit$$0000000F) for .ARM.Collect$$libinit$$0000000F
    libinit2.o(.ARM.Collect$$libinit$$00000026) refers to argv_veneer.o(.emb_text) for __ARM_argv_veneer
    libinit2.o(.ARM.Collect$$libinit$$00000027) refers to argv_veneer.o(.emb_text) for __ARM_argv_veneer
    sys_exit.o(.text) refers (Special) to use_no_semi.o(.text) for __I$use$semihosting
    sys_exit.o(.text) refers (Special) to indicate_semi.o(.text) for __semihosting_library_function
    rtexit2.o(.ARM.Collect$$rtexit$$00000003) refers to libshutdown.o(.ARM.Collect$$libshutdown$$00000000) for __rt_lib_shutdown
    rtexit2.o(.ARM.Collect$$rtexit$$00000004) refers to sys_exit.o(.text) for _sys_exit
    rtexit2.o(.ARM.exidx) refers to rtexit2.o(.ARM.Collect$$rtexit$$00000001) for .ARM.Collect$$rtexit$$00000001
    rtexit2.o(.ARM.exidx) refers to rtexit2.o(.ARM.Collect$$rtexit$$00000003) for .ARM.Collect$$rtexit$$00000003
    rtexit2.o(.ARM.exidx) refers to rtexit2.o(.ARM.Collect$$rtexit$$00000004) for .ARM.Collect$$rtexit$$00000004
    __raise.o(.text) refers to defsig.o(CL$$defsig) for __default_signal_handler
    defsig_general.o(.text) refers to sys_wrch.o(.text) for _ttywrch
    argv_veneer.o(.emb_text) refers to no_argv.o(.text) for __ARM_get_argv
    sys_wrch.o(.text) refers (Special) to use_no_semi.o(.text) for __I$use$semihosting
    sys_wrch.o(.text) refers (Special) to indicate_semi.o(.text) for __semihosting_library_function
    defsig.o(CL$$defsig) refers to defsig_fpe_inner.o(.text) for __rt_SIGFPE_inner
    defsig.o(CL$$defsig) refers to defsig_rtmem_inner.o(.text) for __rt_SIGRTMEM_inner
    _get_argv_nomalloc.o(.text) refers (Special) to hrguard.o(.text) for __heap_region$guard
    _get_argv_nomalloc.o(.text) refers to defsig_rtmem_outer.o(.text) for __rt_SIGRTMEM
    _get_argv_nomalloc.o(.text) refers to sys_command.o(.text) for _sys_command_string
    libshutdown.o(.ARM.Collect$$libshutdown$$00000000) refers (Special) to libshutdown2.o(.ARM.Collect$$libshutdown$$00000004) for __rt_lib_shutdown_cpp_1
    libshutdown.o(.ARM.Collect$$libshutdown$$00000000) refers (Special) to libshutdown2.o(.ARM.Collect$$libshutdown$$00000002) for __rt_lib_shutdown_fini_1
    libshutdown.o(.ARM.Collect$$libshutdown$$00000000) refers (Special) to libshutdown2.o(.ARM.Collect$$libshutdown$$00000009) for __rt_lib_shutdown_fp_trap_1
    libshutdown.o(.ARM.Collect$$libshutdown$$00000000) refers (Special) to libshutdown2.o(.ARM.Collect$$libshutdown$$00000011) for __rt_lib_shutdown_heap_1
    libshutdown.o(.ARM.Collect$$libshutdown$$00000000) refers (Special) to libshutdown2.o(.ARM.Collect$$libshutdown$$00000012) for __rt_lib_shutdown_return
    libshutdown.o(.ARM.Collect$$libshutdown$$00000000) refers (Special) to libshutdown2.o(.ARM.Collect$$libshutdown$$0000000C) for __rt_lib_shutdown_signal_1
    libshutdown.o(.ARM.Collect$$libshutdown$$00000000) refers (Special) to libshutdown2.o(.ARM.Collect$$libshutdown$$00000006) for __rt_lib_shutdown_stdio_1
    libshutdown.o(.ARM.Collect$$libshutdown$$00000000) refers (Special) to libshutdown2.o(.ARM.Collect$$libshutdown$$0000000E) for __rt_lib_shutdown_user_alloc_1
    sys_command.o(.text) refers (Special) to use_no_semi.o(.text) for __I$use$semihosting
    sys_command.o(.text) refers (Special) to indicate_semi.o(.text) for __semihosting_library_function
    defsig_abrt_inner.o(.text) refers to defsig_general.o(.text) for __default_signal_display
    defsig_rtred_inner.o(.text) refers to defsig_general.o(.text) for __default_signal_display
    defsig_rtmem_inner.o(.text) refers to defsig_general.o(.text) for __default_signal_display
    defsig_rtmem_outer.o(.text) refers to defsig_rtmem_inner.o(.text) for __rt_SIGRTMEM_inner
    defsig_rtmem_outer.o(.text) refers to defsig_exit.o(.text) for __sig_exit
    defsig_rtmem_formal.o(.text) refers to rt_raise.o(.text) for __rt_raise
    defsig_stak_inner.o(.text) refers to defsig_general.o(.text) for __default_signal_display
    defsig_pvfn_inner.o(.text) refers to defsig_general.o(.text) for __default_signal_display
    defsig_cppl_inner.o(.text) refers to defsig_general.o(.text) for __default_signal_display
    defsig_segv_inner.o(.text) refers to defsig_general.o(.text) for __default_signal_display
    defsig_other.o(.text) refers to defsig_general.o(.text) for __default_signal_display


==============================================================================

Removing Unused input sections from the image.

    Removing main_svc.o(.rev16_text), (4 bytes).
    Removing main_svc.o(.revsh_text), (4 bytes).
    Removing main_svc.o(.rrx_text), (6 bytes).
    Removing uart_polling.o(.rev16_text), (4 bytes).
    Removing uart_polling.o(.revsh_text), (4 bytes).
    Removing uart_polling.o(.rrx_text), (6 bytes).
    Removing uart_polling.o(i.uart_get_char), (40 bytes).
    Removing uart_irq.o(.rev16_text), (4 bytes).
    Removing uart_irq.o(.revsh_text), (4 bytes).
    Removing uart_irq.o(.rrx_text), (6 bytes).
    Removing sysproc_a.o(i.serialize_int), (56 bytes).
    Removing sysproc_c.o(i.deserialize_int), (26 bytes).
    Removing sysproc_crt.o(.rev16_text), (4 bytes).
    Removing sysproc_crt.o(.revsh_text), (4 bytes).
    Removing sysproc_crt.o(.rrx_text), (6 bytes).
    Removing sysproc_set_prio.o(.rev16_text), (4 bytes).
    Removing sysproc_set_prio.o(.revsh_text), (4 bytes).
    Removing sysproc_set_prio.o(.rrx_text), (6 bytes).
    Removing k_memory.o(.rev16_text), (4 bytes).
    Removing k_memory.o(.revsh_text), (4 bytes).
    Removing k_memory.o(.rrx_text), (6 bytes).
    Removing k_msg.o(.rev16_text), (4 bytes).
    Removing k_msg.o(.revsh_text), (4 bytes).
    Removing k_msg.o(.rrx_text), (6 bytes).
    Removing k_process.o(.rev16_text), (4 bytes).
    Removing k_process.o(.revsh_text), (4 bytes).
    Removing k_process.o(.rrx_text), (6 bytes).
    Removing k_process.o(.data), (4 bytes).
    Removing k_process.o(.data), (4 bytes).
    Removing k_rtx_init.o(.rev16_text), (4 bytes).
    Removing k_rtx_init.o(.revsh_text), (4 bytes).
    Removing k_rtx_init.o(.rrx_text), (6 bytes).
    Removing queue.o(i.get_elt_if), (58 bytes).
    Removing k_rtx.o(.rev16_text), (4 bytes).
    Removing k_rtx.o(.revsh_text), (4 bytes).
    Removing k_rtx.o(.rrx_text), (6 bytes).
    Removing k_rtx.o(i.set_privileged), (18 bytes).
    Removing k_rtx.o(i.set_unprivileged), (18 bytes).
    Removing k_timer.o(.rev16_text), (4 bytes).
    Removing k_timer.o(.revsh_text), (4 bytes).
    Removing k_timer.o(.rrx_text), (6 bytes).
    Removing circ_buf.o(i.cb_peek_back), (36 bytes).
    Removing circ_buf.o(i.cb_peek_front), (28 bytes).
    Removing circ_buf.o(i.cb_pop_back), (46 bytes).
    Removing circ_buf.o(i.cb_push_front), (56 bytes).
    Removing circ_buf.o(i.prev), (12 bytes).
    Removing ae.o(.rev16_text), (4 bytes).
    Removing ae.o(.revsh_text), (4 bytes).
    Removing ae.o(.rrx_text), (6 bytes).
    Removing ae_util.o(.rev16_text), (4 bytes).
    Removing ae_util.o(.revsh_text), (4 bytes).
    Removing ae_util.o(.rrx_text), (6 bytes).
    Removing ae_util.o(i.print_log), (108 bytes).
    Removing ae_util.o(i.process_sub_result), (40 bytes).
    Removing ae_util.o(i.strcpy), (26 bytes).
    Removing ae_util.o(i.test_exit), (40 bytes).
    Removing ae_timer.o(.rev16_text), (4 bytes).
    Removing ae_timer.o(.revsh_text), (4 bytes).
    Removing ae_timer.o(.rrx_text), (6 bytes).
    Removing ae_timer.o(i.ae_get_tick), (28 bytes).
    Removing ae_timer.o(i.ae_get_tick_diff), (92 bytes).
    Removing ae_proc302.o(.rev16_text), (4 bytes).
    Removing ae_proc302.o(.revsh_text), (4 bytes).
    Removing ae_proc302.o(.rrx_text), (6 bytes).
    Removing ae_proc302.o(.bss), (144 bytes).
    Removing ae_proc302.o(.constdata), (15 bytes).
    Removing system_lpc17xx.o(.rev16_text), (4 bytes).
    Removing system_lpc17xx.o(.revsh_text), (4 bytes).
    Removing system_lpc17xx.o(.rrx_text), (6 bytes).
    Removing system_lpc17xx.o(i.SystemCoreClockUpdate), (288 bytes).
    Removing system_lpc17xx.o(.data), (4 bytes).

71 unused section(s) (total 1411 bytes) removed from the image.

==============================================================================

Image Symbol Table

    Local Symbols

    Symbol Name                              Value     Ov Type        Size  Object(Section)

    ../clib/angel/boardlib.s                 0x00000000   Number         0  boardshut.o ABSOLUTE
    ../clib/angel/boardlib.s                 0x00000000   Number         0  boardinit2.o ABSOLUTE
    ../clib/angel/boardlib.s                 0x00000000   Number         0  boardinit1.o ABSOLUTE
    ../clib/angel/boardlib.s                 0x00000000   Number         0  boardinit3.o ABSOLUTE
    ../clib/angel/handlers.s                 0x00000000   Number         0  __scatter_zi.o ABSOLUTE
    ../clib/angel/handlers.s                 0x00000000   Number         0  __scatter_copy.o ABSOLUTE
    ../clib/angel/kernel.s                   0x00000000   Number         0  __rtentry.o ABSOLUTE
    ../clib/angel/kernel.s                   0x00000000   Number         0  rtexit2.o ABSOLUTE
    ../clib/angel/kernel.s                   0x00000000   Number         0  __rtentry4.o ABSOLUTE
    ../clib/angel/kernel.s                   0x00000000   Number         0  __rtentry2.o ABSOLUTE
    ../clib/angel/kernel.s                   0x00000000   Number         0  rtexit.o ABSOLUTE
    ../clib/angel/rt.s                       0x00000000   Number         0  rt_div0.o ABSOLUTE
    ../clib/angel/rt.s                       0x00000000   Number         0  aeabi_ldiv0.o ABSOLUTE
    ../clib/angel/rt.s                       0x00000000   Number         0  rt_raise.o ABSOLUTE
    ../clib/angel/rt.s                       0x00000000   Number         0  aeabi_ldiv0_sigfpe.o ABSOLUTE
    ../clib/angel/scatter.s                  0x00000000   Number         0  __scatter.o ABSOLUTE
    ../clib/angel/startup.s                  0x00000000   Number         0  __main.o ABSOLUTE
    ../clib/angel/sys.s                      0x00000000   Number         0  indicate_semi.o ABSOLUTE
    ../clib/angel/sys.s                      0x00000000   Number         0  use_no_semi.o ABSOLUTE
    ../clib/angel/sys.s                      0x00000000   Number         0  sys_stackheap_outer.o ABSOLUTE
    ../clib/angel/sys.s                      0x00000000   Number         0  libspace.o ABSOLUTE
    ../clib/angel/sysapp.c                   0x00000000   Number         0  sys_exit.o ABSOLUTE
    ../clib/angel/sysapp.c                   0x00000000   Number         0  sys_command.o ABSOLUTE
    ../clib/angel/sysapp.c                   0x00000000   Number         0  sys_wrch.o ABSOLUTE
    ../clib/armsys.c                         0x00000000   Number         0  argv_veneer.o ABSOLUTE
    ../clib/armsys.c                         0x00000000   Number         0  no_argv.o ABSOLUTE
    ../clib/armsys.c                         0x00000000   Number         0  _get_argv_nomalloc.o ABSOLUTE
    ../clib/armsys.c                         0x00000000   Number         0  argv_veneer.o ABSOLUTE
    ../clib/heapalloc.c                      0x00000000   Number         0  hrguard.o ABSOLUTE
    ../clib/heapaux.c                        0x00000000   Number         0  heapauxi.o ABSOLUTE
    ../clib/libinit.s                        0x00000000   Number         0  libinit2.o ABSOLUTE
    ../clib/libinit.s                        0x00000000   Number         0  libshutdown.o ABSOLUTE
    ../clib/libinit.s                        0x00000000   Number         0  libshutdown2.o ABSOLUTE
    ../clib/libinit.s                        0x00000000   Number         0  libinit.o ABSOLUTE
    ../clib/longlong.s                       0x00000000   Number         0  lludivv7m.o ABSOLUTE
    ../clib/signal.c                         0x00000000   Number         0  defsig_rtmem_outer.o ABSOLUTE
    ../clib/signal.c                         0x00000000   Number         0  defsig_rtmem_formal.o ABSOLUTE
    ../clib/signal.c                         0x00000000   Number         0  defsig_fpe_formal.o ABSOLUTE
    ../clib/signal.c                         0x00000000   Number         0  defsig_cppl_inner.o ABSOLUTE
    ../clib/signal.c                         0x00000000   Number         0  defsig_segv_inner.o ABSOLUTE
    ../clib/signal.c                         0x00000000   Number         0  defsig_other.o ABSOLUTE
    ../clib/signal.c                         0x00000000   Number         0  defsig_fpe_outer.o ABSOLUTE
    ../clib/signal.c                         0x00000000   Number         0  defsig_stak_inner.o ABSOLUTE
    ../clib/signal.c                         0x00000000   Number         0  __raise.o ABSOLUTE
    ../clib/signal.c                         0x00000000   Number         0  defsig_fpe_inner.o ABSOLUTE
    ../clib/signal.c                         0x00000000   Number         0  defsig_exit.o ABSOLUTE
    ../clib/signal.c                         0x00000000   Number         0  defsig_abrt_inner.o ABSOLUTE
    ../clib/signal.c                         0x00000000   Number         0  defsig_rtred_inner.o ABSOLUTE
    ../clib/signal.c                         0x00000000   Number         0  defsig_pvfn_inner.o ABSOLUTE
    ../clib/signal.c                         0x00000000   Number         0  defsig_rtmem_inner.o ABSOLUTE
    ../clib/signal.c                         0x00000000   Number         0  defsig_general.o ABSOLUTE
    ../clib/signal.s                         0x00000000   Number         0  defsig.o ABSOLUTE
    ../clib/stdlib.c                         0x00000000   Number         0  exit.o ABSOLUTE
    ../fplib/fpinit.s                        0x00000000   Number         0  fpinit.o ABSOLUTE
    RTE\Device\LPC1768\startup_LPC17xx.s     0x00000000   Number         0  startup_lpc17xx.o ABSOLUTE
    RTE\Device\LPC1768\system_LPC17xx.c      0x00000000   Number         0  system_lpc17xx.o ABSOLUTE
    RTE\\Device\\LPC1768\\system_LPC17xx.c   0x00000000   Number         0  system_lpc17xx.o ABSOLUTE
    dc.s                                     0x00000000   Number         0  dc.o ABSOLUTE
    src\HAL.c                                0x00000000   Number         0  hal.o ABSOLUTE
    src\\HAL.c                               0x00000000   Number         0  hal.o ABSOLUTE
    src\\ae.c                                0x00000000   Number         0  ae.o ABSOLUTE
    src\\ae_proc302.c                        0x00000000   Number         0  ae_proc302.o ABSOLUTE
    src\\ae_timer.c                          0x00000000   Number         0  ae_timer.o ABSOLUTE
    src\\ae_util.c                           0x00000000   Number         0  ae_util.o ABSOLUTE
    src\\k_memory.c                          0x00000000   Number         0  k_memory.o ABSOLUTE
    src\\k_msg.c                             0x00000000   Number         0  k_msg.o ABSOLUTE
    src\\k_process.c                         0x00000000   Number         0  k_process.o ABSOLUTE
    src\\k_rtx.c                             0x00000000   Number         0  k_rtx.o ABSOLUTE
    src\\k_rtx_init.c                        0x00000000   Number         0  k_rtx_init.o ABSOLUTE
    src\\k_timer.c                           0x00000000   Number         0  k_timer.o ABSOLUTE
    src\\main_svc.c                          0x00000000   Number         0  main_svc.o ABSOLUTE
    src\\sysproc_crt.c                       0x00000000   Number         0  sysproc_crt.o ABSOLUTE
    src\\sysproc_set_prio.c                  0x00000000   Number         0  sysproc_set_prio.o ABSOLUTE
    src\\uart_irq.c                          0x00000000   Number         0  uart_irq.o ABSOLUTE
    src\\uart_polling.c                      0x00000000   Number         0  uart_polling.o ABSOLUTE
    src\ae.c                                 0x00000000   Number         0  ae.o ABSOLUTE
    src\ae_proc302.c                         0x00000000   Number         0  ae_proc302.o ABSOLUTE
    src\ae_timer.c                           0x00000000   Number         0  ae_timer.o ABSOLUTE
    src\ae_util.c                            0x00000000   Number         0  ae_util.o ABSOLUTE
    src\circ_buf.c                           0x00000000   Number         0  circ_buf.o ABSOLUTE
    src\k_memory.c                           0x00000000   Number         0  k_memory.o ABSOLUTE
    src\k_msg.c                              0x00000000   Number         0  k_msg.o ABSOLUTE
    src\k_process.c                          0x00000000   Number         0  k_process.o ABSOLUTE
    src\k_rtx.c                              0x00000000   Number         0  k_rtx.o ABSOLUTE
    src\k_rtx_init.c                         0x00000000   Number         0  k_rtx_init.o ABSOLUTE
    src\k_timer.c                            0x00000000   Number         0  k_timer.o ABSOLUTE
    src\main_svc.c                           0x00000000   Number         0  main_svc.o ABSOLUTE
    src\printf.c                             0x00000000   Number         0  printf.o ABSOLUTE
    src\queue.c                              0x00000000   Number         0  queue.o ABSOLUTE
    src\sysproc_a.c                          0x00000000   Number         0  sysproc_a.o ABSOLUTE
    src\sysproc_b.c                          0x00000000   Number         0  sysproc_b.o ABSOLUTE
    src\sysproc_c.c                          0x00000000   Number         0  sysproc_c.o ABSOLUTE
    src\sysproc_clock.c                      0x00000000   Number         0  sysproc_clock.o ABSOLUTE
    src\sysproc_crt.c                        0x00000000   Number         0  sysproc_crt.o ABSOLUTE
    src\sysproc_kcd.c                        0x00000000   Number         0  sysproc_kcd.o ABSOLUTE
    src\sysproc_set_prio.c                   0x00000000   Number         0  sysproc_set_prio.o ABSOLUTE
    src\uart_irq.c                           0x00000000   Number         0  uart_irq.o ABSOLUTE
    src\uart_polling.c                       0x00000000   Number         0  uart_polling.o ABSOLUTE
    RESET                                    0x10000000   Section      204  startup_lpc17xx.o(RESET)
    !!!main                                  0x100000cc   Section        8  __main.o(!!!main)
    !!!scatter                               0x100000d4   Section       52  __scatter.o(!!!scatter)
    !!handler_copy                           0x10000108   Section       26  __scatter_copy.o(!!handler_copy)
    !!handler_zi                             0x10000124   Section       28  __scatter_zi.o(!!handler_zi)
    .ARM.Collect$$libinit$$00000000          0x10000140   Section        2  libinit.o(.ARM.Collect$$libinit$$00000000)
    .ARM.Collect$$libinit$$00000002          0x10000142   Section        0  libinit2.o(.ARM.Collect$$libinit$$00000002)
    .ARM.Collect$$libinit$$00000004          0x10000142   Section        0  libinit2.o(.ARM.Collect$$libinit$$00000004)
    .ARM.Collect$$libinit$$0000000A          0x10000142   Section        0  libinit2.o(.ARM.Collect$$libinit$$0000000A)
    .ARM.Collect$$libinit$$0000000C          0x10000142   Section        0  libinit2.o(.ARM.Collect$$libinit$$0000000C)
    .ARM.Collect$$libinit$$0000000E          0x10000142   Section        0  libinit2.o(.ARM.Collect$$libinit$$0000000E)
    .ARM.Collect$$libinit$$00000011          0x10000142   Section        0  libinit2.o(.ARM.Collect$$libinit$$00000011)
    .ARM.Collect$$libinit$$00000013          0x10000142   Section        0  libinit2.o(.ARM.Collect$$libinit$$00000013)
    .ARM.Collect$$libinit$$00000015          0x10000142   Section        0  libinit2.o(.ARM.Collect$$libinit$$00000015)
    .ARM.Collect$$libinit$$00000017          0x10000142   Section        0  libinit2.o(.ARM.Collect$$libinit$$00000017)
    .ARM.Collect$$libinit$$00000019          0x10000142   Section        0  libinit2.o(.ARM.Collect$$libinit$$00000019)
    .ARM.Collect$$libinit$$0000001B          0x10000142   Section        0  libinit2.o(.ARM.Collect$$libinit$$0000001B)
    .ARM.Collect$$libinit$$0000001D          0x10000142   Section        0  libinit2.o(.ARM.Collect$$libinit$$0000001D)
    .ARM.Collect$$libinit$$0000001F          0x10000142   Section        0  libinit2.o(.ARM.Collect$$libinit$$0000001F)
    .ARM.Collect$$libinit$$00000021          0x10000142   Section        0  libinit2.o(.ARM.Collect$$libinit$$00000021)
    .ARM.Collect$$libinit$$00000023          0x10000142   Section        0  libinit2.o(.ARM.Collect$$libinit$$00000023)
    .ARM.Collect$$libinit$$00000025          0x10000142   Section        0  libinit2.o(.ARM.Collect$$libinit$$00000025)
    .ARM.Collect$$libinit$$0000002C          0x10000142   Section        0  libinit2.o(.ARM.Collect$$libinit$$0000002C)
    .ARM.Collect$$libinit$$0000002E          0x10000142   Section        0  libinit2.o(.ARM.Collect$$libinit$$0000002E)
    .ARM.Collect$$libinit$$00000030          0x10000142   Section        0  libinit2.o(.ARM.Collect$$libinit$$00000030)
    .ARM.Collect$$libinit$$00000032          0x10000142   Section        0  libinit2.o(.ARM.Collect$$libinit$$00000032)
    .ARM.Collect$$libinit$$00000033          0x10000142   Section        2  libinit2.o(.ARM.Collect$$libinit$$00000033)
    .ARM.Collect$$libshutdown$$00000000      0x10000144   Section        2  libshutdown.o(.ARM.Collect$$libshutdown$$00000000)
    .ARM.Collect$$libshutdown$$00000002      0x10000146   Section        0  libshutdown2.o(.ARM.Collect$$libshutdown$$00000002)
    .ARM.Collect$$libshutdown$$00000004      0x10000146   Section        0  libshutdown2.o(.ARM.Collect$$libshutdown$$00000004)
    .ARM.Collect$$libshutdown$$00000006      0x10000146   Section        0  libshutdown2.o(.ARM.Collect$$libshutdown$$00000006)
    .ARM.Collect$$libshutdown$$00000009      0x10000146   Section        0  libshutdown2.o(.ARM.Collect$$libshutdown$$00000009)
    .ARM.Collect$$libshutdown$$0000000C      0x10000146   Section        0  libshutdown2.o(.ARM.Collect$$libshutdown$$0000000C)
    .ARM.Collect$$libshutdown$$0000000E      0x10000146   Section        0  libshutdown2.o(.ARM.Collect$$libshutdown$$0000000E)
    .ARM.Collect$$libshutdown$$00000011      0x10000146   Section        0  libshutdown2.o(.ARM.Collect$$libshutdown$$00000011)
    .ARM.Collect$$libshutdown$$00000012      0x10000146   Section        2  libshutdown2.o(.ARM.Collect$$libshutdown$$00000012)
    .ARM.Collect$$rtentry$$00000000          0x10000148   Section        0  __rtentry.o(.ARM.Collect$$rtentry$$00000000)
    .ARM.Collect$$rtentry$$00000002          0x10000148   Section        0  __rtentry2.o(.ARM.Collect$$rtentry$$00000002)
    .ARM.Collect$$rtentry$$00000004          0x10000148   Section        6  __rtentry4.o(.ARM.Collect$$rtentry$$00000004)
    .ARM.Collect$$rtentry$$00000009          0x1000014e   Section        0  __rtentry2.o(.ARM.Collect$$rtentry$$00000009)
    .ARM.Collect$$rtentry$$0000000A          0x1000014e   Section        4  __rtentry2.o(.ARM.Collect$$rtentry$$0000000A)
    .ARM.Collect$$rtentry$$0000000C          0x10000152   Section        0  __rtentry2.o(.ARM.Collect$$rtentry$$0000000C)
    .ARM.Collect$$rtentry$$0000000D          0x10000152   Section        8  __rtentry2.o(.ARM.Collect$$rtentry$$0000000D)
    .ARM.Collect$$rtexit$$00000000           0x1000015a   Section        2  rtexit.o(.ARM.Collect$$rtexit$$00000000)
    .ARM.Collect$$rtexit$$00000002           0x1000015c   Section        0  rtexit2.o(.ARM.Collect$$rtexit$$00000002)
    .ARM.Collect$$rtexit$$00000003           0x1000015c   Section        4  rtexit2.o(.ARM.Collect$$rtexit$$00000003)
    .ARM.Collect$$rtexit$$00000004           0x10000160   Section        6  rtexit2.o(.ARM.Collect$$rtexit$$00000004)
    .emb_text                                0x10000168   Section       76  uart_irq.o(.emb_text)
    .emb_text                                0x100001b4   Section       52  hal.o(.emb_text)
    .emb_text                                0x100001e8   Section       76  k_timer.o(.emb_text)
    .text                                    0x10000234   Section       60  startup_lpc17xx.o(.text)
    .text                                    0x10000270   Section        0  heapauxi.o(.text)
    .text                                    0x10000276   Section       74  sys_stackheap_outer.o(.text)
    .text                                    0x100002c0   Section        0  exit.o(.text)
    .text                                    0x100002d4   Section        8  libspace.o(.text)
    .text                                    0x100002dc   Section        0  sys_exit.o(.text)
    .text                                    0x100002e8   Section        2  use_no_semi.o(.text)
    .text                                    0x100002ea   Section        0  indicate_semi.o(.text)
    i.HardFault_Handler                      0x100002ec   Section        0  ae_util.o(i.HardFault_Handler)
    i.SystemInit                             0x1000031c   Section        0  system_lpc17xx.o(i.SystemInit)
    i.__NVIC_EnableIRQ                       0x100003d4   Section        0  uart_irq.o(i.__NVIC_EnableIRQ)
    __NVIC_EnableIRQ                         0x100003d5   Thumb Code    26  uart_irq.o(i.__NVIC_EnableIRQ)
    i.__NVIC_SetPriority                     0x100003ee   Section        0  uart_irq.o(i.__NVIC_SetPriority)
    __NVIC_SetPriority                       0x100003ef   Thumb Code    32  uart_irq.o(i.__NVIC_SetPriority)
    i.a2d                                    0x1000040e   Section        0  printf.o(i.a2d)
    a2d                                      0x1000040f   Thumb Code    42  printf.o(i.a2d)
    i.a2i                                    0x10000438   Section        0  printf.o(i.a2i)
    a2i                                      0x10000439   Thumb Code    52  printf.o(i.a2i)
    i.a_proc                                 0x1000046c   Section        0  sysproc_a.o(i.a_proc)
    i.ae_exit                                0x100004c0   Section        0  ae.o(i.ae_exit)
    i.ae_init                                0x100004c2   Section        0  ae.o(i.ae_init)
    i.ae_set_proc_info                       0x100004ec   Section        0  ae.o(i.ae_set_proc_info)
    i.ae_timer_init_100MHZ                   0x100004f0   Section        0  ae_timer.o(i.ae_timer_init_100MHZ)
    i.alloc_stack                            0x1000053c   Section        0  k_memory.o(i.alloc_stack)
    i.b_proc                                 0x10000554   Section        0  sysproc_b.o(i.b_proc)
    i.c_proc                                 0x10000570   Section        0  sysproc_c.o(i.c_proc)
    i.cb_init                                0x100005f4   Section        0  circ_buf.o(i.cb_init)
    i.cb_is_empty                            0x100005fe   Section        0  circ_buf.o(i.cb_is_empty)
    i.cb_pop_front                           0x1000060e   Section        0  circ_buf.o(i.cb_pop_front)
    i.cb_push_back                           0x1000063c   Section        0  circ_buf.o(i.cb_push_back)
    i.cb_size                                0x10000674   Section        0  circ_buf.o(i.cb_size)
    i.clock_proc                             0x1000067c   Section        0  sysproc_clock.o(i.clock_proc)
    i.count_set_bits                         0x10000784   Section        0  ae_util.o(i.count_set_bits)
    i.crt_proc                               0x10000798   Section        0  sysproc_crt.o(i.crt_proc)
    i.delete_elt_if                          0x100007dc   Section        0  queue.o(i.delete_elt_if)
    i.deliver_error_to_crt                   0x1000085c   Section        0  sysproc_set_prio.o(i.deliver_error_to_crt)
    i.dequeue                                0x100008a0   Section        0  queue.o(i.dequeue)
    i.empty                                  0x100008e6   Section        0  queue.o(i.empty)
    i.enqueue                                0x100008f8   Section        0  queue.o(i.enqueue)
    i.get_block_index                        0x10000928   Section        0  k_memory.o(i.get_block_index)
    i.hibernate                              0x10000958   Section        0  sysproc_c.o(i.hibernate)
    i.i2a                                    0x1000099c   Section        0  printf.o(i.i2a)
    i2a                                      0x1000099d   Thumb Code    22  printf.o(i.i2a)
    i.increment_one_second                   0x100009b2   Section        0  sysproc_clock.o(i.increment_one_second)
    i.init_printf                            0x100009e4   Section        0  printf.o(i.init_printf)
    i.insert_elt_if                          0x100009f0   Section        0  queue.o(i.insert_elt_if)
    i.interrupt_handler                      0x10000a44   Section        0  k_process.o(i.interrupt_handler)
    i.k_delayed_send                         0x10000a90   Section        0  k_msg.o(i.k_delayed_send)
    i.k_get_process_by_pid                   0x10000ac8   Section        0  k_process.o(i.k_get_process_by_pid)
    i.k_get_process_priority                 0x10000aec   Section        0  k_process.o(i.k_get_process_priority)
    i.k_receive_message                      0x10000b00   Section        0  k_msg.o(i.k_receive_message)
    i.k_receive_message_nb                   0x10000b64   Section        0  k_msg.o(i.k_receive_message_nb)
    i.k_release_memory_block                 0x10000b98   Section        0  k_memory.o(i.k_release_memory_block)
    i.k_release_processor                    0x10000c68   Section        0  k_process.o(i.k_release_processor)
    i.k_request_memory_block                 0x10000cc8   Section        0  k_memory.o(i.k_request_memory_block)
    i.k_request_memory_block_nb              0x10000d28   Section        0  k_memory.o(i.k_request_memory_block_nb)
    i.k_rtx_init                             0x10000d5c   Section        0  k_rtx_init.o(i.k_rtx_init)
    i.k_send_message                         0x10000d7c   Section        0  k_msg.o(i.k_send_message)
    i.k_set_process_priority                 0x10000de0   Section        0  k_process.o(i.k_set_process_priority)
    i.kcd_proc                               0x10000ec4   Section        0  sysproc_kcd.o(i.kcd_proc)
    i.main                                   0x10001014   Section        0  main_svc.o(i.main)
    i.memory_init                            0x10001060   Section        0  k_memory.o(i.memory_init)
    i.move_elt_if                            0x10001120   Section        0  queue.o(i.move_elt_if)
    i.null_process                           0x1000115a   Section        0  k_process.o(i.null_process)
    i.parse_digits_till_space                0x1000115c   Section        0  sysproc_set_prio.o(i.parse_digits_till_space)
    i.parse_two_digits_to_time               0x10001194   Section        0  sysproc_clock.o(i.parse_two_digits_to_time)
    i.partial_sum                            0x100011d0   Section        0  k_timer.o(i.partial_sum)
    i.pcb_node_is_pid                        0x10001204   Section        0  k_process.o(i.pcb_node_is_pid)
    i.pre_rtx_init                           0x10001214   Section        0  main_svc.o(i.pre_rtx_init)
    i.print_results                          0x10001218   Section        0  ae_util.o(i.print_results)
    i.print_summary                          0x10001338   Section        0  ae_util.o(i.print_summary)
    i.proc1                                  0x10001364   Section        0  ae_proc302.o(i.proc1)
    i.proc2                                  0x10001370   Section        0  ae_proc302.o(i.proc2)
    i.proc3                                  0x1000137c   Section        0  ae_proc302.o(i.proc3)
    i.proc4                                  0x10001388   Section        0  ae_proc302.o(i.proc4)
    i.proc5                                  0x10001394   Section        0  ae_proc302.o(i.proc5)
    i.proc6                                  0x100013a0   Section        0  ae_proc302.o(i.proc6)
    i.process_init                           0x100013ac   Section        0  k_process.o(i.process_init)
    i.process_switch                         0x10001548   Section        0  k_process.o(i.process_switch)
    i.putc                                   0x100015b4   Section        0  uart_polling.o(i.putc)
    i.putchw                                 0x100015f0   Section        0  printf.o(i.putchw)
    putchw                                   0x100015f1   Thumb Code    76  printf.o(i.putchw)
    i.putcp                                  0x1000163c   Section        0  printf.o(i.putcp)
    putcp                                    0x1000163d   Thumb Code    10  printf.o(i.putcp)
    i.reassign_memory_ownership              0x10001648   Section        0  k_memory.o(i.reassign_memory_ownership)
    i.scheduler                              0x10001680   Section        0  k_process.o(i.scheduler)
    i.send_time_to_crt                       0x100016c8   Section        0  sysproc_clock.o(i.send_time_to_crt)
    i.serialize_queue_to_dest                0x10001710   Section        0  queue.o(i.serialize_queue_to_dest)
    i.set_prio_proc                          0x10001740   Section        0  sysproc_set_prio.o(i.set_prio_proc)
    i.set_test_procs                         0x10001804   Section        0  ae_proc302.o(i.set_test_procs)
    i.single_element_or_empty                0x10001860   Section        0  queue.o(i.single_element_or_empty)
    i.suc                                    0x10001870   Section        0  circ_buf.o(i.suc)
    i.test_abort                             0x1000187c   Section        0  ae_util.o(i.test_abort)
    i.tfp_format                             0x100018e8   Section        0  printf.o(i.tfp_format)
    i.tfp_printf                             0x100019fc   Section        0  printf.o(i.tfp_printf)
    i.tfp_sprintf                            0x10001a18   Section        0  printf.o(i.tfp_sprintf)
    i.timer0_iproc                           0x10001a3c   Section        0  k_timer.o(i.timer0_iproc)
    i.timer_init                             0x10001aec   Section        0  k_timer.o(i.timer_init)
    i.try_dequeue                            0x10001b2c   Section        0  queue.o(i.try_dequeue)
    i.try_scheduler                          0x10001b40   Section        0  k_process.o(i.try_scheduler)
    i.uart0_iproc                            0x10001b74   Section        0  uart_irq.o(i.uart0_iproc)
    i.uart_init                              0x10001dac   Section        0  uart_polling.o(i.uart_init)
    i.uart_irq_init                          0x10001e0c   Section        0  uart_irq.o(i.uart_irq_init)
    i.uart_put_char                          0x10001e9c   Section        0  uart_polling.o(i.uart_put_char)
    i.uart_put_string                        0x10001ec8   Section        0  uart_polling.o(i.uart_put_string)
    i.ui2a                                   0x10001eea   Section        0  printf.o(i.ui2a)
    ui2a                                     0x10001eeb   Thumb Code    80  printf.o(i.ui2a)
    i.write_pcb_to_dest                      0x10001f3c   Section        0  uart_irq.o(i.write_pcb_to_dest)
    .constdata                               0x10001fcc   Section       10  ae_proc302.o(.constdata)
    .constdata                               0x10001fd6   Section       15  ae_proc302.o(.constdata)
    .conststring                             0x10001fe8   Section      271  uart_irq.o(.conststring)
    .data                                    0x10004000   Section        8  printf.o(.data)
    stdout_putf                              0x10004000   Data           4  printf.o(.data)
    stdout_putp                              0x10004004   Data           4  printf.o(.data)
    .data                                    0x10004008   Section       68  uart_irq.o(.data)
    .data                                    0x1000404c   Section       16  k_memory.o(.data)
    .data                                    0x1000405c   Section        4  k_msg.o(.data)
    .data                                    0x10004060   Section       24  k_process.o(.data)
    .data                                    0x10004078   Section        4  k_process.o(.data)
    .data                                    0x1000407c   Section        8  k_timer.o(.data)
    .bss                                     0x10004084   Section      168  uart_irq.o(.bss)
    .bss                                     0x1000412c   Section      140  sysproc_c.o(.bss)
    .bss                                     0x100041b8   Section      224  k_process.o(.bss)
    .bss                                     0x10004298   Section      132  ae_proc302.o(.bss)
    .bss                                     0x1000431c   Section       16  ae_proc302.o(.bss)
    .bss                                     0x1000432c   Section       96  libspace.o(.bss)
    HEAP                                     0x10004390   Section        0  startup_lpc17xx.o(HEAP)
    STACK                                    0x10004390   Section      512  startup_lpc17xx.o(STACK)
    Heap_Mem                                 0x10004390   Data           0  startup_lpc17xx.o(HEAP)
    Stack_Mem                                0x10004390   Data         512  startup_lpc17xx.o(STACK)
    __initial_sp                             0x10004590   Data           0  startup_lpc17xx.o(STACK)

    Global Symbols

    Symbol Name                              Value     Ov Type        Size  Object(Section)

    BuildAttributes$$THM_ISAv4$P$D$K$B$S$PE$A:L22UL41UL21$X:L11$S22US41US21$IEEE1$IW$USESV6$~STKCKD$USESV7$~SHL$OSPACE$ROPI$EBA8$UX$STANDARDLIB$REQ8$PRES8$EABIv2 0x00000000   Number         0  anon$$obj.o ABSOLUTE
    __ARM_use_no_argv                        0x00000000   Number         0  main_svc.o ABSOLUTE
    __ARM_exceptions_init                     - Undefined Weak Reference
    __alloca_initialize                       - Undefined Weak Reference
    __arm_fini_                               - Undefined Weak Reference
    __arm_preinit_                            - Undefined Weak Reference
    __cpp_initialize__aeabi_                  - Undefined Weak Reference
    __cxa_finalize                            - Undefined Weak Reference
    __rt_locale                               - Undefined Weak Reference
    __sigvec_lookup                           - Undefined Weak Reference
    _atexit_init                              - Undefined Weak Reference
    _call_atexit_fns                          - Undefined Weak Reference
    _clock_init                               - Undefined Weak Reference
    _fp_trap_init                             - Undefined Weak Reference
    _fp_trap_shutdown                         - Undefined Weak Reference
    _get_lc_collate                           - Undefined Weak Reference
    _get_lc_ctype                             - Undefined Weak Reference
    _get_lc_monetary                          - Undefined Weak Reference
    _get_lc_numeric                           - Undefined Weak Reference
    _get_lc_time                              - Undefined Weak Reference
    _getenv_init                              - Undefined Weak Reference
    _handle_redirection                       - Undefined Weak Reference
    _init_alloc                               - Undefined Weak Reference
    _init_user_alloc                          - Undefined Weak Reference
    _initio                                   - Undefined Weak Reference
    _rand_init                                - Undefined Weak Reference
    _signal_finish                            - Undefined Weak Reference
    _signal_init                              - Undefined Weak Reference
    _terminate_alloc                          - Undefined Weak Reference
    _terminate_user_alloc                     - Undefined Weak Reference
    _terminateio                              - Undefined Weak Reference
    __Vectors                                0x10000000   Data           4  startup_lpc17xx.o(RESET)
    __main                                   0x100000cd   Thumb Code     8  __main.o(!!!main)
    __scatterload                            0x100000d5   Thumb Code     0  __scatter.o(!!!scatter)
    __scatterload_rt2                        0x100000d5   Thumb Code    44  __scatter.o(!!!scatter)
    __scatterload_rt2_thumb_only             0x100000d5   Thumb Code     0  __scatter.o(!!!scatter)
    __scatterload_null                       0x100000e3   Thumb Code     0  __scatter.o(!!!scatter)
    __scatterload_copy                       0x10000109   Thumb Code    26  __scatter_copy.o(!!handler_copy)
    __scatterload_zeroinit                   0x10000125   Thumb Code    28  __scatter_zi.o(!!handler_zi)
    __rt_lib_init                            0x10000141   Thumb Code     0  libinit.o(.ARM.Collect$$libinit$$00000000)
    __rt_lib_init_alloca_1                   0x10000143   Thumb Code     0  libinit2.o(.ARM.Collect$$libinit$$0000002E)
    __rt_lib_init_argv_1                     0x10000143   Thumb Code     0  libinit2.o(.ARM.Collect$$libinit$$0000002C)
    __rt_lib_init_atexit_1                   0x10000143   Thumb Code     0  libinit2.o(.ARM.Collect$$libinit$$0000001B)
    __rt_lib_init_clock_1                    0x10000143   Thumb Code     0  libinit2.o(.ARM.Collect$$libinit$$00000021)
    __rt_lib_init_cpp_1                      0x10000143   Thumb Code     0  libinit2.o(.ARM.Collect$$libinit$$00000032)
    __rt_lib_init_exceptions_1               0x10000143   Thumb Code     0  libinit2.o(.ARM.Collect$$libinit$$00000030)
    __rt_lib_init_fp_1                       0x10000143   Thumb Code     0  libinit2.o(.ARM.Collect$$libinit$$00000002)
    __rt_lib_init_fp_trap_1                  0x10000143   Thumb Code     0  libinit2.o(.ARM.Collect$$libinit$$0000001F)
    __rt_lib_init_getenv_1                   0x10000143   Thumb Code     0  libinit2.o(.ARM.Collect$$libinit$$00000023)
    __rt_lib_init_heap_1                     0x10000143   Thumb Code     0  libinit2.o(.ARM.Collect$$libinit$$0000000A)
    __rt_lib_init_lc_collate_1               0x10000143   Thumb Code     0  libinit2.o(.ARM.Collect$$libinit$$00000011)
    __rt_lib_init_lc_ctype_1                 0x10000143   Thumb Code     0  libinit2.o(.ARM.Collect$$libinit$$00000013)
    __rt_lib_init_lc_monetary_1              0x10000143   Thumb Code     0  libinit2.o(.ARM.Collect$$libinit$$00000015)
    __rt_lib_init_lc_numeric_1               0x10000143   Thumb Code     0  libinit2.o(.ARM.Collect$$libinit$$00000017)
    __rt_lib_init_lc_time_1                  0x10000143   Thumb Code     0  libinit2.o(.ARM.Collect$$libinit$$00000019)
    __rt_lib_init_preinit_1                  0x10000143   Thumb Code     0  libinit2.o(.ARM.Collect$$libinit$$00000004)
    __rt_lib_init_rand_1                     0x10000143   Thumb Code     0  libinit2.o(.ARM.Collect$$libinit$$0000000E)
    __rt_lib_init_return                     0x10000143   Thumb Code     0  libinit2.o(.ARM.Collect$$libinit$$00000033)
    __rt_lib_init_signal_1                   0x10000143   Thumb Code     0  libinit2.o(.ARM.Collect$$libinit$$0000001D)
    __rt_lib_init_stdio_1                    0x10000143   Thumb Code     0  libinit2.o(.ARM.Collect$$libinit$$00000025)
    __rt_lib_init_user_alloc_1               0x10000143   Thumb Code     0  libinit2.o(.ARM.Collect$$libinit$$0000000C)
    __rt_lib_shutdown                        0x10000145   Thumb Code     0  libshutdown.o(.ARM.Collect$$libshutdown$$00000000)
    __rt_lib_shutdown_cpp_1                  0x10000147   Thumb Code     0  libshutdown2.o(.ARM.Collect$$libshutdown$$00000004)
    __rt_lib_shutdown_fini_1                 0x10000147   Thumb Code     0  libshutdown2.o(.ARM.Collect$$libshutdown$$00000002)
    __rt_lib_shutdown_fp_trap_1              0x10000147   Thumb Code     0  libshutdown2.o(.ARM.Collect$$libshutdown$$00000009)
    __rt_lib_shutdown_heap_1                 0x10000147   Thumb Code     0  libshutdown2.o(.ARM.Collect$$libshutdown$$00000011)
    __rt_lib_shutdown_return                 0x10000147   Thumb Code     0  libshutdown2.o(.ARM.Collect$$libshutdown$$00000012)
    __rt_lib_shutdown_signal_1               0x10000147   Thumb Code     0  libshutdown2.o(.ARM.Collect$$libshutdown$$0000000C)
    __rt_lib_shutdown_stdio_1                0x10000147   Thumb Code     0  libshutdown2.o(.ARM.Collect$$libshutdown$$00000006)
    __rt_lib_shutdown_user_alloc_1           0x10000147   Thumb Code     0  libshutdown2.o(.ARM.Collect$$libshutdown$$0000000E)
    __rt_entry                               0x10000149   Thumb Code     0  __rtentry.o(.ARM.Collect$$rtentry$$00000000)
    __rt_entry_presh_1                       0x10000149   Thumb Code     0  __rtentry2.o(.ARM.Collect$$rtentry$$00000002)
    __rt_entry_sh                            0x10000149   Thumb Code     0  __rtentry4.o(.ARM.Collect$$rtentry$$00000004)
    __rt_entry_li                            0x1000014f   Thumb Code     0  __rtentry2.o(.ARM.Collect$$rtentry$$0000000A)
    __rt_entry_postsh_1                      0x1000014f   Thumb Code     0  __rtentry2.o(.ARM.Collect$$rtentry$$00000009)
    __rt_entry_main                          0x10000153   Thumb Code     0  __rtentry2.o(.ARM.Collect$$rtentry$$0000000D)
    __rt_entry_postli_1                      0x10000153   Thumb Code     0  __rtentry2.o(.ARM.Collect$$rtentry$$0000000C)
    __rt_exit                                0x1000015b   Thumb Code     0  rtexit.o(.ARM.Collect$$rtexit$$00000000)
    __rt_exit_ls                             0x1000015d   Thumb Code     0  rtexit2.o(.ARM.Collect$$rtexit$$00000003)
    __rt_exit_prels_1                        0x1000015d   Thumb Code     0  rtexit2.o(.ARM.Collect$$rtexit$$00000002)
    __rt_exit_exit                           0x10000161   Thumb Code     0  rtexit2.o(.ARM.Collect$$rtexit$$00000004)
    UART0_IRQHandler                         0x10000169   Thumb Code    64  uart_irq.o(.emb_text)
    __rte                                    0x100001b5   Thumb Code     8  hal.o(.emb_text)
    SVC_Handler                              0x100001bd   Thumb Code    44  hal.o(.emb_text)
    TIMER0_IRQHandler                        0x100001e9   Thumb Code    64  k_timer.o(.emb_text)
    Reset_Handler                            0x10000235   Thumb Code     8  startup_lpc17xx.o(.text)
    NMI_Handler                              0x1000023d   Thumb Code     2  startup_lpc17xx.o(.text)
    MemManage_Handler                        0x10000241   Thumb Code     2  startup_lpc17xx.o(.text)
    BusFault_Handler                         0x10000243   Thumb Code     2  startup_lpc17xx.o(.text)
    UsageFault_Handler                       0x10000245   Thumb Code     2  startup_lpc17xx.o(.text)
    DebugMon_Handler                         0x10000249   Thumb Code     2  startup_lpc17xx.o(.text)
    PendSV_Handler                           0x1000024b   Thumb Code     2  startup_lpc17xx.o(.text)
    SysTick_Handler                          0x1000024d   Thumb Code     2  startup_lpc17xx.o(.text)
    ADC_IRQHandler                           0x1000024f   Thumb Code     0  startup_lpc17xx.o(.text)
    BOD_IRQHandler                           0x1000024f   Thumb Code     0  startup_lpc17xx.o(.text)
    CANActivity_IRQHandler                   0x1000024f   Thumb Code     0  startup_lpc17xx.o(.text)
    CAN_IRQHandler                           0x1000024f   Thumb Code     0  startup_lpc17xx.o(.text)
    DMA_IRQHandler                           0x1000024f   Thumb Code     0  startup_lpc17xx.o(.text)
    EINT0_IRQHandler                         0x1000024f   Thumb Code     0  startup_lpc17xx.o(.text)
    EINT1_IRQHandler                         0x1000024f   Thumb Code     0  startup_lpc17xx.o(.text)
    EINT2_IRQHandler                         0x1000024f   Thumb Code     0  startup_lpc17xx.o(.text)
    EINT3_IRQHandler                         0x1000024f   Thumb Code     0  startup_lpc17xx.o(.text)
    ENET_IRQHandler                          0x1000024f   Thumb Code     0  startup_lpc17xx.o(.text)
    I2C0_IRQHandler                          0x1000024f   Thumb Code     0  startup_lpc17xx.o(.text)
    I2C1_IRQHandler                          0x1000024f   Thumb Code     0  startup_lpc17xx.o(.text)
    I2C2_IRQHandler                          0x1000024f   Thumb Code     0  startup_lpc17xx.o(.text)
    I2S_IRQHandler                           0x1000024f   Thumb Code     0  startup_lpc17xx.o(.text)
    MCPWM_IRQHandler                         0x1000024f   Thumb Code     0  startup_lpc17xx.o(.text)
    PLL0_IRQHandler                          0x1000024f   Thumb Code     0  startup_lpc17xx.o(.text)
    PLL1_IRQHandler                          0x1000024f   Thumb Code     0  startup_lpc17xx.o(.text)
    PWM1_IRQHandler                          0x1000024f   Thumb Code     0  startup_lpc17xx.o(.text)
    QEI_IRQHandler                           0x1000024f   Thumb Code     0  startup_lpc17xx.o(.text)
    RIT_IRQHandler                           0x1000024f   Thumb Code     0  startup_lpc17xx.o(.text)
    RTC_IRQHandler                           0x1000024f   Thumb Code     0  startup_lpc17xx.o(.text)
    SPI_IRQHandler                           0x1000024f   Thumb Code     0  startup_lpc17xx.o(.text)
    SSP0_IRQHandler                          0x1000024f   Thumb Code     0  startup_lpc17xx.o(.text)
    SSP1_IRQHandler                          0x1000024f   Thumb Code     0  startup_lpc17xx.o(.text)
    TIMER1_IRQHandler                        0x1000024f   Thumb Code     0  startup_lpc17xx.o(.text)
    TIMER2_IRQHandler                        0x1000024f   Thumb Code     0  startup_lpc17xx.o(.text)
    TIMER3_IRQHandler                        0x1000024f   Thumb Code     0  startup_lpc17xx.o(.text)
    UART1_IRQHandler                         0x1000024f   Thumb Code     0  startup_lpc17xx.o(.text)
    UART2_IRQHandler                         0x1000024f   Thumb Code     0  startup_lpc17xx.o(.text)
    UART3_IRQHandler                         0x1000024f   Thumb Code     0  startup_lpc17xx.o(.text)
    USBActivity_IRQHandler                   0x1000024f   Thumb Code     0  startup_lpc17xx.o(.text)
    USB_IRQHandler                           0x1000024f   Thumb Code     0  startup_lpc17xx.o(.text)
    WDT_IRQHandler                           0x1000024f   Thumb Code     0  startup_lpc17xx.o(.text)
    __user_initial_stackheap                 0x10000251   Thumb Code     0  startup_lpc17xx.o(.text)
    __use_two_region_memory                  0x10000271   Thumb Code     2  heapauxi.o(.text)
    __rt_heap_escrow$2region                 0x10000273   Thumb Code     2  heapauxi.o(.text)
    __rt_heap_expand$2region                 0x10000275   Thumb Code     2  heapauxi.o(.text)
    __user_setup_stackheap                   0x10000277   Thumb Code    74  sys_stackheap_outer.o(.text)
    exit                                     0x100002c1   Thumb Code    18  exit.o(.text)
    __user_libspace                          0x100002d5   Thumb Code     8  libspace.o(.text)
    __user_perproc_libspace                  0x100002d5   Thumb Code     0  libspace.o(.text)
    __user_perthread_libspace                0x100002d5   Thumb Code     0  libspace.o(.text)
    _sys_exit                                0x100002dd   Thumb Code     8  sys_exit.o(.text)
    __I$use$semihosting                      0x100002e9   Thumb Code     0  use_no_semi.o(.text)
    __use_no_semihosting_swi                 0x100002e9   Thumb Code     2  use_no_semi.o(.text)
    __semihosting_library_function           0x100002eb   Thumb Code     0  indicate_semi.o(.text)
    HardFault_Handler                        0x100002ed   Thumb Code    24  ae_util.o(i.HardFault_Handler)
    SystemInit                               0x1000031d   Thumb Code   172  system_lpc17xx.o(i.SystemInit)
    a_proc                                   0x1000046d   Thumb Code    70  sysproc_a.o(i.a_proc)
    ae_exit                                  0x100004c1   Thumb Code     2  ae.o(i.ae_exit)
    ae_init                                  0x100004c3   Thumb Code    42  ae.o(i.ae_init)
    ae_set_proc_info                         0x100004ed   Thumb Code     4  ae.o(i.ae_set_proc_info)
    ae_timer_init_100MHZ                     0x100004f1   Thumb Code    62  ae_timer.o(i.ae_timer_init_100MHZ)
    alloc_stack                              0x1000053d   Thumb Code    20  k_memory.o(i.alloc_stack)
    b_proc                                   0x10000555   Thumb Code    20  sysproc_b.o(i.b_proc)
    c_proc                                   0x10000571   Thumb Code   100  sysproc_c.o(i.c_proc)
    cb_init                                  0x100005f5   Thumb Code    10  circ_buf.o(i.cb_init)
    cb_is_empty                              0x100005ff   Thumb Code    16  circ_buf.o(i.cb_is_empty)
    cb_pop_front                             0x1000060f   Thumb Code    46  circ_buf.o(i.cb_pop_front)
    cb_push_back                             0x1000063d   Thumb Code    56  circ_buf.o(i.cb_push_back)
    cb_size                                  0x10000675   Thumb Code     6  circ_buf.o(i.cb_size)
    clock_proc                               0x1000067d   Thumb Code   238  sysproc_clock.o(i.clock_proc)
    count_set_bits                           0x10000785   Thumb Code    18  ae_util.o(i.count_set_bits)
    crt_proc                                 0x10000799   Thumb Code    52  sysproc_crt.o(i.crt_proc)
    delete_elt_if                            0x100007dd   Thumb Code   126  queue.o(i.delete_elt_if)
    deliver_error_to_crt                     0x1000085d   Thumb Code    36  sysproc_set_prio.o(i.deliver_error_to_crt)
    dequeue                                  0x100008a1   Thumb Code    70  queue.o(i.dequeue)
    empty                                    0x100008e7   Thumb Code    18  queue.o(i.empty)
    enqueue                                  0x100008f9   Thumb Code    46  queue.o(i.enqueue)
    get_block_index                          0x10000929   Thumb Code    44  k_memory.o(i.get_block_index)
    hibernate                                0x10000959   Thumb Code    52  sysproc_c.o(i.hibernate)
    increment_one_second                     0x100009b3   Thumb Code    48  sysproc_clock.o(i.increment_one_second)
    init_printf                              0x100009e5   Thumb Code     8  printf.o(i.init_printf)
    insert_elt_if                            0x100009f1   Thumb Code    84  queue.o(i.insert_elt_if)
    interrupt_handler                        0x10000a45   Thumb Code    70  k_process.o(i.interrupt_handler)
    k_delayed_send                           0x10000a91   Thumb Code    48  k_msg.o(i.k_delayed_send)
    k_get_process_by_pid                     0x10000ac9   Thumb Code    32  k_process.o(i.k_get_process_by_pid)
    k_get_process_priority                   0x10000aed   Thumb Code    18  k_process.o(i.k_get_process_priority)
    k_receive_message                        0x10000b01   Thumb Code    88  k_msg.o(i.k_receive_message)
    k_receive_message_nb                     0x10000b65   Thumb Code    48  k_msg.o(i.k_receive_message_nb)
    k_release_memory_block                   0x10000b99   Thumb Code   192  k_memory.o(i.k_release_memory_block)
    k_release_processor                      0x10000c69   Thumb Code    88  k_process.o(i.k_release_processor)
    k_request_memory_block                   0x10000cc9   Thumb Code    80  k_memory.o(i.k_request_memory_block)
    k_request_memory_block_nb                0x10000d29   Thumb Code    42  k_memory.o(i.k_request_memory_block_nb)
    k_rtx_init                               0x10000d5d   Thumb Code    32  k_rtx_init.o(i.k_rtx_init)
    k_send_message                           0x10000d7d   Thumb Code    92  k_msg.o(i.k_send_message)
    k_set_process_priority                   0x10000de1   Thumb Code   220  k_process.o(i.k_set_process_priority)
    kcd_proc                                 0x10000ec5   Thumb Code   272  sysproc_kcd.o(i.kcd_proc)
    main                                     0x10001015   Thumb Code    62  main_svc.o(i.main)
    memory_init                              0x10001061   Thumb Code   158  k_memory.o(i.memory_init)
    move_elt_if                              0x10001121   Thumb Code    58  queue.o(i.move_elt_if)
    null_process                             0x1000115b   Thumb Code     2  k_process.o(i.null_process)
    parse_digits_till_space                  0x1000115d   Thumb Code    56  sysproc_set_prio.o(i.parse_digits_till_space)
    parse_two_digits_to_time                 0x10001195   Thumb Code    58  sysproc_clock.o(i.parse_two_digits_to_time)
    partial_sum                              0x100011d1   Thumb Code    44  k_timer.o(i.partial_sum)
    pcb_node_is_pid                          0x10001205   Thumb Code    16  k_process.o(i.pcb_node_is_pid)
    pre_rtx_init                             0x10001215   Thumb Code     4  main_svc.o(i.pre_rtx_init)
    print_results                            0x10001219   Thumb Code   120  ae_util.o(i.print_results)
    print_summary                            0x10001339   Thumb Code    24  ae_util.o(i.print_summary)
    proc1                                    0x10001365   Thumb Code     8  ae_proc302.o(i.proc1)
    proc2                                    0x10001371   Thumb Code     8  ae_proc302.o(i.proc2)
    proc3                                    0x1000137d   Thumb Code     8  ae_proc302.o(i.proc3)
    proc4                                    0x10001389   Thumb Code     8  ae_proc302.o(i.proc4)
    proc5                                    0x10001395   Thumb Code     8  ae_proc302.o(i.proc5)
    proc6                                    0x100013a1   Thumb Code     8  ae_proc302.o(i.proc6)
    process_init                             0x100013ad   Thumb Code   370  k_process.o(i.process_init)
    process_switch                           0x10001549   Thumb Code   104  k_process.o(i.process_switch)
    putc                                     0x100015b5   Thumb Code    18  uart_polling.o(i.putc)
    reassign_memory_ownership                0x10001649   Thumb Code    50  k_memory.o(i.reassign_memory_ownership)
    scheduler                                0x10001681   Thumb Code    68  k_process.o(i.scheduler)
    send_time_to_crt                         0x100016c9   Thumb Code    48  sysproc_clock.o(i.send_time_to_crt)
    serialize_queue_to_dest                  0x10001711   Thumb Code    46  queue.o(i.serialize_queue_to_dest)
    set_prio_proc                            0x10001741   Thumb Code   172  sysproc_set_prio.o(i.set_prio_proc)
    set_test_procs                           0x10001805   Thumb Code    66  ae_proc302.o(i.set_test_procs)
    single_element_or_empty                  0x10001861   Thumb Code    16  queue.o(i.single_element_or_empty)
    suc                                      0x10001871   Thumb Code    12  circ_buf.o(i.suc)
    test_abort                               0x1000187d   Thumb Code    34  ae_util.o(i.test_abort)
    tfp_format                               0x100018e9   Thumb Code   274  printf.o(i.tfp_format)
    tfp_printf                               0x100019fd   Thumb Code    24  printf.o(i.tfp_printf)
    tfp_sprintf                              0x10001a19   Thumb Code    30  printf.o(i.tfp_sprintf)
    timer0_iproc                             0x10001a3d   Thumb Code   162  k_timer.o(i.timer0_iproc)
    timer_init                               0x10001aed   Thumb Code    54  k_timer.o(i.timer_init)
    try_dequeue                              0x10001b2d   Thumb Code    20  queue.o(i.try_dequeue)
    try_scheduler                            0x10001b41   Thumb Code    46  k_process.o(i.try_scheduler)
    uart0_iproc                              0x10001b75   Thumb Code   530  uart_irq.o(i.uart0_iproc)
    uart_init                                0x10001dad   Thumb Code    84  uart_polling.o(i.uart_init)
    uart_irq_init                            0x10001e0d   Thumb Code   132  uart_irq.o(i.uart_irq_init)
    uart_put_char                            0x10001e9d   Thumb Code    34  uart_polling.o(i.uart_put_char)
    uart_put_string                          0x10001ec9   Thumb Code    34  uart_polling.o(i.uart_put_string)
    write_pcb_to_dest                        0x10001f3d   Thumb Code    82  uart_irq.o(i.write_pcb_to_dest)
    PREFIX                                   0x10001fcc   Data          10  ae_proc302.o(.constdata)
    PREFIX_LOG                               0x10001fd6   Data          15  ae_proc302.o(.constdata)
    Region$$Table$$Base                      0x100020f8   Number         0  anon$$obj.o(Region$$Table)
    Region$$Table$$Limit                     0x10002118   Number         0  anon$$obj.o(Region$$Table)
    buffer_char                              0x10004008   Data           4  uart_irq.o(.data)
    ready_queue_name_length                  0x1000400c   Data           4  uart_irq.o(.data)
    blocked_queue_name_length                0x10004010   Data           4  uart_irq.o(.data)
    blocked_receive_queue_name_length        0x10004014   Data           4  uart_irq.o(.data)
    ready_queue_names                        0x10004018   Data          20  uart_irq.o(.data)
    blocked_queue_names                      0x1000402c   Data          16  uart_irq.o(.data)
    blocked_receive_queue_names              0x1000403c   Data          16  uart_irq.o(.data)
    gp_stack                                 0x1000404c   Data           4  k_memory.o(.data)
    mem_block_queue                          0x10004050   Data           4  k_memory.o(.data)
    heap_start                               0x10004054   Data           4  k_memory.o(.data)
    heap_processes                           0x10004058   Data           4  k_memory.o(.data)
    delay_queue                              0x1000405c   Data           4  k_msg.o(.data)
    gp_current_process                       0x10004060   Data           4  k_process.o(.data)
    gp_pcb_timer_iproc                       0x10004064   Data           4  k_process.o(.data)
    gp_pcb_uart_iproc                        0x10004068   Data           4  k_process.o(.data)
    gp_pcbs                                  0x1000406c   Data           4  k_process.o(.data)
    ready_queues                             0x10004070   Data           4  k_process.o(.data)
    blocked_queues                           0x10004074   Data           4  k_process.o(.data)
    gp_pcb_interrupted                       0x10004078   Data           4  k_process.o(.data)
    g_timer_count                            0x1000407c   Data           4  k_timer.o(.data)
    delay_sum                                0x10004080   Data           4  k_timer.o(.data)
    buffer                                   0x10004084   Data         128  uart_irq.o(.bss)
    blocked_on_receive_queues                0x10004104   Data          40  uart_irq.o(.bss)
    local_message_queue                      0x1000412c   Data         140  sysproc_c.o(.bss)
    g_proc_table                             0x100041b8   Data         224  k_process.o(.bss)
    g_ae_xtest                               0x10004298   Data         132  ae_proc302.o(.bss)
    g_ae_cases                               0x1000431c   Data          16  ae_proc302.o(.bss)
    __libspace_start                         0x1000432c   Data          96  libspace.o(.bss)
    __temporary_stack_top$libspace           0x1000438c   Data           0  libspace.o(.bss)
    Image$$RW_IRAM1$$ZI$$Limit               0x10004590   Number         0  anon$$obj.o ABSOLUTE



==============================================================================

Memory Map of the image

  Image Entry point : 0x100000cd

  Load Region LR_IROM1 (Base: 0x10000000, Size: 0x0000219c, Max: 0x00004000, ABSOLUTE)

    Execution Region ER_IROM1 (Exec base: 0x10000000, Load base: 0x10000000, Size: 0x00002118, Max: 0x00004000, ABSOLUTE)

    Exec Addr    Load Addr    Size         Type   Attr      Idx    E Section Name        Object

    0x10000000   0x10000000   0x000000cc   Data   RO         1166    RESET               startup_lpc17xx.o
    0x100000cc   0x100000cc   0x00000008   Code   RO         1213  * !!!main             c_w.l(__main.o)
    0x100000d4   0x100000d4   0x00000034   Code   RO         1382    !!!scatter          c_w.l(__scatter.o)
    0x10000108   0x10000108   0x0000001a   Code   RO         1384    !!handler_copy      c_w.l(__scatter_copy.o)
    0x10000122   0x10000122   0x00000002   PAD
    0x10000124   0x10000124   0x0000001c   Code   RO         1386    !!handler_zi        c_w.l(__scatter_zi.o)
    0x10000140   0x10000140   0x00000002   Code   RO         1250    .ARM.Collect$$libinit$$00000000  c_w.l(libinit.o)
    0x10000142   0x10000142   0x00000000   Code   RO         1263    .ARM.Collect$$libinit$$00000002  c_w.l(libinit2.o)
    0x10000142   0x10000142   0x00000000   Code   RO         1265    .ARM.Collect$$libinit$$00000004  c_w.l(libinit2.o)
    0x10000142   0x10000142   0x00000000   Code   RO         1268    .ARM.Collect$$libinit$$0000000A  c_w.l(libinit2.o)
    0x10000142   0x10000142   0x00000000   Code   RO         1270    .ARM.Collect$$libinit$$0000000C  c_w.l(libinit2.o)
    0x10000142   0x10000142   0x00000000   Code   RO         1272    .ARM.Collect$$libinit$$0000000E  c_w.l(libinit2.o)
    0x10000142   0x10000142   0x00000000   Code   RO         1275    .ARM.Collect$$libinit$$00000011  c_w.l(libinit2.o)
    0x10000142   0x10000142   0x00000000   Code   RO         1277    .ARM.Collect$$libinit$$00000013  c_w.l(libinit2.o)
    0x10000142   0x10000142   0x00000000   Code   RO         1279    .ARM.Collect$$libinit$$00000015  c_w.l(libinit2.o)
    0x10000142   0x10000142   0x00000000   Code   RO         1281    .ARM.Collect$$libinit$$00000017  c_w.l(libinit2.o)
    0x10000142   0x10000142   0x00000000   Code   RO         1283    .ARM.Collect$$libinit$$00000019  c_w.l(libinit2.o)
    0x10000142   0x10000142   0x00000000   Code   RO         1285    .ARM.Collect$$libinit$$0000001B  c_w.l(libinit2.o)
    0x10000142   0x10000142   0x00000000   Code   RO         1287    .ARM.Collect$$libinit$$0000001D  c_w.l(libinit2.o)
    0x10000142   0x10000142   0x00000000   Code   RO         1289    .ARM.Collect$$libinit$$0000001F  c_w.l(libinit2.o)
    0x10000142   0x10000142   0x00000000   Code   RO         1291    .ARM.Collect$$libinit$$00000021  c_w.l(libinit2.o)
    0x10000142   0x10000142   0x00000000   Code   RO         1293    .ARM.Collect$$libinit$$00000023  c_w.l(libinit2.o)
    0x10000142   0x10000142   0x00000000   Code   RO         1295    .ARM.Collect$$libinit$$00000025  c_w.l(libinit2.o)
    0x10000142   0x10000142   0x00000000   Code   RO         1299    .ARM.Collect$$libinit$$0000002C  c_w.l(libinit2.o)
    0x10000142   0x10000142   0x00000000   Code   RO         1301    .ARM.Collect$$libinit$$0000002E  c_w.l(libinit2.o)
    0x10000142   0x10000142   0x00000000   Code   RO         1303    .ARM.Collect$$libinit$$00000030  c_w.l(libinit2.o)
    0x10000142   0x10000142   0x00000000   Code   RO         1305    .ARM.Collect$$libinit$$00000032  c_w.l(libinit2.o)
    0x10000142   0x10000142   0x00000002   Code   RO         1306    .ARM.Collect$$libinit$$00000033  c_w.l(libinit2.o)
    0x10000144   0x10000144   0x00000002   Code   RO         1337    .ARM.Collect$$libshutdown$$00000000  c_w.l(libshutdown.o)
    0x10000146   0x10000146   0x00000000   Code   RO         1363    .ARM.Collect$$libshutdown$$00000002  c_w.l(libshutdown2.o)
    0x10000146   0x10000146   0x00000000   Code   RO         1365    .ARM.Collect$$libshutdown$$00000004  c_w.l(libshutdown2.o)
    0x10000146   0x10000146   0x00000000   Code   RO         1367    .ARM.Collect$$libshutdown$$00000006  c_w.l(libshutdown2.o)
    0x10000146   0x10000146   0x00000000   Code   RO         1370    .ARM.Collect$$libshutdown$$00000009  c_w.l(libshutdown2.o)
    0x10000146   0x10000146   0x00000000   Code   RO         1373    .ARM.Collect$$libshutdown$$0000000C  c_w.l(libshutdown2.o)
    0x10000146   0x10000146   0x00000000   Code   RO         1375    .ARM.Collect$$libshutdown$$0000000E  c_w.l(libshutdown2.o)
    0x10000146   0x10000146   0x00000000   Code   RO         1378    .ARM.Collect$$libshutdown$$00000011  c_w.l(libshutdown2.o)
    0x10000146   0x10000146   0x00000002   Code   RO         1379    .ARM.Collect$$libshutdown$$00000012  c_w.l(libshutdown2.o)
    0x10000148   0x10000148   0x00000000   Code   RO         1215    .ARM.Collect$$rtentry$$00000000  c_w.l(__rtentry.o)
    0x10000148   0x10000148   0x00000000   Code   RO         1221    .ARM.Collect$$rtentry$$00000002  c_w.l(__rtentry2.o)
    0x10000148   0x10000148   0x00000006   Code   RO         1233    .ARM.Collect$$rtentry$$00000004  c_w.l(__rtentry4.o)
    0x1000014e   0x1000014e   0x00000000   Code   RO         1223    .ARM.Collect$$rtentry$$00000009  c_w.l(__rtentry2.o)
    0x1000014e   0x1000014e   0x00000004   Code   RO         1224    .ARM.Collect$$rtentry$$0000000A  c_w.l(__rtentry2.o)
    0x10000152   0x10000152   0x00000000   Code   RO         1226    .ARM.Collect$$rtentry$$0000000C  c_w.l(__rtentry2.o)
    0x10000152   0x10000152   0x00000008   Code   RO         1227    .ARM.Collect$$rtentry$$0000000D  c_w.l(__rtentry2.o)
    0x1000015a   0x1000015a   0x00000002   Code   RO         1254    .ARM.Collect$$rtexit$$00000000  c_w.l(rtexit.o)
    0x1000015c   0x1000015c   0x00000000   Code   RO         1310    .ARM.Collect$$rtexit$$00000002  c_w.l(rtexit2.o)
    0x1000015c   0x1000015c   0x00000004   Code   RO         1311    .ARM.Collect$$rtexit$$00000003  c_w.l(rtexit2.o)
    0x10000160   0x10000160   0x00000006   Code   RO         1312    .ARM.Collect$$rtexit$$00000004  c_w.l(rtexit2.o)
    0x10000166   0x10000166   0x00000002   PAD
    0x10000168   0x10000168   0x0000004c   Code   RO          209    .emb_text           uart_irq.o
    0x100001b4   0x100001b4   0x00000034   Code   RO          466    .emb_text           hal.o
    0x100001e8   0x100001e8   0x0000004c   Code   RO          827    .emb_text           k_timer.o
    0x10000234   0x10000234   0x0000003c   Code   RO         1167    .text               startup_lpc17xx.o
    0x10000270   0x10000270   0x00000006   Code   RO         1211    .text               c_w.l(heapauxi.o)
    0x10000276   0x10000276   0x0000004a   Code   RO         1237    .text               c_w.l(sys_stackheap_outer.o)
    0x100002c0   0x100002c0   0x00000012   Code   RO         1239    .text               c_w.l(exit.o)
    0x100002d2   0x100002d2   0x00000002   PAD
    0x100002d4   0x100002d4   0x00000008   Code   RO         1251    .text               c_w.l(libspace.o)
    0x100002dc   0x100002dc   0x0000000c   Code   RO         1307    .text               c_w.l(sys_exit.o)
    0x100002e8   0x100002e8   0x00000002   Code   RO         1326    .text               c_w.l(use_no_semi.o)
    0x100002ea   0x100002ea   0x00000000   Code   RO         1328    .text               c_w.l(indicate_semi.o)
    0x100002ea   0x100002ea   0x00000002   PAD
    0x100002ec   0x100002ec   0x00000030   Code   RO          978    i.HardFault_Handler  ae_util.o
    0x1000031c   0x1000031c   0x000000b8   Code   RO         1175    i.SystemInit        system_lpc17xx.o
    0x100003d4   0x100003d4   0x0000001a   Code   RO          210    i.__NVIC_EnableIRQ  uart_irq.o
    0x100003ee   0x100003ee   0x00000020   Code   RO          211    i.__NVIC_SetPriority  uart_irq.o
    0x1000040e   0x1000040e   0x0000002a   Code   RO          144    i.a2d               printf.o
    0x10000438   0x10000438   0x00000034   Code   RO          145    i.a2i               printf.o
    0x1000046c   0x1000046c   0x00000054   Code   RO          283    i.a_proc            sysproc_a.o
    0x100004c0   0x100004c0   0x00000002   Code   RO          942    i.ae_exit           ae.o
    0x100004c2   0x100004c2   0x0000002a   Code   RO          943    i.ae_init           ae.o
    0x100004ec   0x100004ec   0x00000004   Code   RO          944    i.ae_set_proc_info  ae.o
    0x100004f0   0x100004f0   0x0000004c   Code   RO         1059    i.ae_timer_init_100MHZ  ae_timer.o
    0x1000053c   0x1000053c   0x00000018   Code   RO          476    i.alloc_stack       k_memory.o
    0x10000554   0x10000554   0x0000001c   Code   RO          304    i.b_proc            sysproc_b.o
    0x10000570   0x10000570   0x00000084   Code   RO          319    i.c_proc            sysproc_c.o
    0x100005f4   0x100005f4   0x0000000a   Code   RO          867    i.cb_init           circ_buf.o
    0x100005fe   0x100005fe   0x00000010   Code   RO          868    i.cb_is_empty       circ_buf.o
    0x1000060e   0x1000060e   0x0000002e   Code   RO          872    i.cb_pop_front      circ_buf.o
    0x1000063c   0x1000063c   0x00000038   Code   RO          873    i.cb_push_back      circ_buf.o
    0x10000674   0x10000674   0x00000006   Code   RO          875    i.cb_size           circ_buf.o
    0x1000067a   0x1000067a   0x00000002   PAD
    0x1000067c   0x1000067c   0x00000108   Code   RO          352    i.clock_proc        sysproc_clock.o
    0x10000784   0x10000784   0x00000012   Code   RO          979    i.count_set_bits    ae_util.o
    0x10000796   0x10000796   0x00000002   PAD
    0x10000798   0x10000798   0x00000044   Code   RO          388    i.crt_proc          sysproc_crt.o
    0x100007dc   0x100007dc   0x0000007e   Code   RO          725    i.delete_elt_if     queue.o
    0x1000085a   0x1000085a   0x00000002   PAD
    0x1000085c   0x1000085c   0x00000044   Code   RO          430    i.deliver_error_to_crt  sysproc_set_prio.o
    0x100008a0   0x100008a0   0x00000046   Code   RO          726    i.dequeue           queue.o
    0x100008e6   0x100008e6   0x00000012   Code   RO          727    i.empty             queue.o
    0x100008f8   0x100008f8   0x0000002e   Code   RO          728    i.enqueue           queue.o
    0x10000926   0x10000926   0x00000002   PAD
    0x10000928   0x10000928   0x00000030   Code   RO          477    i.get_block_index   k_memory.o
    0x10000958   0x10000958   0x00000044   Code   RO          321    i.hibernate         sysproc_c.o
    0x1000099c   0x1000099c   0x00000016   Code   RO          146    i.i2a               printf.o
    0x100009b2   0x100009b2   0x00000030   Code   RO          353    i.increment_one_second  sysproc_clock.o
    0x100009e2   0x100009e2   0x00000002   PAD
    0x100009e4   0x100009e4   0x0000000c   Code   RO          147    i.init_printf       printf.o
    0x100009f0   0x100009f0   0x00000054   Code   RO          730    i.insert_elt_if     queue.o
    0x10000a44   0x10000a44   0x0000004c   Code   RO          600    i.interrupt_handler  k_process.o
    0x10000a90   0x10000a90   0x00000038   Code   RO          552    i.k_delayed_send    k_msg.o
    0x10000ac8   0x10000ac8   0x00000024   Code   RO          601    i.k_get_process_by_pid  k_process.o
    0x10000aec   0x10000aec   0x00000012   Code   RO          602    i.k_get_process_priority  k_process.o
    0x10000afe   0x10000afe   0x00000002   PAD
    0x10000b00   0x10000b00   0x00000064   Code   RO          553    i.k_receive_message  k_msg.o
    0x10000b64   0x10000b64   0x00000034   Code   RO          554    i.k_receive_message_nb  k_msg.o
    0x10000b98   0x10000b98   0x000000d0   Code   RO          478    i.k_release_memory_block  k_memory.o
    0x10000c68   0x10000c68   0x00000060   Code   RO          603    i.k_release_processor  k_process.o
    0x10000cc8   0x10000cc8   0x00000060   Code   RO          479    i.k_request_memory_block  k_memory.o
    0x10000d28   0x10000d28   0x00000034   Code   RO          480    i.k_request_memory_block_nb  k_memory.o
    0x10000d5c   0x10000d5c   0x00000020   Code   RO          704    i.k_rtx_init        k_rtx_init.o
    0x10000d7c   0x10000d7c   0x00000064   Code   RO          555    i.k_send_message    k_msg.o
    0x10000de0   0x10000de0   0x000000e4   Code   RO          604    i.k_set_process_priority  k_process.o
    0x10000ec4   0x10000ec4   0x00000150   Code   RO          412    i.kcd_proc          sysproc_kcd.o
    0x10001014   0x10001014   0x0000004c   Code   RO            4    i.main              main_svc.o
    0x10001060   0x10001060   0x000000c0   Code   RO          481    i.memory_init       k_memory.o
    0x10001120   0x10001120   0x0000003a   Code   RO          731    i.move_elt_if       queue.o
    0x1000115a   0x1000115a   0x00000002   Code   RO          605    i.null_process      k_process.o
    0x1000115c   0x1000115c   0x00000038   Code   RO          431    i.parse_digits_till_space  sysproc_set_prio.o
    0x10001194   0x10001194   0x0000003a   Code   RO          354    i.parse_two_digits_to_time  sysproc_clock.o
    0x100011ce   0x100011ce   0x00000002   PAD
    0x100011d0   0x100011d0   0x00000034   Code   RO          828    i.partial_sum       k_timer.o
    0x10001204   0x10001204   0x00000010   Code   RO          606    i.pcb_node_is_pid   k_process.o
    0x10001214   0x10001214   0x00000004   Code   RO            5    i.pre_rtx_init      main_svc.o
    0x10001218   0x10001218   0x00000120   Code   RO          981    i.print_results     ae_util.o
    0x10001338   0x10001338   0x0000002c   Code   RO          982    i.print_summary     ae_util.o
    0x10001364   0x10001364   0x0000000c   Code   RO         1093    i.proc1             ae_proc302.o
    0x10001370   0x10001370   0x0000000c   Code   RO         1094    i.proc2             ae_proc302.o
    0x1000137c   0x1000137c   0x0000000c   Code   RO         1095    i.proc3             ae_proc302.o
    0x10001388   0x10001388   0x0000000c   Code   RO         1096    i.proc4             ae_proc302.o
    0x10001394   0x10001394   0x0000000c   Code   RO         1097    i.proc5             ae_proc302.o
    0x100013a0   0x100013a0   0x0000000c   Code   RO         1098    i.proc6             ae_proc302.o
    0x100013ac   0x100013ac   0x0000019c   Code   RO          607    i.process_init      k_process.o
    0x10001548   0x10001548   0x0000006c   Code   RO          608    i.process_switch    k_process.o
    0x100015b4   0x100015b4   0x0000003c   Code   RO           96    i.putc              uart_polling.o
    0x100015f0   0x100015f0   0x0000004c   Code   RO          148    i.putchw            printf.o
    0x1000163c   0x1000163c   0x0000000a   Code   RO          149    i.putcp             printf.o
    0x10001646   0x10001646   0x00000002   PAD
    0x10001648   0x10001648   0x00000038   Code   RO          482    i.reassign_memory_ownership  k_memory.o
    0x10001680   0x10001680   0x00000048   Code   RO          609    i.scheduler         k_process.o
    0x100016c8   0x100016c8   0x00000048   Code   RO          355    i.send_time_to_crt  sysproc_clock.o
    0x10001710   0x10001710   0x0000002e   Code   RO          732    i.serialize_queue_to_dest  queue.o
    0x1000173e   0x1000173e   0x00000002   PAD
    0x10001740   0x10001740   0x000000c4   Code   RO          432    i.set_prio_proc     sysproc_set_prio.o
    0x10001804   0x10001804   0x0000005c   Code   RO         1099    i.set_test_procs    ae_proc302.o
    0x10001860   0x10001860   0x00000010   Code   RO          733    i.single_element_or_empty  queue.o
    0x10001870   0x10001870   0x0000000c   Code   RO          877    i.suc               circ_buf.o
    0x1000187c   0x1000187c   0x0000006c   Code   RO          985    i.test_abort        ae_util.o
    0x100018e8   0x100018e8   0x00000112   Code   RO          150    i.tfp_format        printf.o
    0x100019fa   0x100019fa   0x00000002   PAD
    0x100019fc   0x100019fc   0x0000001c   Code   RO          151    i.tfp_printf        printf.o
    0x10001a18   0x10001a18   0x00000024   Code   RO          152    i.tfp_sprintf       printf.o
    0x10001a3c   0x10001a3c   0x000000b0   Code   RO          829    i.timer0_iproc      k_timer.o
    0x10001aec   0x10001aec   0x00000040   Code   RO          830    i.timer_init        k_timer.o
    0x10001b2c   0x10001b2c   0x00000014   Code   RO          734    i.try_dequeue       queue.o
    0x10001b40   0x10001b40   0x00000034   Code   RO          610    i.try_scheduler     k_process.o
    0x10001b74   0x10001b74   0x00000238   Code   RO          212    i.uart0_iproc       uart_irq.o
    0x10001dac   0x10001dac   0x00000060   Code   RO           98    i.uart_init         uart_polling.o
    0x10001e0c   0x10001e0c   0x00000090   Code   RO          213    i.uart_irq_init     uart_irq.o
    0x10001e9c   0x10001e9c   0x0000002c   Code   RO           99    i.uart_put_char     uart_polling.o
    0x10001ec8   0x10001ec8   0x00000022   Code   RO          100    i.uart_put_string   uart_polling.o
    0x10001eea   0x10001eea   0x00000050   Code   RO          153    i.ui2a              printf.o
    0x10001f3a   0x10001f3a   0x00000002   PAD
    0x10001f3c   0x10001f3c   0x00000090   Code   RO          214    i.write_pcb_to_dest  uart_irq.o
    0x10001fcc   0x10001fcc   0x0000000a   Data   RO         1103    .constdata          ae_proc302.o
    0x10001fd6   0x10001fd6   0x0000000f   Data   RO         1104    .constdata          ae_proc302.o
    0x10001fe5   0x10001fe5   0x00000003   PAD
    0x10001fe8   0x10001fe8   0x0000010f   Data   RO          216    .conststring        uart_irq.o
    0x100020f7   0x100020f7   0x00000001   PAD
    0x100020f8   0x100020f8   0x00000020   Data   RO         1380    Region$$Table       anon$$obj.o


    Execution Region RW_IRAM1 (Exec base: 0x10004000, Load base: 0x10002118, Size: 0x00000590, Max: 0x00004000, ABSOLUTE)

    Exec Addr    Load Addr    Size         Type   Attr      Idx    E Section Name        Object

    0x10004000   0x10002118   0x00000008   Data   RW          154    .data               printf.o
    0x10004008   0x10002120   0x00000044   Data   RW          217    .data               uart_irq.o
    0x1000404c   0x10002164   0x00000010   Data   RW          483    .data               k_memory.o
    0x1000405c   0x10002174   0x00000004   Data   RW          556    .data               k_msg.o
    0x10004060   0x10002178   0x00000018   Data   RW          612    .data               k_process.o
    0x10004078   0x10002190   0x00000004   Data   RW          615    .data               k_process.o
    0x1000407c   0x10002194   0x00000008   Data   RW          831    .data               k_timer.o
    0x10004084        -       0x000000a8   Zero   RW          215    .bss                uart_irq.o
    0x1000412c        -       0x0000008c   Zero   RW          322    .bss                sysproc_c.o
    0x100041b8        -       0x000000e0   Zero   RW          611    .bss                k_process.o
    0x10004298        -       0x00000084   Zero   RW         1100    .bss                ae_proc302.o
    0x1000431c        -       0x00000010   Zero   RW         1101    .bss                ae_proc302.o
    0x1000432c        -       0x00000060   Zero   RW         1252    .bss                c_w.l(libspace.o)
    0x1000438c   0x1000219c   0x00000004   PAD
    0x10004390        -       0x00000000   Zero   RW         1165    HEAP                startup_lpc17xx.o
    0x10004390        -       0x00000200   Zero   RW         1164    STACK               startup_lpc17xx.o


==============================================================================

Image component sizes


      Code (inc. data)   RO Data    RW Data    ZI Data      Debug   Object Name

        48          0          0          0          0       1715   ae.o
       164         50         25          0        148       4231   ae_proc302.o
        76         14          0          0          0        835   ae_timer.o
       506        286          0          0          0       3408   ae_util.o
       146          0          0          0          0       3262   circ_buf.o
        52          0          0          0          0        348   hal.o
       676         90          0         16          0       6826   k_memory.o
       308         32          0          4          0       3091   k_msg.o
      1116         82          0         28        224      13558   k_process.o
        32          0          0          0          0        781   k_rtx_init.o
       368         44          0          8          0       3008   k_timer.o
        80         14          0          0          0      24522   main_svc.o
       632         14          0          8          0       6250   printf.o
       484          0          0          0          0       6508   queue.o
        60         22        204          0        512        784   startup_lpc17xx.o
        84         14          0          0          0        769   sysproc_a.o
        28          8          0          0          0        673   sysproc_b.o
       200         48          0          0        140       2115   sysproc_c.o
       442         50          0          0          0       2918   sysproc_clock.o
        68         16          0          0          0        887   sysproc_crt.o
       336         64          0          0          0       1435   sysproc_kcd.o
       320         56          0          0          0       2305   sysproc_set_prio.o
       184         12          0          0          0        573   system_lpc17xx.o
       990        140        271         68        168      33240   uart_irq.o
       234         64          0          0          0       2673   uart_polling.o

    ----------------------------------------------------------------------
      7656       1120        536        132       1192     126715   Object Totals
         0          0         32          0          0          0   (incl. Generated)
        22          0          4          0          0          0   (incl. Padding)

    ----------------------------------------------------------------------

      Code (inc. data)   RO Data    RW Data    ZI Data      Debug   Library Member Name

         8          0          0          0          0         68   __main.o
         0          0          0          0          0          0   __rtentry.o
        12          0          0          0          0          0   __rtentry2.o
         6          0          0          0          0          0   __rtentry4.o
        52          8          0          0          0          0   __scatter.o
        26          0          0          0          0          0   __scatter_copy.o
        28          0          0          0          0          0   __scatter_zi.o
        18          0          0          0          0         80   exit.o
         6          0          0          0          0        152   heapauxi.o
         0          0          0          0          0          0   indicate_semi.o
         2          0          0          0          0          0   libinit.o
         2          0          0          0          0          0   libinit2.o
         2          0          0          0          0          0   libshutdown.o
         2          0          0          0          0          0   libshutdown2.o
         8          4          0          0         96         68   libspace.o
         2          0          0          0          0          0   rtexit.o
        10          0          0          0          0          0   rtexit2.o
        12          4          0          0          0         68   sys_exit.o
        74          0          0          0          0         80   sys_stackheap_outer.o
         2          0          0          0          0         68   use_no_semi.o

    ----------------------------------------------------------------------
       280         16          0          0        100        584   Library Totals
         8          0          0          0          4          0   (incl. Padding)

    ----------------------------------------------------------------------

      Code (inc. data)   RO Data    RW Data    ZI Data      Debug   Library Name

       272         16          0          0         96        584   c_w.l

    ----------------------------------------------------------------------
       280         16          0          0        100        584   Library Totals

    ----------------------------------------------------------------------

==============================================================================


      Code (inc. data)   RO Data    RW Data    ZI Data      Debug   

      7936       1136        536        132       1292     122459   Grand Totals
      7936       1136        536        132       1292     122459   ELF Image Totals
      7936       1136        536        132          0          0   ROM Totals

==============================================================================

    Total RO  Size (Code + RO Data)                 8472 (   8.27kB)
    Total RW  Size (RW Data + ZI Data)              1424 (   1.39kB)
    Total ROM Size (Code + RO Data + RW Data)       8604 (   8.40kB)

==============================================================================

